================================================================
== Design Size Report
================================================================

* Total Instructions per Compilation Phase
+---------------+-----------------------------+--------------+----------------------------------------------------------------------------------------+
| Phase         | Step                        | Instructions | Description                                                                            |
+---------------+-----------------------------+--------------+----------------------------------------------------------------------------------------+
| Compile/Link  |                             |   7,609      | After all functions are compiled and linked into a single design                       |
|               |                             |              |                                                                                        |
| Unroll/Inline |                             |              | After user unroll and inline pragmas are applied                                       |
|               | (1) unroll                  | 249,855 *    | user unroll pragmas are applied                                                        |
|               | (2) simplification          |  76,763      | simplification of applied user unroll pragmas                                          |
|               | (3) inline                  |  76,476      | user inline pragmas are applied                                                        |
|               | (4) simplification          |  75,993      | simplification of applied user inline pragmas                                          |
|               |                             |              |                                                                                        |
| Array/Struct  |                             |              | After user array partition and struct aggregate/disaggregate pragmas are applied       |
|               | (1) array partition         |  28,644      | user array partition pragmas are applied                                               |
|               | (2) simplification          |  16,013      | simplification of applied user array partition & struct aggregate/disaggregate pragmas |
|               | (3) aggregate/disaggregate  |  16,013      | user struct aggregate/disaggregate pragmas are applied                                 |
|               | (4) array reshape           |  16,045      | apply array reshape pragmas                                                            |
|               | (5) access patterns         |  15,997      | array access pattern optmizations                                                      |
|               |                             |              |                                                                                        |
| Performance   |                             |              | After transformations are applied to meet performance pragma targets                   |
|               | (1) loop simplification     |  15,997      | loop and instruction simplification                                                    |
|               | (2) parallelization         |  15,805      | loops are unrolled or pipelined to meet performance targets                            |
|               | (3) array partition         |  15,611      | arrays are partitioned to meet performance targets                                     |
|               | (4) simplification          |  15,611      | simplification of design after performance transformations                             |
|               |                             |              |                                                                                        |
| HW Transforms |                             |              | After hardware transfomations                                                          |
|               | (1) lowering                |  15,617      | initial conversion to HW specific instructions                                         |
|               | (2) optimizations           |  15,627      | high level synthesis optimizations                                                     |
+---------------+-----------------------------+--------------+----------------------------------------------------------------------------------------+
    * - Exceeded design size warning message threshold

* Instructions per Function for each Compilation Phase
+----------------------------------------+-------------------------+----------------+------------------+------------------+-------------+---------------+
| Function                               | Location                | Compile/Link   | Unroll/Inline    | Array/Struct     | Performance | HW Transforms |
+----------------------------------------+-------------------------+----------------+------------------+------------------+-------------+---------------+
| + myproject                            | myproject.cpp:7         | 7,609          | 75,993           | 15,997           | 15,611      | 15,627        |
|  + dense<ap_fixed<16, 6, AP_TRN...     | nnet_dense.h:41         |  535           |                  |                  |             |               |
|   + dense                              | nnet_dense.h:50         |  533           |                  |                  |             |               |
|    + dense_latency<ap_fixed<16, 6...   | nnet_dense_latency.h:13 |  531           |                  |                  |             |               |
|       product                          | nnet_mult.h:70          |  137           |                  |                  |             |               |
|       cast<ap_fixed<16, 6, AP_TRN,...  | nnet_mult.h:110         |    3           |                  |                  |             |               |
|    relu<ap_fixed<16, 6, AP_TRN,...     | nnet_activation.h:39    |  177           |   575            |   449            |   385       |   386         |
|  + dense<ap_fixed<16, 6, AP_TRN...     | nnet_dense.h:41         |  535           |                  |                  |             |               |
|   + dense                              | nnet_dense.h:50         |  533           |                  |                  |             |               |
|    + dense_latency<ap_fixed<16, 6...   | nnet_dense_latency.h:13 |  531           |                  |                  |             |               |
|       product                          | nnet_mult.h:70          |  137           |                  |                  |             |               |
|       cast<ap_fixed<16, 6, AP_TRN,...  | nnet_mult.h:110         |    3           |                  |                  |             |               |
|    relu<ap_fixed<16, 6, AP_TRN,...     | nnet_activation.h:39    |  177           |   287            |   225            |   193       |   194         |
|  + dense<ap_fixed<16, 6, AP_TRN...     | nnet_dense.h:41         |  535           |                  |                  |             |               |
|   + dense                              | nnet_dense.h:50         |  533           |                  |                  |             |               |
|    + dense_latency<ap_fixed<16, 6...   | nnet_dense_latency.h:13 |  531           |                  |                  |             |               |
|       product                          | nnet_mult.h:70          |  137           |                  |                  |             |               |
|       cast<ap_fixed<16, 6, AP_TRN,...  | nnet_mult.h:110         |    3           |                  |                  |             |               |
|    relu<ap_fixed<16, 6, AP_TRN,...     | nnet_activation.h:39    |  177           |   287            |   225            |   193       |   194         |
|  + dense<ap_fixed<16, 6, AP_TRN...     | nnet_dense.h:41         |  535           |                  |                  |             |               |
|   + dense                              | nnet_dense.h:50         |  533           |                  |                  |             |               |
|    + dense_latency<ap_fixed<16, 6...   | nnet_dense_latency.h:13 |  531           |                  |                  |             |               |
|       product                          | nnet_mult.h:70          |  137           |                  |                  |             |               |
|       cast<ap_fixed<16, 6, AP_TRN,...  | nnet_mult.h:110         |    3           |                  |                  |             |               |
|  + softmax<ap_fixed<16, 6, AP_T...     | nnet_activation.h:381   | 4,869          |                  |                  |             |               |
|   + softmax_stable<ap_fixed<16, ...    | nnet_activation.h:220   | 4,867          |                  |                  |             |               |
|    + init_exp_table<ap_ufixed<15,...   | nnet_activation.h:149   | 1,197          |                  |                  |             |               |
|       softmax_real_val_from_idx<ap...  | nnet_activation.h:133   |  441           |                  |                  |             |               |
|       exp_fcn_float                    | nnet_activation.h:131   |    4           |                  |                  |             |               |
|    + init_invert_table<ap_fixed<1...   | nnet_activation.h:165   | 1,447          |                  |                  |             |               |
|       softmax_real_val_from_idx<ap...  | nnet_activation.h:133   |  700           |                  |                  |             |               |
|    + reduce<ap_fixed<16, 6, AP_TR...   | nnet_common.h:37        |  122           |                  |                  |             |               |
|     + reduce<ap_fixed<16, 6, AP_TR...  | nnet_common.h:37        |   89           |                  |                  |             |               |
|      + reduce<ap_fixed<16, 6, AP_TR... | nnet_common.h:37        |   60 (2 calls) |                  |                  |             |               |
|         operator()                     | nnet_common.h:66        |   40 (2 calls) |                  |                  |             |               |
|        operator()                      | nnet_common.h:66        |   20           |                  |                  |             |               |
|       reduce<ap_fixed<16, 6, AP_TR...  | nnet_common.h:37        |    4           |                  |                  |             |               |
|       operator()                       | nnet_common.h:66        |   20           |                  |                  |             |               |
|      softmax_idx_from_real_val<ap...   | nnet_activation.h:141   |   98           |                  |                  |             |               |
|    + reduce<ap_fixed<16, 6, AP_TR...   | nnet_common.h:37        |  938           |                  |                  |             |               |
|     + reduce<ap_fixed<16, 6, AP_TR...  | nnet_common.h:37        |  701           |                  |                  |             |               |
|      + reduce<ap_fixed<16, 6, AP_TR... | nnet_common.h:37        |  468 (2 calls) |                  |                  |             |               |
|         operator()                     | nnet_common.h:51        |  448 (2 calls) |                  |                  |             |               |
|        operator()                      | nnet_common.h:51        |  224           |                  |                  |             |               |
|       reduce<ap_fixed<16, 6, AP_TR...  | nnet_common.h:37        |    4           |                  |                  |             |               |
|       operator()                       | nnet_common.h:51        |  224           |                  |                  |             |               |
|      softmax_idx_from_real_val<ap...   | nnet_activation.h:141   |   98           |                  |                  |             |               |
|  + dense_latency<ap_fixed<16, 6...     | nnet_dense_latency.h:13 |                | 18,552           | 4,104            | 3,717       | 3,718         |
|     cast<ap_fixed<16, 6, AP_TRN,...    | nnet_mult.h:110         |                |   128 (64 calls) |   128 (64 calls) |             |               |
|    dense_latency<ap_fixed<16, 6...     | nnet_dense_latency.h:13 |                | 35,622           | 6,671            | 6,607       | 6,608         |
|    dense_latency<ap_fixed<16, 6...     | nnet_dense_latency.h:13 |                | 17,789           | 3,267            | 3,235       | 3,236         |
|    dense_latency<ap_fixed<16, 6...     | nnet_dense_latency.h:13 |                | 2,668            |   672            |   640       |   641         |
|    softmax_stable<ap_fixed<16, ...     | nnet_activation.h:220   |                |   177            |   108            |   103       |   104         |
+----------------------------------------+-------------------------+----------------+------------------+------------------+-------------+---------------+

* Design Size Message Settings
+---------------------------------------------+--------+------------------------------------------------------------------+
| Message Setting                             | Value  | Description                                                      |
+---------------------------------------------+--------+------------------------------------------------------------------+
| config_compile -design_size_maximum_warning | 100000 | Show a warning when total design instructions exceeds this value |
+---------------------------------------------+--------+------------------------------------------------------------------+


