

================================================================
== Vitis HLS Report for 'myproject'
================================================================
* Date:           Mon Nov 10 16:36:57 2025

* Version:        2024.1 (Build 5069499 on May 21 2024)
* Project:        myproject_prj
* Solution:       solution1 (Vivado IP Flow Target)
* Product family: virtexuplus
* Target device:  xcu250-figd2104-2L-e


================================================================
== Performance Estimates
================================================================
+ Timing: 
    * Summary: 
    +--------+---------+----------+------------+
    |  Clock |  Target | Estimated| Uncertainty|
    +--------+---------+----------+------------+
    |ap_clk  |  5.00 ns|  3.636 ns|     1.35 ns|
    +--------+---------+----------+------------+

+ Latency: 
    * Summary: 
    +---------+---------+-----------+-----------+-----+-----+---------+
    |  Latency (cycles) |   Latency (absolute)  |  Interval | Pipeline|
    |   min   |   max   |    min    |    max    | min | max |   Type  |
    +---------+---------+-----------+-----------+-----+-----+---------+
    |       15|       15|  75.000 ns|  75.000 ns|    1|    1|      yes|
    +---------+---------+-----------+-----------+-----+-----+---------+

    + Detail: 
        * Instance: 
        +-------------------------------------------------------------------------------+------------------------------------------------------------------+---------+---------+-----------+-----------+-----+-----+---------+
        |                                                                               |                                                                  |  Latency (cycles) |   Latency (absolute)  |  Interval | Pipeline|
        |                                    Instance                                   |                              Module                              |   min   |   max   |    min    |    max    | min | max |   Type  |
        +-------------------------------------------------------------------------------+------------------------------------------------------------------+---------+---------+-----------+-----------+-----+-----+---------+
        |grp_dense_latency_ap_fixed_16_6_5_3_0_ap_fixed_16_6_5_3_0_config2_s_fu_95      |dense_latency_ap_fixed_16_6_5_3_0_ap_fixed_16_6_5_3_0_config2_s   |        1|        1|   5.000 ns|   5.000 ns|    1|    1|      yes|
        |call_ret2_relu_ap_fixed_16_6_5_3_0_ap_fixed_16_6_5_3_0_relu_config4_s_fu_101   |relu_ap_fixed_16_6_5_3_0_ap_fixed_16_6_5_3_0_relu_config4_s       |        0|        0|       0 ns|       0 ns|    1|    1|      yes|
        |grp_dense_latency_ap_fixed_16_6_5_3_0_ap_fixed_16_6_5_3_0_config5_s_fu_169     |dense_latency_ap_fixed_16_6_5_3_0_ap_fixed_16_6_5_3_0_config5_s   |        1|        1|   5.000 ns|   5.000 ns|    1|    1|      yes|
        |call_ret4_relu_ap_fixed_16_6_5_3_0_ap_fixed_16_6_5_3_0_relu_config7_s_fu_237   |relu_ap_fixed_16_6_5_3_0_ap_fixed_16_6_5_3_0_relu_config7_s       |        0|        0|       0 ns|       0 ns|    1|    1|      yes|
        |grp_dense_latency_ap_fixed_16_6_5_3_0_ap_fixed_16_6_5_3_0_config8_s_fu_273     |dense_latency_ap_fixed_16_6_5_3_0_ap_fixed_16_6_5_3_0_config8_s   |        1|        1|   5.000 ns|   5.000 ns|    1|    1|      yes|
        |call_ret6_relu_ap_fixed_16_6_5_3_0_ap_fixed_16_6_5_3_0_relu_config10_s_fu_309  |relu_ap_fixed_16_6_5_3_0_ap_fixed_16_6_5_3_0_relu_config10_s      |        0|        0|       0 ns|       0 ns|    1|    1|      yes|
        |grp_dense_latency_ap_fixed_16_6_5_3_0_ap_fixed_16_6_5_3_0_config11_s_fu_345    |dense_latency_ap_fixed_16_6_5_3_0_ap_fixed_16_6_5_3_0_config11_s  |        1|        1|   5.000 ns|   5.000 ns|    1|    1|      yes|
        |grp_softmax_stable_ap_fixed_ap_fixed_16_6_5_3_0_softmax_config13_s_fu_381      |softmax_stable_ap_fixed_ap_fixed_16_6_5_3_0_softmax_config13_s    |        4|        4|  20.000 ns|  20.000 ns|    1|    1|      yes|
        +-------------------------------------------------------------------------------+------------------------------------------------------------------+---------+---------+-----------+-----------+-----+-----+---------+

        * Loop: 
        N/A



================================================================
== Utilization Estimates
================================================================
* Summary: 
+---------------------+---------+-------+---------+---------+------+
|         Name        | BRAM_18K|  DSP  |    FF   |   LUT   | URAM |
+---------------------+---------+-------+---------+---------+------+
|DSP                  |        -|      -|        -|        -|     -|
|Expression           |        -|      -|        0|       14|     -|
|FIFO                 |        -|      -|        -|        -|     -|
|Instance             |        5|   2161|    16316|   116447|     -|
|Memory               |        -|      -|        -|        -|     -|
|Multiplexer          |        -|      -|        0|       36|     -|
|Register             |        -|      -|     3428|        -|     -|
+---------------------+---------+-------+---------+---------+------+
|Total                |        5|   2161|    19744|   116497|     0|
+---------------------+---------+-------+---------+---------+------+
|Available SLR        |     1344|   3072|   864000|   432000|   320|
+---------------------+---------+-------+---------+---------+------+
|Utilization SLR (%)  |       ~0|     70|        2|       26|     0|
+---------------------+---------+-------+---------+---------+------+
|Available            |     5376|  12288|  3456000|  1728000|  1280|
+---------------------+---------+-------+---------+---------+------+
|Utilization (%)      |       ~0|     17|       ~0|        6|     0|
+---------------------+---------+-------+---------+---------+------+

+ Detail: 
    * Instance: 
    +-------------------------------------------------------------------------------+------------------------------------------------------------------+---------+-----+------+-------+-----+
    |                                    Instance                                   |                              Module                              | BRAM_18K| DSP |  FF  |  LUT  | URAM|
    +-------------------------------------------------------------------------------+------------------------------------------------------------------+---------+-----+------+-------+-----+
    |grp_dense_latency_ap_fixed_16_6_5_3_0_ap_fixed_16_6_5_3_0_config11_s_fu_345    |dense_latency_ap_fixed_16_6_5_3_0_ap_fixed_16_6_5_3_0_config11_s  |        0|  112|   733|   4163|    0|
    |grp_dense_latency_ap_fixed_16_6_5_3_0_ap_fixed_16_6_5_3_0_config2_s_fu_95      |dense_latency_ap_fixed_16_6_5_3_0_ap_fixed_16_6_5_3_0_config2_s   |        0|  648|  4245|  27295|    0|
    |grp_dense_latency_ap_fixed_16_6_5_3_0_ap_fixed_16_6_5_3_0_config5_s_fu_169     |dense_latency_ap_fixed_16_6_5_3_0_ap_fixed_16_6_5_3_0_config5_s   |        0|  893|  7352|  54339|    0|
    |grp_dense_latency_ap_fixed_16_6_5_3_0_ap_fixed_16_6_5_3_0_config8_s_fu_273     |dense_latency_ap_fixed_16_6_5_3_0_ap_fixed_16_6_5_3_0_config8_s   |        0|  503|  3625|  25345|    0|
    |call_ret6_relu_ap_fixed_16_6_5_3_0_ap_fixed_16_6_5_3_0_relu_config10_s_fu_309  |relu_ap_fixed_16_6_5_3_0_ap_fixed_16_6_5_3_0_relu_config10_s      |        0|    0|     0|   1216|    0|
    |call_ret2_relu_ap_fixed_16_6_5_3_0_ap_fixed_16_6_5_3_0_relu_config4_s_fu_101   |relu_ap_fixed_16_6_5_3_0_ap_fixed_16_6_5_3_0_relu_config4_s       |        0|    0|     0|   2432|    0|
    |call_ret4_relu_ap_fixed_16_6_5_3_0_ap_fixed_16_6_5_3_0_relu_config7_s_fu_237   |relu_ap_fixed_16_6_5_3_0_ap_fixed_16_6_5_3_0_relu_config7_s       |        0|    0|     0|   1216|    0|
    |grp_softmax_stable_ap_fixed_ap_fixed_16_6_5_3_0_softmax_config13_s_fu_381      |softmax_stable_ap_fixed_ap_fixed_16_6_5_3_0_softmax_config13_s    |        5|    5|   361|    441|    0|
    +-------------------------------------------------------------------------------+------------------------------------------------------------------+---------+-----+------+-------+-----+
    |Total                                                                          |                                                                  |        5| 2161| 16316| 116447|    0|
    +-------------------------------------------------------------------------------+------------------------------------------------------------------+---------+-----+------+-------+-----+

    * DSP: 
    N/A

    * Memory: 
    N/A

    * FIFO: 
    N/A

    * Expression: 
    +-------------------------------------------+----------+----+---+----+------------+------------+
    |               Variable Name               | Operation| DSP| FF| LUT| Bitwidth P0| Bitwidth P1|
    +-------------------------------------------+----------+----+---+----+------------+------------+
    |ap_block_pp0_stage0_01001                  |       and|   0|  0|   2|           1|           1|
    |ap_block_pp0_stage0_11001_ignoreCallOp149  |       and|   0|  0|   2|           1|           1|
    |ap_block_pp0_stage0_11001_ignoreCallOp18   |       and|   0|  0|   2|           1|           1|
    |ap_block_pp0_stage0_11001_ignoreCallOp216  |       and|   0|  0|   2|           1|           1|
    |ap_block_pp0_stage0_11001_ignoreCallOp283  |       and|   0|  0|   2|           1|           1|
    |ap_block_pp0_stage0_11001_ignoreCallOp290  |       and|   0|  0|   2|           1|           1|
    |ap_enable_pp0                              |       xor|   0|  0|   2|           1|           2|
    +-------------------------------------------+----------+----+---+----+------------+------------+
    |Total                                      |          |   0|  0|  14|           7|           8|
    +-------------------------------------------+----------+----+---+----+------------+------------+

    * Multiplexer: 
    +-------------------------+----+-----------+-----+-----------+
    |           Name          | LUT| Input Size| Bits| Total Bits|
    +-------------------------+----+-----------+-----+-----------+
    |fc1_input_ap_vld_in_sig  |   9|          2|    1|          2|
    |fc1_input_ap_vld_preg    |   9|          2|    1|          2|
    |fc1_input_blk_n          |   9|          2|    1|          2|
    |fc1_input_in_sig         |   9|          2|  256|        512|
    +-------------------------+----+-----------+-----+-----------+
    |Total                    |  36|          8|  259|        518|
    +-------------------------+----+-----------+-----+-----------+

    * Register: 
    +------------------------------------------------------------------------------------------+-----+----+-----+-----------+
    |                                           Name                                           |  FF | LUT| Bits| Const Bits|
    +------------------------------------------------------------------------------------------+-----+----+-----+-----------+
    |ap_CS_fsm                                                                                 |    1|   0|    1|          0|
    |ap_enable_reg_pp0_iter1                                                                   |    1|   0|    1|          0|
    |ap_enable_reg_pp0_iter10                                                                  |    1|   0|    1|          0|
    |ap_enable_reg_pp0_iter11                                                                  |    1|   0|    1|          0|
    |ap_enable_reg_pp0_iter12                                                                  |    1|   0|    1|          0|
    |ap_enable_reg_pp0_iter13                                                                  |    1|   0|    1|          0|
    |ap_enable_reg_pp0_iter14                                                                  |    1|   0|    1|          0|
    |ap_enable_reg_pp0_iter15                                                                  |    1|   0|    1|          0|
    |ap_enable_reg_pp0_iter2                                                                   |    1|   0|    1|          0|
    |ap_enable_reg_pp0_iter3                                                                   |    1|   0|    1|          0|
    |ap_enable_reg_pp0_iter4                                                                   |    1|   0|    1|          0|
    |ap_enable_reg_pp0_iter5                                                                   |    1|   0|    1|          0|
    |ap_enable_reg_pp0_iter6                                                                   |    1|   0|    1|          0|
    |ap_enable_reg_pp0_iter7                                                                   |    1|   0|    1|          0|
    |ap_enable_reg_pp0_iter8                                                                   |    1|   0|    1|          0|
    |ap_enable_reg_pp0_iter9                                                                   |    1|   0|    1|          0|
    |fc1_input_ap_vld_preg                                                                     |    1|   0|    1|          0|
    |fc1_input_preg                                                                            |  256|   0|  256|          0|
    |grp_dense_latency_ap_fixed_16_6_5_3_0_ap_fixed_16_6_5_3_0_config11_s_fu_345_ap_start_reg  |    1|   0|    1|          0|
    |grp_dense_latency_ap_fixed_16_6_5_3_0_ap_fixed_16_6_5_3_0_config5_s_fu_169_ap_start_reg   |    1|   0|    1|          0|
    |grp_dense_latency_ap_fixed_16_6_5_3_0_ap_fixed_16_6_5_3_0_config8_s_fu_273_ap_start_reg   |    1|   0|    1|          0|
    |layer10_out_10_reg_2377                                                                   |   16|   0|   16|          0|
    |layer10_out_11_reg_2382                                                                   |   16|   0|   16|          0|
    |layer10_out_12_reg_2387                                                                   |   16|   0|   16|          0|
    |layer10_out_13_reg_2392                                                                   |   16|   0|   16|          0|
    |layer10_out_14_reg_2397                                                                   |   16|   0|   16|          0|
    |layer10_out_15_reg_2402                                                                   |   16|   0|   16|          0|
    |layer10_out_16_reg_2407                                                                   |   16|   0|   16|          0|
    |layer10_out_17_reg_2412                                                                   |   16|   0|   16|          0|
    |layer10_out_18_reg_2417                                                                   |   16|   0|   16|          0|
    |layer10_out_19_reg_2422                                                                   |   16|   0|   16|          0|
    |layer10_out_1_reg_2332                                                                    |   16|   0|   16|          0|
    |layer10_out_20_reg_2427                                                                   |   16|   0|   16|          0|
    |layer10_out_21_reg_2432                                                                   |   16|   0|   16|          0|
    |layer10_out_22_reg_2437                                                                   |   16|   0|   16|          0|
    |layer10_out_23_reg_2442                                                                   |   16|   0|   16|          0|
    |layer10_out_24_reg_2447                                                                   |   16|   0|   16|          0|
    |layer10_out_25_reg_2452                                                                   |   16|   0|   16|          0|
    |layer10_out_26_reg_2457                                                                   |   16|   0|   16|          0|
    |layer10_out_27_reg_2462                                                                   |   16|   0|   16|          0|
    |layer10_out_28_reg_2467                                                                   |   16|   0|   16|          0|
    |layer10_out_29_reg_2472                                                                   |   16|   0|   16|          0|
    |layer10_out_2_reg_2337                                                                    |   16|   0|   16|          0|
    |layer10_out_30_reg_2477                                                                   |   16|   0|   16|          0|
    |layer10_out_31_reg_2482                                                                   |   16|   0|   16|          0|
    |layer10_out_3_reg_2342                                                                    |   16|   0|   16|          0|
    |layer10_out_4_reg_2347                                                                    |   16|   0|   16|          0|
    |layer10_out_5_reg_2352                                                                    |   16|   0|   16|          0|
    |layer10_out_6_reg_2357                                                                    |   16|   0|   16|          0|
    |layer10_out_7_reg_2362                                                                    |   16|   0|   16|          0|
    |layer10_out_8_reg_2367                                                                    |   16|   0|   16|          0|
    |layer10_out_9_reg_2372                                                                    |   16|   0|   16|          0|
    |layer10_out_reg_2327                                                                      |   16|   0|   16|          0|
    |layer11_out_1_reg_2492                                                                    |   16|   0|   16|          0|
    |layer11_out_2_reg_2497                                                                    |   16|   0|   16|          0|
    |layer11_out_3_reg_2502                                                                    |   16|   0|   16|          0|
    |layer11_out_4_reg_2507                                                                    |   16|   0|   16|          0|
    |layer11_out_reg_2487                                                                      |   16|   0|   16|          0|
    |layer4_out_10_reg_1577                                                                    |   16|   0|   16|          0|
    |layer4_out_11_reg_1582                                                                    |   16|   0|   16|          0|
    |layer4_out_12_reg_1587                                                                    |   16|   0|   16|          0|
    |layer4_out_13_reg_1592                                                                    |   16|   0|   16|          0|
    |layer4_out_14_reg_1597                                                                    |   16|   0|   16|          0|
    |layer4_out_15_reg_1602                                                                    |   16|   0|   16|          0|
    |layer4_out_16_reg_1607                                                                    |   16|   0|   16|          0|
    |layer4_out_17_reg_1612                                                                    |   16|   0|   16|          0|
    |layer4_out_18_reg_1617                                                                    |   16|   0|   16|          0|
    |layer4_out_19_reg_1622                                                                    |   16|   0|   16|          0|
    |layer4_out_1_reg_1532                                                                     |   16|   0|   16|          0|
    |layer4_out_20_reg_1627                                                                    |   16|   0|   16|          0|
    |layer4_out_21_reg_1632                                                                    |   16|   0|   16|          0|
    |layer4_out_22_reg_1637                                                                    |   16|   0|   16|          0|
    |layer4_out_23_reg_1642                                                                    |   16|   0|   16|          0|
    |layer4_out_24_reg_1647                                                                    |   16|   0|   16|          0|
    |layer4_out_25_reg_1652                                                                    |   16|   0|   16|          0|
    |layer4_out_26_reg_1657                                                                    |   16|   0|   16|          0|
    |layer4_out_27_reg_1662                                                                    |   16|   0|   16|          0|
    |layer4_out_28_reg_1667                                                                    |   16|   0|   16|          0|
    |layer4_out_29_reg_1672                                                                    |   16|   0|   16|          0|
    |layer4_out_2_reg_1537                                                                     |   16|   0|   16|          0|
    |layer4_out_30_reg_1677                                                                    |   16|   0|   16|          0|
    |layer4_out_31_reg_1682                                                                    |   16|   0|   16|          0|
    |layer4_out_32_reg_1687                                                                    |   16|   0|   16|          0|
    |layer4_out_33_reg_1692                                                                    |   16|   0|   16|          0|
    |layer4_out_34_reg_1697                                                                    |   16|   0|   16|          0|
    |layer4_out_35_reg_1702                                                                    |   16|   0|   16|          0|
    |layer4_out_36_reg_1707                                                                    |   16|   0|   16|          0|
    |layer4_out_37_reg_1712                                                                    |   16|   0|   16|          0|
    |layer4_out_38_reg_1717                                                                    |   16|   0|   16|          0|
    |layer4_out_39_reg_1722                                                                    |   16|   0|   16|          0|
    |layer4_out_3_reg_1542                                                                     |   16|   0|   16|          0|
    |layer4_out_40_reg_1727                                                                    |   16|   0|   16|          0|
    |layer4_out_41_reg_1732                                                                    |   16|   0|   16|          0|
    |layer4_out_42_reg_1737                                                                    |   16|   0|   16|          0|
    |layer4_out_43_reg_1742                                                                    |   16|   0|   16|          0|
    |layer4_out_44_reg_1747                                                                    |   16|   0|   16|          0|
    |layer4_out_45_reg_1752                                                                    |   16|   0|   16|          0|
    |layer4_out_46_reg_1757                                                                    |   16|   0|   16|          0|
    |layer4_out_47_reg_1762                                                                    |   16|   0|   16|          0|
    |layer4_out_48_reg_1767                                                                    |   16|   0|   16|          0|
    |layer4_out_49_reg_1772                                                                    |   16|   0|   16|          0|
    |layer4_out_4_reg_1547                                                                     |   16|   0|   16|          0|
    |layer4_out_50_reg_1777                                                                    |   16|   0|   16|          0|
    |layer4_out_51_reg_1782                                                                    |   16|   0|   16|          0|
    |layer4_out_52_reg_1787                                                                    |   16|   0|   16|          0|
    |layer4_out_53_reg_1792                                                                    |   16|   0|   16|          0|
    |layer4_out_54_reg_1797                                                                    |   16|   0|   16|          0|
    |layer4_out_55_reg_1802                                                                    |   16|   0|   16|          0|
    |layer4_out_56_reg_1807                                                                    |   16|   0|   16|          0|
    |layer4_out_57_reg_1812                                                                    |   16|   0|   16|          0|
    |layer4_out_58_reg_1817                                                                    |   16|   0|   16|          0|
    |layer4_out_59_reg_1822                                                                    |   16|   0|   16|          0|
    |layer4_out_5_reg_1552                                                                     |   16|   0|   16|          0|
    |layer4_out_60_reg_1827                                                                    |   16|   0|   16|          0|
    |layer4_out_61_reg_1832                                                                    |   16|   0|   16|          0|
    |layer4_out_62_reg_1837                                                                    |   16|   0|   16|          0|
    |layer4_out_63_reg_1842                                                                    |   16|   0|   16|          0|
    |layer4_out_6_reg_1557                                                                     |   16|   0|   16|          0|
    |layer4_out_7_reg_1562                                                                     |   16|   0|   16|          0|
    |layer4_out_8_reg_1567                                                                     |   16|   0|   16|          0|
    |layer4_out_9_reg_1572                                                                     |   16|   0|   16|          0|
    |layer4_out_reg_1527                                                                       |   16|   0|   16|          0|
    |layer5_out_10_reg_1897                                                                    |   16|   0|   16|          0|
    |layer5_out_11_reg_1902                                                                    |   16|   0|   16|          0|
    |layer5_out_12_reg_1907                                                                    |   16|   0|   16|          0|
    |layer5_out_13_reg_1912                                                                    |   16|   0|   16|          0|
    |layer5_out_14_reg_1917                                                                    |   16|   0|   16|          0|
    |layer5_out_15_reg_1922                                                                    |   16|   0|   16|          0|
    |layer5_out_16_reg_1927                                                                    |   16|   0|   16|          0|
    |layer5_out_17_reg_1932                                                                    |   16|   0|   16|          0|
    |layer5_out_18_reg_1937                                                                    |   16|   0|   16|          0|
    |layer5_out_19_reg_1942                                                                    |   16|   0|   16|          0|
    |layer5_out_1_reg_1852                                                                     |   16|   0|   16|          0|
    |layer5_out_20_reg_1947                                                                    |   16|   0|   16|          0|
    |layer5_out_21_reg_1952                                                                    |   16|   0|   16|          0|
    |layer5_out_22_reg_1957                                                                    |   16|   0|   16|          0|
    |layer5_out_23_reg_1962                                                                    |   16|   0|   16|          0|
    |layer5_out_24_reg_1967                                                                    |   16|   0|   16|          0|
    |layer5_out_25_reg_1972                                                                    |   16|   0|   16|          0|
    |layer5_out_26_reg_1977                                                                    |   16|   0|   16|          0|
    |layer5_out_27_reg_1982                                                                    |   16|   0|   16|          0|
    |layer5_out_28_reg_1987                                                                    |   16|   0|   16|          0|
    |layer5_out_29_reg_1992                                                                    |   16|   0|   16|          0|
    |layer5_out_2_reg_1857                                                                     |   16|   0|   16|          0|
    |layer5_out_30_reg_1997                                                                    |   16|   0|   16|          0|
    |layer5_out_31_reg_2002                                                                    |   16|   0|   16|          0|
    |layer5_out_3_reg_1862                                                                     |   16|   0|   16|          0|
    |layer5_out_4_reg_1867                                                                     |   16|   0|   16|          0|
    |layer5_out_5_reg_1872                                                                     |   16|   0|   16|          0|
    |layer5_out_6_reg_1877                                                                     |   16|   0|   16|          0|
    |layer5_out_7_reg_1882                                                                     |   16|   0|   16|          0|
    |layer5_out_8_reg_1887                                                                     |   16|   0|   16|          0|
    |layer5_out_9_reg_1892                                                                     |   16|   0|   16|          0|
    |layer5_out_reg_1847                                                                       |   16|   0|   16|          0|
    |layer7_out_10_reg_2057                                                                    |   16|   0|   16|          0|
    |layer7_out_11_reg_2062                                                                    |   16|   0|   16|          0|
    |layer7_out_12_reg_2067                                                                    |   16|   0|   16|          0|
    |layer7_out_13_reg_2072                                                                    |   16|   0|   16|          0|
    |layer7_out_14_reg_2077                                                                    |   16|   0|   16|          0|
    |layer7_out_15_reg_2082                                                                    |   16|   0|   16|          0|
    |layer7_out_16_reg_2087                                                                    |   16|   0|   16|          0|
    |layer7_out_17_reg_2092                                                                    |   16|   0|   16|          0|
    |layer7_out_18_reg_2097                                                                    |   16|   0|   16|          0|
    |layer7_out_19_reg_2102                                                                    |   16|   0|   16|          0|
    |layer7_out_1_reg_2012                                                                     |   16|   0|   16|          0|
    |layer7_out_20_reg_2107                                                                    |   16|   0|   16|          0|
    |layer7_out_21_reg_2112                                                                    |   16|   0|   16|          0|
    |layer7_out_22_reg_2117                                                                    |   16|   0|   16|          0|
    |layer7_out_23_reg_2122                                                                    |   16|   0|   16|          0|
    |layer7_out_24_reg_2127                                                                    |   16|   0|   16|          0|
    |layer7_out_25_reg_2132                                                                    |   16|   0|   16|          0|
    |layer7_out_26_reg_2137                                                                    |   16|   0|   16|          0|
    |layer7_out_27_reg_2142                                                                    |   16|   0|   16|          0|
    |layer7_out_28_reg_2147                                                                    |   16|   0|   16|          0|
    |layer7_out_29_reg_2152                                                                    |   16|   0|   16|          0|
    |layer7_out_2_reg_2017                                                                     |   16|   0|   16|          0|
    |layer7_out_30_reg_2157                                                                    |   16|   0|   16|          0|
    |layer7_out_31_reg_2162                                                                    |   16|   0|   16|          0|
    |layer7_out_3_reg_2022                                                                     |   16|   0|   16|          0|
    |layer7_out_4_reg_2027                                                                     |   16|   0|   16|          0|
    |layer7_out_5_reg_2032                                                                     |   16|   0|   16|          0|
    |layer7_out_6_reg_2037                                                                     |   16|   0|   16|          0|
    |layer7_out_7_reg_2042                                                                     |   16|   0|   16|          0|
    |layer7_out_8_reg_2047                                                                     |   16|   0|   16|          0|
    |layer7_out_9_reg_2052                                                                     |   16|   0|   16|          0|
    |layer7_out_reg_2007                                                                       |   16|   0|   16|          0|
    |layer8_out_10_reg_2217                                                                    |   16|   0|   16|          0|
    |layer8_out_11_reg_2222                                                                    |   16|   0|   16|          0|
    |layer8_out_12_reg_2227                                                                    |   16|   0|   16|          0|
    |layer8_out_13_reg_2232                                                                    |   16|   0|   16|          0|
    |layer8_out_14_reg_2237                                                                    |   16|   0|   16|          0|
    |layer8_out_15_reg_2242                                                                    |   16|   0|   16|          0|
    |layer8_out_16_reg_2247                                                                    |   16|   0|   16|          0|
    |layer8_out_17_reg_2252                                                                    |   16|   0|   16|          0|
    |layer8_out_18_reg_2257                                                                    |   16|   0|   16|          0|
    |layer8_out_19_reg_2262                                                                    |   16|   0|   16|          0|
    |layer8_out_1_reg_2172                                                                     |   16|   0|   16|          0|
    |layer8_out_20_reg_2267                                                                    |   16|   0|   16|          0|
    |layer8_out_21_reg_2272                                                                    |   16|   0|   16|          0|
    |layer8_out_22_reg_2277                                                                    |   16|   0|   16|          0|
    |layer8_out_23_reg_2282                                                                    |   16|   0|   16|          0|
    |layer8_out_24_reg_2287                                                                    |   16|   0|   16|          0|
    |layer8_out_25_reg_2292                                                                    |   16|   0|   16|          0|
    |layer8_out_26_reg_2297                                                                    |   16|   0|   16|          0|
    |layer8_out_27_reg_2302                                                                    |   16|   0|   16|          0|
    |layer8_out_28_reg_2307                                                                    |   16|   0|   16|          0|
    |layer8_out_29_reg_2312                                                                    |   16|   0|   16|          0|
    |layer8_out_2_reg_2177                                                                     |   16|   0|   16|          0|
    |layer8_out_30_reg_2317                                                                    |   16|   0|   16|          0|
    |layer8_out_31_reg_2322                                                                    |   16|   0|   16|          0|
    |layer8_out_3_reg_2182                                                                     |   16|   0|   16|          0|
    |layer8_out_4_reg_2187                                                                     |   16|   0|   16|          0|
    |layer8_out_5_reg_2192                                                                     |   16|   0|   16|          0|
    |layer8_out_6_reg_2197                                                                     |   16|   0|   16|          0|
    |layer8_out_7_reg_2202                                                                     |   16|   0|   16|          0|
    |layer8_out_8_reg_2207                                                                     |   16|   0|   16|          0|
    |layer8_out_9_reg_2212                                                                     |   16|   0|   16|          0|
    |layer8_out_reg_2167                                                                       |   16|   0|   16|          0|
    +------------------------------------------------------------------------------------------+-----+----+-----+-----------+
    |Total                                                                                     | 3428|   0| 3428|          0|
    +------------------------------------------------------------------------------------------+-----+----+-----+-----------+



================================================================
== Interface
================================================================
* Summary: 
+----------------------+-----+-----+------------+---------------+--------------+
|       RTL Ports      | Dir | Bits|  Protocol  | Source Object |    C Type    |
+----------------------+-----+-----+------------+---------------+--------------+
|ap_clk                |   in|    1|  ap_ctrl_hs|      myproject|  return value|
|ap_rst                |   in|    1|  ap_ctrl_hs|      myproject|  return value|
|ap_start              |   in|    1|  ap_ctrl_hs|      myproject|  return value|
|ap_done               |  out|    1|  ap_ctrl_hs|      myproject|  return value|
|ap_idle               |  out|    1|  ap_ctrl_hs|      myproject|  return value|
|ap_ready              |  out|    1|  ap_ctrl_hs|      myproject|  return value|
|fc1_input_ap_vld      |   in|    1|      ap_vld|      fc1_input|       pointer|
|fc1_input             |   in|  256|      ap_vld|      fc1_input|       pointer|
|layer13_out_0         |  out|   16|      ap_vld|  layer13_out_0|       pointer|
|layer13_out_0_ap_vld  |  out|    1|      ap_vld|  layer13_out_0|       pointer|
|layer13_out_1         |  out|   16|      ap_vld|  layer13_out_1|       pointer|
|layer13_out_1_ap_vld  |  out|    1|      ap_vld|  layer13_out_1|       pointer|
|layer13_out_2         |  out|   16|      ap_vld|  layer13_out_2|       pointer|
|layer13_out_2_ap_vld  |  out|    1|      ap_vld|  layer13_out_2|       pointer|
|layer13_out_3         |  out|   16|      ap_vld|  layer13_out_3|       pointer|
|layer13_out_3_ap_vld  |  out|    1|      ap_vld|  layer13_out_3|       pointer|
|layer13_out_4         |  out|   16|      ap_vld|  layer13_out_4|       pointer|
|layer13_out_4_ap_vld  |  out|    1|      ap_vld|  layer13_out_4|       pointer|
+----------------------+-----+-----+------------+---------------+--------------+

