

================================================================
== Vitis HLS Report for 'softmax_stable_ap_fixed_ap_fixed_16_6_5_3_0_softmax_config13_s'
================================================================
* Date:           Mon Nov 10 16:36:56 2025

* Version:        2024.1 (Build 5069499 on May 21 2024)
* Project:        myproject_prj
* Solution:       solution1 (Vivado IP Flow Target)
* Product family: virtexuplus
* Target device:  xcu250-figd2104-2L-e


================================================================
== Performance Estimates
================================================================
+ Timing: 
    * Summary: 
    +--------+---------+----------+------------+
    |  Clock |  Target | Estimated| Uncertainty|
    +--------+---------+----------+------------+
    |ap_clk  |  5.00 ns|  3.233 ns|     1.35 ns|
    +--------+---------+----------+------------+

+ Latency: 
    * Summary: 
    +---------+---------+-----------+-----------+-----+-----+---------+
    |  Latency (cycles) |   Latency (absolute)  |  Interval | Pipeline|
    |   min   |   max   |    min    |    max    | min | max |   Type  |
    +---------+---------+-----------+-----------+-----+-----+---------+
    |        4|        4|  20.000 ns|  20.000 ns|    1|    1|      yes|
    +---------+---------+-----------+-----------+-----+-----+---------+

    + Detail: 
        * Instance: 
        N/A

        * Loop: 
        N/A



================================================================
== Utilization Estimates
================================================================
* Summary: 
+---------------------+---------+-------+---------+---------+------+
|         Name        | BRAM_18K|  DSP  |    FF   |   LUT   | URAM |
+---------------------+---------+-------+---------+---------+------+
|DSP                  |        -|      -|        -|        -|     -|
|Expression           |        -|      -|        0|      346|     -|
|FIFO                 |        -|      -|        -|        -|     -|
|Instance             |        -|      5|        0|       25|     -|
|Memory               |        5|      -|        0|        0|     -|
|Multiplexer          |        -|      -|        0|       70|     -|
|Register             |        -|      -|      361|        -|     -|
+---------------------+---------+-------+---------+---------+------+
|Total                |        5|      5|      361|      441|     0|
+---------------------+---------+-------+---------+---------+------+
|Available SLR        |     1344|   3072|   864000|   432000|   320|
+---------------------+---------+-------+---------+---------+------+
|Utilization SLR (%)  |       ~0|     ~0|       ~0|       ~0|     0|
+---------------------+---------+-------+---------+---------+------+
|Available            |     5376|  12288|  3456000|  1728000|  1280|
+---------------------+---------+-------+---------+---------+------+
|Utilization (%)      |       ~0|     ~0|       ~0|       ~0|     0|
+---------------------+---------+-------+---------+---------+------+

+ Detail: 
    * Instance: 
    +---------------------------+---------------------+---------+----+---+----+-----+
    |          Instance         |        Module       | BRAM_18K| DSP| FF| LUT| URAM|
    +---------------------------+---------------------+---------+----+---+----+-----+
    |mul_18s_11ns_26_1_0_U2430  |mul_18s_11ns_26_1_0  |        0|   1|  0|   5|    0|
    |mul_18s_11ns_26_1_0_U2431  |mul_18s_11ns_26_1_0  |        0|   1|  0|   5|    0|
    |mul_18s_11ns_26_1_0_U2432  |mul_18s_11ns_26_1_0  |        0|   1|  0|   5|    0|
    |mul_18s_11ns_26_1_0_U2433  |mul_18s_11ns_26_1_0  |        0|   1|  0|   5|    0|
    |mul_18s_11ns_26_1_0_U2434  |mul_18s_11ns_26_1_0  |        0|   1|  0|   5|    0|
    +---------------------------+---------------------+---------+----+---+----+-----+
    |Total                      |                     |        0|   5|  0|  25|    0|
    +---------------------------+---------------------+---------+----+---+----+-----+

    * DSP: 
    N/A

    * Memory: 
    +----------------+----------------------------------------------------------------------------------+---------+---+----+-----+------+-----+------+-------------+
    |     Memory     |                                      Module                                      | BRAM_18K| FF| LUT| URAM| Words| Bits| Banks| W*Bits*Banks|
    +----------------+----------------------------------------------------------------------------------+---------+---+----+-----+------+-----+------+-------------+
    |exp_table_U     |softmax_stable_ap_fixed_ap_fixed_16_6_5_3_0_softmax_config13_s_exp_table_ROM_bkb  |        3|  0|   0|    0|  1024|   11|     1|        11264|
    |invert_table_U  |softmax_stable_ap_fixed_ap_fixed_16_6_5_3_0_softmax_config13_s_invert_table_Rcud  |        2|  0|   0|    0|  1024|   18|     1|        18432|
    +----------------+----------------------------------------------------------------------------------+---------+---+----+-----+------+-----+------+-------------+
    |Total           |                                                                                  |        5|  0|   0|    0|  2048|   29|     2|        29696|
    +----------------+----------------------------------------------------------------------------------+---------+---+----+-----+------+-----+------+-------------+

    * FIFO: 
    N/A

    * Expression: 
    +-------------------------+----------+----+---+----+------------+------------+
    |      Variable Name      | Operation| DSP| FF| LUT| Bitwidth P0| Bitwidth P1|
    +-------------------------+----------+----+---+----+------------+------------+
    |add_ln51_1_fu_376_p2     |         +|   0|  0|  17|          12|          12|
    |add_ln51_2_fu_382_p2     |         +|   0|  0|  17|          12|          12|
    |add_ln51_3_fu_392_p2     |         +|   0|  0|  20|          13|          13|
    |add_ln51_fu_366_p2       |         +|   0|  0|  19|          12|          12|
    |d_xi_xmax_1_fu_260_p2    |         -|   0|  0|  22|          15|          15|
    |d_xi_xmax_2_fu_264_p2    |         -|   0|  0|  22|          15|          15|
    |d_xi_xmax_3_fu_268_p2    |         -|   0|  0|  22|          15|          15|
    |d_xi_xmax_4_fu_272_p2    |         -|   0|  0|  22|          15|          15|
    |d_xi_xmax_fu_256_p2      |         -|   0|  0|  22|          15|          15|
    |icmp_ln66_1_fu_172_p2    |      icmp|   0|  0|  23|          16|          16|
    |icmp_ln66_2_fu_192_p2    |      icmp|   0|  0|  23|          16|          16|
    |icmp_ln66_3_fu_212_p2    |      icmp|   0|  0|  23|          16|          16|
    |icmp_ln66_fu_152_p2      |      icmp|   0|  0|  23|          16|          16|
    |select_ln66_1_fu_184_p3  |    select|   0|  0|  16|           1|          16|
    |select_ln66_2_fu_204_p3  |    select|   0|  0|  16|           1|          16|
    |select_ln66_3_fu_232_p3  |    select|   0|  0|  15|           1|          15|
    |select_ln66_fu_164_p3    |    select|   0|  0|  16|           1|          16|
    |xor_ln66_1_fu_178_p2     |       xor|   0|  0|   2|           1|           2|
    |xor_ln66_2_fu_198_p2     |       xor|   0|  0|   2|           1|           2|
    |xor_ln66_3_fu_218_p2     |       xor|   0|  0|   2|           1|           2|
    |xor_ln66_fu_158_p2       |       xor|   0|  0|   2|           1|           2|
    +-------------------------+----------+----+---+----+------------+------------+
    |Total                    |          |   0|  0| 346|         196|         259|
    +-------------------------+----------+----+---+----+------------+------------+

    * Multiplexer: 
    +-------------+----+-----------+-----+-----------+
    |     Name    | LUT| Input Size| Bits| Total Bits|
    +-------------+----+-----------+-----+-----------+
    |ap_return_0  |  14|          3|   16|         48|
    |ap_return_1  |  14|          3|   16|         48|
    |ap_return_2  |  14|          3|   16|         48|
    |ap_return_3  |  14|          3|   16|         48|
    |ap_return_4  |  14|          3|   16|         48|
    +-------------+----+-----------+-----+-----------+
    |Total        |  70|         15|   80|        240|
    +-------------+----+-----------+-----+-----------+

    * Register: 
    +----------------------------------------+----+----+-----+-----------+
    |                  Name                  | FF | LUT| Bits| Const Bits|
    +----------------------------------------+----+----+-----+-----------+
    |ap_ce_reg                               |   1|   0|    1|          0|
    |ap_return_0_int_reg                     |  16|   0|   16|          0|
    |ap_return_1_int_reg                     |  16|   0|   16|          0|
    |ap_return_2_int_reg                     |  16|   0|   16|          0|
    |ap_return_3_int_reg                     |  16|   0|   16|          0|
    |ap_return_4_int_reg                     |  16|   0|   16|          0|
    |data_0_val_int_reg                      |  16|   0|   16|          0|
    |data_1_val_int_reg                      |  16|   0|   16|          0|
    |data_2_val_int_reg                      |  16|   0|   16|          0|
    |data_3_val_int_reg                      |  16|   0|   16|          0|
    |data_4_val_int_reg                      |  16|   0|   16|          0|
    |exp_table_load_1_reg_607                |  11|   0|   11|          0|
    |exp_table_load_1_reg_607_pp0_iter3_reg  |  11|   0|   11|          0|
    |exp_table_load_2_reg_613                |  11|   0|   11|          0|
    |exp_table_load_2_reg_613_pp0_iter3_reg  |  11|   0|   11|          0|
    |exp_table_load_3_reg_619                |  11|   0|   11|          0|
    |exp_table_load_3_reg_619_pp0_iter3_reg  |  11|   0|   11|          0|
    |exp_table_load_4_reg_625                |  11|   0|   11|          0|
    |exp_table_load_4_reg_625_pp0_iter3_reg  |  11|   0|   11|          0|
    |exp_table_load_reg_601                  |  11|   0|   11|          0|
    |exp_table_load_reg_601_pp0_iter3_reg    |  11|   0|   11|          0|
    |select_ln66_3_reg_547                   |  15|   0|   15|          0|
    |trunc_ln248_1_reg_561                   |  15|   0|   15|          0|
    |trunc_ln248_2_reg_566                   |  15|   0|   15|          0|
    |trunc_ln248_3_reg_571                   |  15|   0|   15|          0|
    |trunc_ln248_reg_556                     |  15|   0|   15|          0|
    |trunc_ln66_1_reg_542                    |  15|   0|   15|          0|
    +----------------------------------------+----+----+-----+-----------+
    |Total                                   | 361|   0|  361|          0|
    +----------------------------------------+----+----+-----+-----------+



================================================================
== Interface
================================================================
* Summary: 
+-------------+-----+-----+------------+----------------------------------------------------------------+--------------+
|  RTL Ports  | Dir | Bits|  Protocol  |                          Source Object                         |    C Type    |
+-------------+-----+-----+------------+----------------------------------------------------------------+--------------+
|ap_clk       |   in|    1|  ap_ctrl_hs|  softmax_stable<ap_fixed,ap_fixed<16,6,5,3,0>,softmax_config13>|  return value|
|ap_rst       |   in|    1|  ap_ctrl_hs|  softmax_stable<ap_fixed,ap_fixed<16,6,5,3,0>,softmax_config13>|  return value|
|ap_return_0  |  out|   16|  ap_ctrl_hs|  softmax_stable<ap_fixed,ap_fixed<16,6,5,3,0>,softmax_config13>|  return value|
|ap_return_1  |  out|   16|  ap_ctrl_hs|  softmax_stable<ap_fixed,ap_fixed<16,6,5,3,0>,softmax_config13>|  return value|
|ap_return_2  |  out|   16|  ap_ctrl_hs|  softmax_stable<ap_fixed,ap_fixed<16,6,5,3,0>,softmax_config13>|  return value|
|ap_return_3  |  out|   16|  ap_ctrl_hs|  softmax_stable<ap_fixed,ap_fixed<16,6,5,3,0>,softmax_config13>|  return value|
|ap_return_4  |  out|   16|  ap_ctrl_hs|  softmax_stable<ap_fixed,ap_fixed<16,6,5,3,0>,softmax_config13>|  return value|
|ap_ce        |   in|    1|  ap_ctrl_hs|  softmax_stable<ap_fixed,ap_fixed<16,6,5,3,0>,softmax_config13>|  return value|
|data_0_val   |   in|   16|     ap_none|                                                      data_0_val|        scalar|
|data_1_val   |   in|   16|     ap_none|                                                      data_1_val|        scalar|
|data_2_val   |   in|   16|     ap_none|                                                      data_2_val|        scalar|
|data_3_val   |   in|   16|     ap_none|                                                      data_3_val|        scalar|
|data_4_val   |   in|   16|     ap_none|                                                      data_4_val|        scalar|
+-------------+-----+-----+------------+----------------------------------------------------------------+--------------+

