In file included from firmware/myproject.cpp:3:
In file included from firmware/myproject.h:8:
In file included from firmware/defines.h:6:
firmware/nnet_utils/nnet_types.h:28:9: warning: HLS pragma dump _XLX_SEP_ PragmaIsValid=1_XLX_SEP_ PragmaType=unroll_XLX_SEP_ PragmaContext=_XLX_SEP_ PragmaFunction=operator=_XLX_SEP_ PragmaOptions=_XLX_SEP_ [-Wdump-hls-pragmas]
#pragma HLS UNROLL
        ^
In file included from firmware/myproject.cpp:4:
In file included from firmware/parameters.h:7:
In file included from firmware/nnet_utils/nnet_code_gen.h:4:
In file included from firmware/nnet_utils/nnet_conv1d_latency.h:4:
In file included from firmware/nnet_utils/nnet_common.h:5:
firmware/nnet_utils/nnet_helpers.h:285:99: warning: unused parameter 'keep' [-Wunused-parameter]
template <class res_T, size_t SIZE> void print_result(res_T result[SIZE], std::ostream &out, bool keep = false) {
                                                                                                  ^
In file included from firmware/myproject.cpp:4:
In file included from firmware/parameters.h:7:
In file included from firmware/nnet_utils/nnet_code_gen.h:4:
In file included from firmware/nnet_utils/nnet_conv1d_latency.h:5:
firmware/nnet_utils/nnet_mult.h:25:9: warning: HLS pragma dump _XLX_SEP_ PragmaIsValid=1_XLX_SEP_ PragmaType=inline_XLX_SEP_ PragmaContext=_XLX_SEP_ PragmaFunction=product_XLX_SEP_ PragmaOptions=_XLX_SEP_ [-Wdump-hls-pragmas]
#pragma HLS INLINE
        ^
firmware/nnet_utils/nnet_mult.h:34:9: warning: HLS pragma dump _XLX_SEP_ PragmaIsValid=1_XLX_SEP_ PragmaType=inline_XLX_SEP_ PragmaContext=_XLX_SEP_ PragmaFunction=product_XLX_SEP_ PragmaOptions=_XLX_SEP_ [-Wdump-hls-pragmas]
#pragma HLS INLINE
        ^
firmware/nnet_utils/nnet_mult.h:46:9: warning: HLS pragma dump _XLX_SEP_ PragmaIsValid=1_XLX_SEP_ PragmaType=inline_XLX_SEP_ PragmaContext=_XLX_SEP_ PragmaFunction=product_XLX_SEP_ PragmaOptions=_XLX_SEP_ [-Wdump-hls-pragmas]
#pragma HLS INLINE
        ^
firmware/nnet_utils/nnet_mult.h:58:9: warning: HLS pragma dump _XLX_SEP_ PragmaIsValid=1_XLX_SEP_ PragmaType=inline_XLX_SEP_ PragmaContext=_XLX_SEP_ PragmaFunction=product_XLX_SEP_ PragmaOptions=_XLX_SEP_ [-Wdump-hls-pragmas]
#pragma HLS INLINE
        ^
firmware/nnet_utils/nnet_mult.h:72:9: warning: HLS pragma dump _XLX_SEP_ PragmaIsValid=1_XLX_SEP_ PragmaType=inline_XLX_SEP_ PragmaContext=_XLX_SEP_ PragmaFunction=product_XLX_SEP_ PragmaOptions=_XLX_SEP_ [-Wdump-hls-pragmas]
#pragma HLS INLINE
        ^
firmware/nnet_utils/nnet_mult.h:82:9: warning: HLS pragma dump _XLX_SEP_ PragmaIsValid=1_XLX_SEP_ PragmaType=inline_XLX_SEP_ PragmaContext=_XLX_SEP_ PragmaFunction=product_XLX_SEP_ PragmaOptions=_XLX_SEP_ [-Wdump-hls-pragmas]
#pragma HLS INLINE
        ^
In file included from firmware/myproject.cpp:4:
In file included from firmware/parameters.h:7:
In file included from firmware/nnet_utils/nnet_code_gen.h:4:
firmware/nnet_utils/nnet_conv1d_latency.h:19:9: warning: HLS pragma dump _XLX_SEP_ PragmaIsValid=1_XLX_SEP_ PragmaType=array_partition_XLX_SEP_ PragmaContext=_XLX_SEP_ PragmaFunction=conv_1d_latency_cl_XLX_SEP_ PragmaOptions=variable=data_buf complete dim=0_XLX_SEP_ [-Wdump-hls-pragmas]
#pragma HLS ARRAY_PARTITION variable=data_buf complete dim=0
        ^
firmware/nnet_utils/nnet_conv1d_latency.h:22:9: warning: HLS pragma dump _XLX_SEP_ PragmaIsValid=1_XLX_SEP_ PragmaType=array_partition_XLX_SEP_ PragmaContext=_XLX_SEP_ PragmaFunction=conv_1d_latency_cl_XLX_SEP_ PragmaOptions=variable=mult complete_XLX_SEP_ [-Wdump-hls-pragmas]
#pragma HLS ARRAY_PARTITION variable=mult complete
        ^
firmware/nnet_utils/nnet_conv1d_latency.h:25:9: warning: HLS pragma dump _XLX_SEP_ PragmaIsValid=1_XLX_SEP_ PragmaType=array_partition_XLX_SEP_ PragmaContext=_XLX_SEP_ PragmaFunction=conv_1d_latency_cl_XLX_SEP_ PragmaOptions=variable=acc complete_XLX_SEP_ [-Wdump-hls-pragmas]
#pragma HLS ARRAY_PARTITION variable=acc complete
        ^
firmware/nnet_utils/nnet_conv1d_latency.h:27:9: warning: HLS pragma dump _XLX_SEP_ PragmaIsValid=1_XLX_SEP_ PragmaType=array_partition_XLX_SEP_ PragmaContext=_XLX_SEP_ PragmaFunction=conv_1d_latency_cl_XLX_SEP_ PragmaOptions=variable=weights complete_XLX_SEP_ [-Wdump-hls-pragmas]
#pragma HLS ARRAY_PARTITION variable=weights complete
        ^
firmware/nnet_utils/nnet_conv1d_latency.h:28:9: warning: HLS pragma dump _XLX_SEP_ PragmaIsValid=1_XLX_SEP_ PragmaType=array_partition_XLX_SEP_ PragmaContext=_XLX_SEP_ PragmaFunction=conv_1d_latency_cl_XLX_SEP_ PragmaOptions=variable=biases complete_XLX_SEP_ [-Wdump-hls-pragmas]
#pragma HLS ARRAY_PARTITION variable=biases complete
        ^
firmware/nnet_utils/nnet_conv1d_latency.h:31:9: warning: HLS pragma dump _XLX_SEP_ PragmaIsValid=1_XLX_SEP_ PragmaType=allocation_XLX_SEP_ PragmaContext=_XLX_SEP_ PragmaFunction=conv_1d_latency_cl_XLX_SEP_ PragmaOptions=operation instances=mul limit=CONFIG_T::mult_config::multiplier_limit_XLX_SEP_ [-Wdump-hls-pragmas]
#pragma HLS ALLOCATION operation instances=mul limit=CONFIG_T::mult_config::multiplier_limit
        ^
firmware/nnet_utils/nnet_conv1d_latency.h:35:9: warning: HLS pragma dump _XLX_SEP_ PragmaIsValid=1_XLX_SEP_ PragmaType=pipeline_XLX_SEP_ PragmaContext=_XLX_SEP_ PragmaFunction=conv_1d_latency_cl_XLX_SEP_ PragmaOptions=II=CONFIG_T::reuse_factor rewind_XLX_SEP_ [-Wdump-hls-pragmas]
#pragma HLS PIPELINE II=CONFIG_T::reuse_factor rewind
        ^
firmware/nnet_utils/nnet_conv1d_latency.h:41:9: warning: HLS pragma dump _XLX_SEP_ PragmaIsValid=1_XLX_SEP_ PragmaType=unroll_XLX_SEP_ PragmaContext=_XLX_SEP_ PragmaFunction=conv_1d_latency_cl_XLX_SEP_ PragmaOptions=_XLX_SEP_ [-Wdump-hls-pragmas]
#pragma HLS UNROLL
        ^
firmware/nnet_utils/nnet_conv1d_latency.h:48:9: warning: HLS pragma dump _XLX_SEP_ PragmaIsValid=1_XLX_SEP_ PragmaType=unroll_XLX_SEP_ PragmaContext=_XLX_SEP_ PragmaFunction=conv_1d_latency_cl_XLX_SEP_ PragmaOptions=_XLX_SEP_ [-Wdump-hls-pragmas]
#pragma HLS UNROLL
        ^
firmware/nnet_utils/nnet_conv1d_latency.h:52:9: warning: HLS pragma dump _XLX_SEP_ PragmaIsValid=1_XLX_SEP_ PragmaType=unroll_XLX_SEP_ PragmaContext=_XLX_SEP_ PragmaFunction=conv_1d_latency_cl_XLX_SEP_ PragmaOptions=_XLX_SEP_ [-Wdump-hls-pragmas]
#pragma HLS UNROLL
        ^
firmware/nnet_utils/nnet_conv1d_latency.h:62:9: warning: HLS pragma dump _XLX_SEP_ PragmaIsValid=1_XLX_SEP_ PragmaType=unroll_XLX_SEP_ PragmaContext=_XLX_SEP_ PragmaFunction=conv_1d_latency_cl_XLX_SEP_ PragmaOptions=_XLX_SEP_ [-Wdump-hls-pragmas]
#pragma HLS UNROLL
        ^
firmware/nnet_utils/nnet_conv1d_latency.h:69:9: warning: HLS pragma dump _XLX_SEP_ PragmaIsValid=1_XLX_SEP_ PragmaType=unroll_XLX_SEP_ PragmaContext=_XLX_SEP_ PragmaFunction=conv_1d_latency_cl_XLX_SEP_ PragmaOptions=_XLX_SEP_ [-Wdump-hls-pragmas]
#pragma HLS UNROLL
        ^
firmware/nnet_utils/nnet_conv1d_latency.h:72:9: warning: HLS pragma dump _XLX_SEP_ PragmaIsValid=1_XLX_SEP_ PragmaType=unroll_XLX_SEP_ PragmaContext=_XLX_SEP_ PragmaFunction=conv_1d_latency_cl_XLX_SEP_ PragmaOptions=_XLX_SEP_ [-Wdump-hls-pragmas]
#pragma HLS UNROLL
        ^
firmware/nnet_utils/nnet_conv1d_latency.h:80:9: warning: HLS pragma dump _XLX_SEP_ PragmaIsValid=1_XLX_SEP_ PragmaType=unroll_XLX_SEP_ PragmaContext=_XLX_SEP_ PragmaFunction=conv_1d_latency_cl_XLX_SEP_ PragmaOptions=_XLX_SEP_ [-Wdump-hls-pragmas]
#pragma HLS UNROLL
        ^
firmware/nnet_utils/nnet_conv1d_latency.h:98:9: warning: HLS pragma dump _XLX_SEP_ PragmaIsValid=1_XLX_SEP_ PragmaType=array_partition_XLX_SEP_ PragmaContext=_XLX_SEP_ PragmaFunction=pointwise_conv_1d_latency_cl_XLX_SEP_ PragmaOptions=variable=mult complete dim=0_XLX_SEP_ [-Wdump-hls-pragmas]
#pragma HLS ARRAY_PARTITION variable=mult complete dim=0
        ^
firmware/nnet_utils/nnet_conv1d_latency.h:99:9: warning: HLS pragma dump _XLX_SEP_ PragmaIsValid=1_XLX_SEP_ PragmaType=array_partition_XLX_SEP_ PragmaContext=_XLX_SEP_ PragmaFunction=pointwise_conv_1d_latency_cl_XLX_SEP_ PragmaOptions=variable=acc complete dim=0_XLX_SEP_ [-Wdump-hls-pragmas]
#pragma HLS ARRAY_PARTITION variable=acc complete dim=0
        ^
firmware/nnet_utils/nnet_conv1d_latency.h:102:9: warning: HLS pragma dump _XLX_SEP_ PragmaIsValid=1_XLX_SEP_ PragmaType=function_instantiate_XLX_SEP_ PragmaContext=_XLX_SEP_ PragmaFunction=pointwise_conv_1d_latency_cl_XLX_SEP_ PragmaOptions=variable=weights,biases_XLX_SEP_ [-Wdump-hls-pragmas]
#pragma HLS function_instantiate variable=weights,biases
        ^
firmware/nnet_utils/nnet_conv1d_latency.h:105:9: warning: HLS pragma dump _XLX_SEP_ PragmaIsValid=1_XLX_SEP_ PragmaType=pipeline_XLX_SEP_ PragmaContext=_XLX_SEP_ PragmaFunction=pointwise_conv_1d_latency_cl_XLX_SEP_ PragmaOptions=II=CONFIG_T::reuse_factor_XLX_SEP_ [-Wdump-hls-pragmas]
#pragma HLS PIPELINE II=CONFIG_T::reuse_factor
        ^
firmware/nnet_utils/nnet_conv1d_latency.h:106:9: warning: HLS pragma dump _XLX_SEP_ PragmaIsValid=1_XLX_SEP_ PragmaType=array_partition_XLX_SEP_ PragmaContext=_XLX_SEP_ PragmaFunction=pointwise_conv_1d_latency_cl_XLX_SEP_ PragmaOptions=variable=weights complete dim=0_XLX_SEP_ [-Wdump-hls-pragmas]
#pragma HLS ARRAY_PARTITION variable=weights complete dim=0
        ^
firmware/nnet_utils/nnet_conv1d_latency.h:107:9: warning: HLS pragma dump _XLX_SEP_ PragmaIsValid=1_XLX_SEP_ PragmaType=array_partition_XLX_SEP_ PragmaContext=_XLX_SEP_ PragmaFunction=pointwise_conv_1d_latency_cl_XLX_SEP_ PragmaOptions=variable=biases complete dim=0_XLX_SEP_ [-Wdump-hls-pragmas]
#pragma HLS ARRAY_PARTITION variable=biases complete dim=0
        ^
firmware/nnet_utils/nnet_conv1d_latency.h:110:9: warning: HLS pragma dump _XLX_SEP_ PragmaIsValid=1_XLX_SEP_ PragmaType=allocation_XLX_SEP_ PragmaContext=_XLX_SEP_ PragmaFunction=pointwise_conv_1d_latency_cl_XLX_SEP_ PragmaOptions=operation instances=mul limit=CONFIG_T::mult_config::multiplier_limit_XLX_SEP_ [-Wdump-hls-pragmas]
#pragma HLS ALLOCATION operation instances=mul limit=CONFIG_T::mult_config::multiplier_limit
        ^
firmware/nnet_utils/nnet_conv1d_latency.h:119:9: warning: HLS pragma dump _XLX_SEP_ PragmaIsValid=1_XLX_SEP_ PragmaType=unroll_XLX_SEP_ PragmaContext=_XLX_SEP_ PragmaFunction=pointwise_conv_1d_latency_cl_XLX_SEP_ PragmaOptions=_XLX_SEP_ [-Wdump-hls-pragmas]
#pragma HLS UNROLL
        ^
firmware/nnet_utils/nnet_conv1d_latency.h:138:9: warning: HLS pragma dump _XLX_SEP_ PragmaIsValid=1_XLX_SEP_ PragmaType=unroll_XLX_SEP_ PragmaContext=_XLX_SEP_ PragmaFunction=pointwise_conv_1d_latency_cl_XLX_SEP_ PragmaOptions=_XLX_SEP_ [-Wdump-hls-pragmas]
#pragma HLS UNROLL
        ^
firmware/nnet_utils/nnet_conv1d_latency.h:160:9: warning: HLS pragma dump _XLX_SEP_ PragmaIsValid=1_XLX_SEP_ PragmaType=unroll_XLX_SEP_ PragmaContext=_XLX_SEP_ PragmaFunction=pointwise_conv_1d_latency_cl_XLX_SEP_ PragmaOptions=_XLX_SEP_ [-Wdump-hls-pragmas]
#pragma HLS UNROLL
        ^
In file included from firmware/myproject.cpp:4:
In file included from firmware/parameters.h:7:
In file included from firmware/nnet_utils/nnet_code_gen.h:9:
firmware/nnet_utils/nnet_function_stubs.h:14:36: warning: unused parameter 'data' [-Wunused-parameter]
    static void fill_buffer(data_T data[CONFIG_T::in_width * CONFIG_T::n_chan],
                                   ^
firmware/nnet_utils/nnet_function_stubs.h:15:36: warning: unused parameter 'buffer' [-Wunused-parameter]
                            data_T buffer[CONFIG_T::n_pixels][CONFIG_T::filt_width * CONFIG_T::n_chan],
                                   ^
firmware/nnet_utils/nnet_function_stubs.h:16:44: warning: unused parameter 'partition' [-Wunused-parameter]
                            const unsigned partition) {
                                           ^
firmware/nnet_utils/nnet_function_stubs.h:24:24: warning: unused parameter 'data' [-Wunused-parameter]
    fill_buffer(data_T data[CONFIG_T::in_height * CONFIG_T::in_width * CONFIG_T::n_chan],
                       ^
firmware/nnet_utils/nnet_function_stubs.h:25:24: warning: unused parameter 'buffer' [-Wunused-parameter]
                data_T buffer[CONFIG_T::n_pixels][CONFIG_T::filt_height * CONFIG_T::filt_width * CONFIG_T::n_chan],
                       ^
firmware/nnet_utils/nnet_function_stubs.h:26:32: warning: unused parameter 'partition' [-Wunused-parameter]
                const unsigned partition) {
                               ^
firmware/nnet_utils/nnet_function_stubs.h:33:30: warning: unused parameter 'data' [-Wunused-parameter]
    static void dense(data_T data[CONFIG_T::n_in], res_T res[CONFIG_T::n_out],
                             ^
firmware/nnet_utils/nnet_function_stubs.h:33:58: warning: unused parameter 'res' [-Wunused-parameter]
    static void dense(data_T data[CONFIG_T::n_in], res_T res[CONFIG_T::n_out],
                                                         ^
firmware/nnet_utils/nnet_function_stubs.h:34:51: warning: unused parameter 'weights' [-Wunused-parameter]
                      typename CONFIG_T::weight_t weights[CONFIG_T::n_in * CONFIG_T::n_out],
                                                  ^
firmware/nnet_utils/nnet_function_stubs.h:35:49: warning: unused parameter 'biases' [-Wunused-parameter]
                      typename CONFIG_T::bias_t biases[CONFIG_T::n_out]) {
                                                ^
firmware/nnet_utils/nnet_function_stubs.h:42:30: warning: unused parameter 'data' [-Wunused-parameter]
    static void dense(data_T data[CONFIG_T::n_in], res_T res[CONFIG_T::n_out],
                             ^
firmware/nnet_utils/nnet_function_stubs.h:42:58: warning: unused parameter 'res' [-Wunused-parameter]
    static void dense(data_T data[CONFIG_T::n_in], res_T res[CONFIG_T::n_out],
                                                         ^
firmware/nnet_utils/nnet_function_stubs.h:43:51: warning: unused parameter 'weights' [-Wunused-parameter]
                      typename CONFIG_T::weight_t weights[CONFIG_T::n_in * CONFIG_T::n_out],
                                                  ^
firmware/nnet_utils/nnet_function_stubs.h:44:49: warning: unused parameter 'biases' [-Wunused-parameter]
                      typename CONFIG_T::bias_t biases[CONFIG_T::n_out]) {
                                                ^
firmware/nnet_utils/nnet_function_stubs.h:51:29: warning: unused parameter 'data' [-Wunused-parameter]
    static void conv(data_T data[CONFIG_T::in_width * CONFIG_T::n_chan], res_T res[CONFIG_T::out_width * CONFIG_T::n_filt],
                            ^
firmware/nnet_utils/nnet_function_stubs.h:51:80: warning: unused parameter 'res' [-Wunused-parameter]
    static void conv(data_T data[CONFIG_T::in_width * CONFIG_T::n_chan], res_T res[CONFIG_T::out_width * CONFIG_T::n_filt],
                                                                               ^
firmware/nnet_utils/nnet_function_stubs.h:52:50: warning: unused parameter 'weights' [-Wunused-parameter]
                     typename CONFIG_T::weight_t weights[CONFIG_T::n_chan * CONFIG_T::n_filt],
                                                 ^
firmware/nnet_utils/nnet_function_stubs.h:53:48: warning: unused parameter 'biases' [-Wunused-parameter]
                     typename CONFIG_T::bias_t biases[CONFIG_T::n_filt]) {
                                               ^
firmware/nnet_utils/nnet_function_stubs.h:59:9: warning: HLS pragma dump _XLX_SEP_ PragmaIsValid=1_XLX_SEP_ PragmaType=inline_XLX_SEP_ PragmaContext=_XLX_SEP_ PragmaFunction=bit_shift_XLX_SEP_ PragmaOptions=_XLX_SEP_ [-Wdump-hls-pragmas]
#pragma HLS INLINE
        ^
firmware/nnet_utils/nnet_function_stubs.h:66:9: warning: HLS pragma dump _XLX_SEP_ PragmaIsValid=1_XLX_SEP_ PragmaType=inline_XLX_SEP_ PragmaContext=_XLX_SEP_ PragmaFunction=bit_shift_XLX_SEP_ PragmaOptions=_XLX_SEP_ [-Wdump-hls-pragmas]
#pragma HLS INLINE
        ^
firmware/nnet_utils/nnet_function_stubs.h:73:9: warning: HLS pragma dump _XLX_SEP_ PragmaIsValid=1_XLX_SEP_ PragmaType=inline_XLX_SEP_ PragmaContext=_XLX_SEP_ PragmaFunction=bit_shift_XLX_SEP_ PragmaOptions=_XLX_SEP_ [-Wdump-hls-pragmas]
#pragma HLS INLINE
        ^
firmware/nnet_utils/nnet_function_stubs.h:80:9: warning: HLS pragma dump _XLX_SEP_ PragmaIsValid=1_XLX_SEP_ PragmaType=inline_XLX_SEP_ PragmaContext=_XLX_SEP_ PragmaFunction=bit_shift_XLX_SEP_ PragmaOptions=_XLX_SEP_ [-Wdump-hls-pragmas]
#pragma HLS INLINE
        ^
In file included from firmware/myproject.cpp:4:
In file included from firmware/parameters.h:7:
firmware/nnet_utils/nnet_code_gen.h:16:39: warning: unused parameter 'data' [-Wunused-parameter]
    static void pointwise_conv(data_T data[CONFIG_T::in_width * CONFIG_T::n_chan],
                                      ^
firmware/nnet_utils/nnet_code_gen.h:17:38: warning: unused parameter 'res' [-Wunused-parameter]
                               res_T res[CONFIG_T::out_width * CONFIG_T::n_filt],
                                     ^
firmware/nnet_utils/nnet_code_gen.h:18:60: warning: unused parameter 'weights' [-Wunused-parameter]
                               typename CONFIG_T::weight_t weights[CONFIG_T::n_chan * CONFIG_T::n_filt],
                                                           ^
firmware/nnet_utils/nnet_code_gen.h:19:58: warning: unused parameter 'biases' [-Wunused-parameter]
                               typename CONFIG_T::bias_t biases[CONFIG_T::n_filt]) {
                                                         ^
In file included from firmware/myproject.cpp:4:
In file included from firmware/parameters.h:10:
firmware/nnet_utils/nnet_activation.h:29:9: warning: HLS pragma dump _XLX_SEP_ PragmaIsValid=1_XLX_SEP_ PragmaType=pipeline_XLX_SEP_ PragmaContext=_XLX_SEP_ PragmaFunction=linear_XLX_SEP_ PragmaOptions=_XLX_SEP_ [-Wdump-hls-pragmas]
#pragma HLS PIPELINE
        ^
firmware/nnet_utils/nnet_activation.h:40:9: warning: HLS pragma dump _XLX_SEP_ PragmaIsValid=1_XLX_SEP_ PragmaType=pipeline_XLX_SEP_ PragmaContext=_XLX_SEP_ PragmaFunction=relu_XLX_SEP_ PragmaOptions=_XLX_SEP_ [-Wdump-hls-pragmas]
#pragma HLS PIPELINE
        ^
firmware/nnet_utils/nnet_activation.h:54:9: warning: HLS pragma dump _XLX_SEP_ PragmaIsValid=1_XLX_SEP_ PragmaType=pipeline_XLX_SEP_ PragmaContext=_XLX_SEP_ PragmaFunction=relu_max_XLX_SEP_ PragmaOptions=_XLX_SEP_ [-Wdump-hls-pragmas]
#pragma HLS PIPELINE
        ^
firmware/nnet_utils/nnet_activation.h:109:9: warning: HLS pragma dump _XLX_SEP_ PragmaIsValid=1_XLX_SEP_ PragmaType=pipeline_XLX_SEP_ PragmaContext=_XLX_SEP_ PragmaFunction=sigmoid_XLX_SEP_ PragmaOptions=_XLX_SEP_ [-Wdump-hls-pragmas]
#pragma HLS PIPELINE
        ^
firmware/nnet_utils/nnet_activation.h:176:9: warning: HLS pragma dump _XLX_SEP_ PragmaIsValid=1_XLX_SEP_ PragmaType=pipeline_XLX_SEP_ PragmaContext=_XLX_SEP_ PragmaFunction=softmax_latency_XLX_SEP_ PragmaOptions=_XLX_SEP_ [-Wdump-hls-pragmas]
#pragma HLS pipeline
        ^
firmware/nnet_utils/nnet_activation.h:198:9: warning: HLS pragma dump _XLX_SEP_ PragmaIsValid=1_XLX_SEP_ PragmaType=array_partition_XLX_SEP_ PragmaContext=_XLX_SEP_ PragmaFunction=softmax_latency_XLX_SEP_ PragmaOptions=variable=exp_res complete_XLX_SEP_ [-Wdump-hls-pragmas]
#pragma HLS array_partition variable=exp_res complete
        ^
firmware/nnet_utils/nnet_activation.h:201:9: warning: HLS pragma dump _XLX_SEP_ PragmaIsValid=1_XLX_SEP_ PragmaType=unroll_XLX_SEP_ PragmaContext=_XLX_SEP_ PragmaFunction=softmax_latency_XLX_SEP_ PragmaOptions=_XLX_SEP_ [-Wdump-hls-pragmas]
#pragma HLS unroll
        ^
firmware/nnet_utils/nnet_activation.h:214:9: warning: HLS pragma dump _XLX_SEP_ PragmaIsValid=1_XLX_SEP_ PragmaType=unroll_XLX_SEP_ PragmaContext=_XLX_SEP_ PragmaFunction=softmax_latency_XLX_SEP_ PragmaOptions=_XLX_SEP_ [-Wdump-hls-pragmas]
#pragma HLS unroll
        ^
firmware/nnet_utils/nnet_activation.h:221:9: warning: HLS pragma dump _XLX_SEP_ PragmaIsValid=1_XLX_SEP_ PragmaType=pipeline_XLX_SEP_ PragmaContext=_XLX_SEP_ PragmaFunction=softmax_stable_XLX_SEP_ PragmaOptions=_XLX_SEP_ [-Wdump-hls-pragmas]
#pragma HLS pipeline
        ^
firmware/nnet_utils/nnet_activation.h:247:9: warning: HLS pragma dump _XLX_SEP_ PragmaIsValid=1_XLX_SEP_ PragmaType=unroll_XLX_SEP_ PragmaContext=_XLX_SEP_ PragmaFunction=softmax_stable_XLX_SEP_ PragmaOptions=_XLX_SEP_ [-Wdump-hls-pragmas]
#pragma HLS unroll
        ^
firmware/nnet_utils/nnet_activation.h:253:9: warning: HLS pragma dump _XLX_SEP_ PragmaIsValid=1_XLX_SEP_ PragmaType=array_partition_XLX_SEP_ PragmaContext=_XLX_SEP_ PragmaFunction=softmax_stable_XLX_SEP_ PragmaOptions=variable=exp_res complete_XLX_SEP_ [-Wdump-hls-pragmas]
#pragma HLS array_partition variable=exp_res complete
        ^
firmware/nnet_utils/nnet_activation.h:256:9: warning: HLS pragma dump _XLX_SEP_ PragmaIsValid=1_XLX_SEP_ PragmaType=unroll_XLX_SEP_ PragmaContext=_XLX_SEP_ PragmaFunction=softmax_stable_XLX_SEP_ PragmaOptions=_XLX_SEP_ [-Wdump-hls-pragmas]
#pragma HLS unroll
        ^
firmware/nnet_utils/nnet_activation.h:269:9: warning: HLS pragma dump _XLX_SEP_ PragmaIsValid=1_XLX_SEP_ PragmaType=unroll_XLX_SEP_ PragmaContext=_XLX_SEP_ PragmaFunction=softmax_stable_XLX_SEP_ PragmaOptions=_XLX_SEP_ [-Wdump-hls-pragmas]
#pragma HLS unroll
        ^
firmware/nnet_utils/nnet_activation.h:317:9: warning: HLS pragma dump _XLX_SEP_ PragmaIsValid=1_XLX_SEP_ PragmaType=pipeline_XLX_SEP_ PragmaContext=_XLX_SEP_ PragmaFunction=softmax_legacy_XLX_SEP_ PragmaOptions=_XLX_SEP_ [-Wdump-hls-pragmas]
#pragma HLS PIPELINE
        ^
firmware/nnet_utils/nnet_activation.h:362:9: warning: HLS pragma dump _XLX_SEP_ PragmaIsValid=1_XLX_SEP_ PragmaType=unroll_XLX_SEP_ PragmaContext=_XLX_SEP_ PragmaFunction=softmax_argmax_XLX_SEP_ PragmaOptions=_XLX_SEP_ [-Wdump-hls-pragmas]
#pragma HLS UNROLL
        ^
firmware/nnet_utils/nnet_activation.h:370:9: warning: HLS pragma dump _XLX_SEP_ PragmaIsValid=1_XLX_SEP_ PragmaType=pipeline_XLX_SEP_ PragmaContext=_XLX_SEP_ PragmaFunction=softmax_argmax_XLX_SEP_ PragmaOptions=_XLX_SEP_ [-Wdump-hls-pragmas]
#pragma HLS PIPELINE
        ^
firmware/nnet_utils/nnet_activation.h:382:9: warning: HLS pragma dump _XLX_SEP_ PragmaIsValid=1_XLX_SEP_ PragmaType=inline_XLX_SEP_ PragmaContext=_XLX_SEP_ PragmaFunction=softmax_XLX_SEP_ PragmaOptions=_XLX_SEP_ [-Wdump-hls-pragmas]
#pragma HLS inline
        ^
firmware/nnet_utils/nnet_activation.h:401:9: warning: HLS pragma dump _XLX_SEP_ PragmaIsValid=1_XLX_SEP_ PragmaType=inline_XLX_SEP_ PragmaContext=_XLX_SEP_ PragmaFunction=softmax_multidim_XLX_SEP_ PragmaOptions=_XLX_SEP_ [-Wdump-hls-pragmas]
#pragma HLS inline
        ^
firmware/nnet_utils/nnet_activation.h:402:36: warning: unexpected pragma argument 'softmax', expects function/operation [-Winvalid-hls-pragmas]
#pragma HLS allocation instances = softmax<CONFIG_T> limit = CONFIG_T::parallelization_factor function
                                   ^
firmware/nnet_utils/nnet_activation.h:402:9: warning: HLS pragma dump _XLX_SEP_ PragmaIsValid=0_XLX_SEP_ PragmaType=allocation_XLX_SEP_ PragmaContext=_XLX_SEP_ PragmaFunction=softmax_multidim_XLX_SEP_ PragmaOptions=instances = softmax_XLX_SEP_ [-Wdump-hls-pragmas]
#pragma HLS allocation instances = softmax<CONFIG_T> limit = CONFIG_T::parallelization_factor function
        ^
firmware/nnet_utils/nnet_activation.h:406:9: warning: HLS pragma dump _XLX_SEP_ PragmaIsValid=1_XLX_SEP_ PragmaType=unroll_XLX_SEP_ PragmaContext=_XLX_SEP_ PragmaFunction=softmax_multidim_XLX_SEP_ PragmaOptions=_XLX_SEP_ [-Wdump-hls-pragmas]
#pragma HLS UNROLL
        ^
firmware/nnet_utils/nnet_activation.h:408:9: warning: HLS pragma dump _XLX_SEP_ PragmaIsValid=1_XLX_SEP_ PragmaType=unroll_XLX_SEP_ PragmaContext=_XLX_SEP_ PragmaFunction=softmax_multidim_XLX_SEP_ PragmaOptions=_XLX_SEP_ [-Wdump-hls-pragmas]
#pragma HLS UNROLL
        ^
firmware/nnet_utils/nnet_activation.h:410:9: warning: HLS pragma dump _XLX_SEP_ PragmaIsValid=1_XLX_SEP_ PragmaType=unroll_XLX_SEP_ PragmaContext=_XLX_SEP_ PragmaFunction=softmax_multidim_XLX_SEP_ PragmaOptions=_XLX_SEP_ [-Wdump-hls-pragmas]
#pragma HLS UNROLL
        ^
firmware/nnet_utils/nnet_activation.h:415:9: warning: HLS pragma dump _XLX_SEP_ PragmaIsValid=1_XLX_SEP_ PragmaType=unroll_XLX_SEP_ PragmaContext=_XLX_SEP_ PragmaFunction=softmax_multidim_XLX_SEP_ PragmaOptions=_XLX_SEP_ [-Wdump-hls-pragmas]
#pragma HLS UNROLL
        ^
firmware/nnet_utils/nnet_activation.h:452:9: warning: HLS pragma dump _XLX_SEP_ PragmaIsValid=1_XLX_SEP_ PragmaType=pipeline_XLX_SEP_ PragmaContext=_XLX_SEP_ PragmaFunction=tanh_XLX_SEP_ PragmaOptions=_XLX_SEP_ [-Wdump-hls-pragmas]
#pragma HLS PIPELINE
        ^
firmware/nnet_utils/nnet_activation.h:481:9: warning: HLS pragma dump _XLX_SEP_ PragmaIsValid=1_XLX_SEP_ PragmaType=function_instantiate_XLX_SEP_ PragmaContext=_XLX_SEP_ PragmaFunction=unary_lut_XLX_SEP_ PragmaOptions=variable=table_XLX_SEP_ [-Wdump-hls-pragmas]
#pragma HLS function_instantiate variable=table
        ^
firmware/nnet_utils/nnet_activation.h:482:9: warning: HLS pragma dump _XLX_SEP_ PragmaIsValid=1_XLX_SEP_ PragmaType=array_partition_XLX_SEP_ PragmaContext=_XLX_SEP_ PragmaFunction=unary_lut_XLX_SEP_ PragmaOptions=variable=table_XLX_SEP_ [-Wdump-hls-pragmas]
#pragma HLS ARRAY_PARTITION variable=table
        ^
firmware/nnet_utils/nnet_activation.h:485:9: warning: HLS pragma dump _XLX_SEP_ PragmaIsValid=1_XLX_SEP_ PragmaType=unroll_XLX_SEP_ PragmaContext=_XLX_SEP_ PragmaFunction=unary_lut_XLX_SEP_ PragmaOptions=_XLX_SEP_ [-Wdump-hls-pragmas]
#pragma HLS UNROLL
        ^
firmware/nnet_utils/nnet_activation.h:496:9: warning: HLS pragma dump _XLX_SEP_ PragmaIsValid=1_XLX_SEP_ PragmaType=pipeline_XLX_SEP_ PragmaContext=_XLX_SEP_ PragmaFunction=hard_sigmoid_XLX_SEP_ PragmaOptions=_XLX_SEP_ [-Wdump-hls-pragmas]
#pragma HLS PIPELINE
        ^
firmware/nnet_utils/nnet_activation.h:511:9: warning: HLS pragma dump _XLX_SEP_ PragmaIsValid=1_XLX_SEP_ PragmaType=pipeline_XLX_SEP_ PragmaContext=_XLX_SEP_ PragmaFunction=hard_tanh_XLX_SEP_ PragmaOptions=_XLX_SEP_ [-Wdump-hls-pragmas]
#pragma HLS PIPELINE
        ^
firmware/nnet_utils/nnet_activation.h:529:9: warning: HLS pragma dump _XLX_SEP_ PragmaIsValid=1_XLX_SEP_ PragmaType=pipeline_XLX_SEP_ PragmaContext=_XLX_SEP_ PragmaFunction=leaky_relu_XLX_SEP_ PragmaOptions=_XLX_SEP_ [-Wdump-hls-pragmas]
#pragma HLS PIPELINE
        ^
firmware/nnet_utils/nnet_activation.h:546:9: warning: HLS pragma dump _XLX_SEP_ PragmaIsValid=1_XLX_SEP_ PragmaType=pipeline_XLX_SEP_ PragmaContext=_XLX_SEP_ PragmaFunction=thresholded_relu_XLX_SEP_ PragmaOptions=_XLX_SEP_ [-Wdump-hls-pragmas]
#pragma HLS PIPELINE
        ^
firmware/nnet_utils/nnet_activation.h:591:9: warning: HLS pragma dump _XLX_SEP_ PragmaIsValid=1_XLX_SEP_ PragmaType=pipeline_XLX_SEP_ PragmaContext=_XLX_SEP_ PragmaFunction=softplus_XLX_SEP_ PragmaOptions=_XLX_SEP_ [-Wdump-hls-pragmas]
#pragma HLS PIPELINE
        ^
firmware/nnet_utils/nnet_activation.h:640:9: warning: HLS pragma dump _XLX_SEP_ PragmaIsValid=1_XLX_SEP_ PragmaType=pipeline_XLX_SEP_ PragmaContext=_XLX_SEP_ PragmaFunction=softsign_XLX_SEP_ PragmaOptions=_XLX_SEP_ [-Wdump-hls-pragmas]
#pragma HLS PIPELINE
        ^
firmware/nnet_utils/nnet_activation.h:689:9: warning: HLS pragma dump _XLX_SEP_ PragmaIsValid=1_XLX_SEP_ PragmaType=pipeline_XLX_SEP_ PragmaContext=_XLX_SEP_ PragmaFunction=elu_XLX_SEP_ PragmaOptions=_XLX_SEP_ [-Wdump-hls-pragmas]
#pragma HLS PIPELINE
        ^
firmware/nnet_utils/nnet_activation.h:748:9: warning: HLS pragma dump _XLX_SEP_ PragmaIsValid=1_XLX_SEP_ PragmaType=pipeline_XLX_SEP_ PragmaContext=_XLX_SEP_ PragmaFunction=selu_XLX_SEP_ PragmaOptions=_XLX_SEP_ [-Wdump-hls-pragmas]
#pragma HLS PIPELINE
        ^
firmware/nnet_utils/nnet_activation.h:776:9: warning: HLS pragma dump _XLX_SEP_ PragmaIsValid=1_XLX_SEP_ PragmaType=pipeline_XLX_SEP_ PragmaContext=_XLX_SEP_ PragmaFunction=prelu_XLX_SEP_ PragmaOptions=_XLX_SEP_ [-Wdump-hls-pragmas]
#pragma HLS PIPELINE
        ^
firmware/nnet_utils/nnet_activation.h:804:9: warning: HLS pragma dump _XLX_SEP_ PragmaIsValid=1_XLX_SEP_ PragmaType=pipeline_XLX_SEP_ PragmaContext=_XLX_SEP_ PragmaFunction=binary_tanh_XLX_SEP_ PragmaOptions=_XLX_SEP_ [-Wdump-hls-pragmas]
#pragma HLS PIPELINE
        ^
firmware/nnet_utils/nnet_activation.h:824:9: warning: HLS pragma dump _XLX_SEP_ PragmaIsValid=1_XLX_SEP_ PragmaType=pipeline_XLX_SEP_ PragmaContext=_XLX_SEP_ PragmaFunction=ternary_tanh_XLX_SEP_ PragmaOptions=_XLX_SEP_ [-Wdump-hls-pragmas]
#pragma HLS PIPELINE
        ^
In file included from firmware/myproject.cpp:4:
In file included from firmware/parameters.h:11:
In file included from firmware/nnet_utils/nnet_activation_stream.h:8:
firmware/nnet_utils/nnet_stream.h:23:9: warning: HLS pragma dump _XLX_SEP_ PragmaIsValid=1_XLX_SEP_ PragmaType=pipeline_XLX_SEP_ PragmaContext=_XLX_SEP_ PragmaFunction=clone_stream_XLX_SEP_ PragmaOptions=_XLX_SEP_ [-Wdump-hls-pragmas]
#pragma HLS PIPELINE
        ^
firmware/nnet_utils/nnet_stream.h:33:9: warning: HLS pragma dump _XLX_SEP_ PragmaIsValid=1_XLX_SEP_ PragmaType=unroll_XLX_SEP_ PragmaContext=_XLX_SEP_ PragmaFunction=clone_stream_XLX_SEP_ PragmaOptions=_XLX_SEP_ [-Wdump-hls-pragmas]
#pragma HLS UNROLL
        ^
firmware/nnet_utils/nnet_stream.h:47:9: warning: HLS pragma dump _XLX_SEP_ PragmaIsValid=1_XLX_SEP_ PragmaType=pipeline_XLX_SEP_ PragmaContext=_XLX_SEP_ PragmaFunction=clone_stream_XLX_SEP_ PragmaOptions=_XLX_SEP_ [-Wdump-hls-pragmas]
#pragma HLS PIPELINE
        ^
firmware/nnet_utils/nnet_stream.h:59:9: warning: HLS pragma dump _XLX_SEP_ PragmaIsValid=1_XLX_SEP_ PragmaType=unroll_XLX_SEP_ PragmaContext=_XLX_SEP_ PragmaFunction=clone_stream_XLX_SEP_ PragmaOptions=_XLX_SEP_ [-Wdump-hls-pragmas]
#pragma HLS UNROLL
        ^
firmware/nnet_utils/nnet_stream.h:76:9: warning: HLS pragma dump _XLX_SEP_ PragmaIsValid=1_XLX_SEP_ PragmaType=pipeline_XLX_SEP_ PragmaContext=_XLX_SEP_ PragmaFunction=clone_stream_XLX_SEP_ PragmaOptions=_XLX_SEP_ [-Wdump-hls-pragmas]
#pragma HLS PIPELINE
        ^
firmware/nnet_utils/nnet_stream.h:90:9: warning: HLS pragma dump _XLX_SEP_ PragmaIsValid=1_XLX_SEP_ PragmaType=unroll_XLX_SEP_ PragmaContext=_XLX_SEP_ PragmaFunction=clone_stream_XLX_SEP_ PragmaOptions=_XLX_SEP_ [-Wdump-hls-pragmas]
#pragma HLS UNROLL
        ^
firmware/nnet_utils/nnet_stream.h:109:9: warning: HLS pragma dump _XLX_SEP_ PragmaIsValid=1_XLX_SEP_ PragmaType=pipeline_XLX_SEP_ PragmaContext=_XLX_SEP_ PragmaFunction=clone_stream_XLX_SEP_ PragmaOptions=_XLX_SEP_ [-Wdump-hls-pragmas]
#pragma HLS PIPELINE
        ^
firmware/nnet_utils/nnet_stream.h:125:9: warning: HLS pragma dump _XLX_SEP_ PragmaIsValid=1_XLX_SEP_ PragmaType=unroll_XLX_SEP_ PragmaContext=_XLX_SEP_ PragmaFunction=clone_stream_XLX_SEP_ PragmaOptions=_XLX_SEP_ [-Wdump-hls-pragmas]
#pragma HLS UNROLL
        ^
firmware/nnet_utils/nnet_stream.h:146:9: warning: HLS pragma dump _XLX_SEP_ PragmaIsValid=1_XLX_SEP_ PragmaType=pipeline_XLX_SEP_ PragmaContext=_XLX_SEP_ PragmaFunction=clone_stream_XLX_SEP_ PragmaOptions=_XLX_SEP_ [-Wdump-hls-pragmas]
#pragma HLS PIPELINE
        ^
firmware/nnet_utils/nnet_stream.h:164:9: warning: HLS pragma dump _XLX_SEP_ PragmaIsValid=1_XLX_SEP_ PragmaType=unroll_XLX_SEP_ PragmaContext=_XLX_SEP_ PragmaFunction=clone_stream_XLX_SEP_ PragmaOptions=_XLX_SEP_ [-Wdump-hls-pragmas]
#pragma HLS UNROLL
        ^
firmware/nnet_utils/nnet_stream.h:187:9: warning: HLS pragma dump _XLX_SEP_ PragmaIsValid=1_XLX_SEP_ PragmaType=pipeline_XLX_SEP_ PragmaContext=_XLX_SEP_ PragmaFunction=clone_stream_XLX_SEP_ PragmaOptions=_XLX_SEP_ [-Wdump-hls-pragmas]
#pragma HLS PIPELINE
        ^
firmware/nnet_utils/nnet_stream.h:207:9: warning: HLS pragma dump _XLX_SEP_ PragmaIsValid=1_XLX_SEP_ PragmaType=unroll_XLX_SEP_ PragmaContext=_XLX_SEP_ PragmaFunction=clone_stream_XLX_SEP_ PragmaOptions=_XLX_SEP_ [-Wdump-hls-pragmas]
#pragma HLS UNROLL
        ^
firmware/nnet_utils/nnet_stream.h:230:9: warning: HLS pragma dump _XLX_SEP_ PragmaIsValid=1_XLX_SEP_ PragmaType=pipeline_XLX_SEP_ PragmaContext=_XLX_SEP_ PragmaFunction=repack_stream_XLX_SEP_ PragmaOptions=_XLX_SEP_ [-Wdump-hls-pragmas]
#pragma HLS PIPELINE
        ^
firmware/nnet_utils/nnet_stream.h:237:9: warning: HLS pragma dump _XLX_SEP_ PragmaIsValid=1_XLX_SEP_ PragmaType=unroll_XLX_SEP_ PragmaContext=_XLX_SEP_ PragmaFunction=repack_stream_XLX_SEP_ PragmaOptions=_XLX_SEP_ [-Wdump-hls-pragmas]
#pragma HLS UNROLL
        ^
firmware/nnet_utils/nnet_stream.h:247:9: warning: HLS pragma dump _XLX_SEP_ PragmaIsValid=1_XLX_SEP_ PragmaType=pipeline_XLX_SEP_ PragmaContext=_XLX_SEP_ PragmaFunction=repack_stream_XLX_SEP_ PragmaOptions=_XLX_SEP_ [-Wdump-hls-pragmas]
#pragma HLS PIPELINE
        ^
firmware/nnet_utils/nnet_stream.h:255:9: warning: HLS pragma dump _XLX_SEP_ PragmaIsValid=1_XLX_SEP_ PragmaType=pipeline_XLX_SEP_ PragmaContext=_XLX_SEP_ PragmaFunction=repack_stream_XLX_SEP_ PragmaOptions=_XLX_SEP_ [-Wdump-hls-pragmas]
#pragma HLS PIPELINE
        ^
firmware/nnet_utils/nnet_stream.h:259:9: warning: HLS pragma dump _XLX_SEP_ PragmaIsValid=1_XLX_SEP_ PragmaType=unroll_XLX_SEP_ PragmaContext=_XLX_SEP_ PragmaFunction=repack_stream_XLX_SEP_ PragmaOptions=_XLX_SEP_ [-Wdump-hls-pragmas]
#pragma HLS UNROLL
        ^
firmware/nnet_utils/nnet_stream.h:270:9: warning: HLS pragma dump _XLX_SEP_ PragmaIsValid=1_XLX_SEP_ PragmaType=pipeline_XLX_SEP_ PragmaContext=_XLX_SEP_ PragmaFunction=repack_stream_XLX_SEP_ PragmaOptions=_XLX_SEP_ [-Wdump-hls-pragmas]
#pragma HLS PIPELINE
        ^
firmware/nnet_utils/nnet_stream.h:274:9: warning: HLS pragma dump _XLX_SEP_ PragmaIsValid=1_XLX_SEP_ PragmaType=unroll_XLX_SEP_ PragmaContext=_XLX_SEP_ PragmaFunction=repack_stream_XLX_SEP_ PragmaOptions=_XLX_SEP_ [-Wdump-hls-pragmas]
#pragma HLS UNROLL
        ^
firmware/nnet_utils/nnet_stream.h:295:9: warning: HLS pragma dump _XLX_SEP_ PragmaIsValid=1_XLX_SEP_ PragmaType=pipeline_XLX_SEP_ PragmaContext=_XLX_SEP_ PragmaFunction=broadcast_stream_1x1xC_XLX_SEP_ PragmaOptions=_XLX_SEP_ [-Wdump-hls-pragmas]
#pragma HLS PIPELINE
        ^
firmware/nnet_utils/nnet_stream.h:298:9: warning: HLS pragma dump _XLX_SEP_ PragmaIsValid=1_XLX_SEP_ PragmaType=pipeline_XLX_SEP_ PragmaContext=_XLX_SEP_ PragmaFunction=broadcast_stream_1x1xC_XLX_SEP_ PragmaOptions=_XLX_SEP_ [-Wdump-hls-pragmas]
#pragma HLS PIPELINE
        ^
firmware/nnet_utils/nnet_stream.h:302:9: warning: HLS pragma dump _XLX_SEP_ PragmaIsValid=1_XLX_SEP_ PragmaType=unroll_XLX_SEP_ PragmaContext=_XLX_SEP_ PragmaFunction=broadcast_stream_1x1xC_XLX_SEP_ PragmaOptions=_XLX_SEP_ [-Wdump-hls-pragmas]
#pragma HLS UNROLL
        ^
firmware/nnet_utils/nnet_stream.h:316:9: warning: HLS pragma dump _XLX_SEP_ PragmaIsValid=1_XLX_SEP_ PragmaType=pipeline_XLX_SEP_ PragmaContext=_XLX_SEP_ PragmaFunction=broadcast_stream_HxWx1_XLX_SEP_ PragmaOptions=_XLX_SEP_ [-Wdump-hls-pragmas]
#pragma HLS PIPELINE
        ^
firmware/nnet_utils/nnet_stream.h:321:9: warning: HLS pragma dump _XLX_SEP_ PragmaIsValid=1_XLX_SEP_ PragmaType=unroll_XLX_SEP_ PragmaContext=_XLX_SEP_ PragmaFunction=broadcast_stream_HxWx1_XLX_SEP_ PragmaOptions=_XLX_SEP_ [-Wdump-hls-pragmas]
#pragma HLS UNROLL
        ^
In file included from firmware/myproject.cpp:4:
In file included from firmware/parameters.h:11:
firmware/nnet_utils/nnet_activation_stream.h:20:9: warning: HLS pragma dump _XLX_SEP_ PragmaIsValid=1_XLX_SEP_ PragmaType=pipeline_XLX_SEP_ PragmaContext=_XLX_SEP_ PragmaFunction=linear_XLX_SEP_ PragmaOptions=_XLX_SEP_ [-Wdump-hls-pragmas]
#pragma HLS PIPELINE
        ^
firmware/nnet_utils/nnet_activation_stream.h:28:9: warning: HLS pragma dump _XLX_SEP_ PragmaIsValid=1_XLX_SEP_ PragmaType=unroll_XLX_SEP_ PragmaContext=_XLX_SEP_ PragmaFunction=linear_XLX_SEP_ PragmaOptions=_XLX_SEP_ [-Wdump-hls-pragmas]
#pragma HLS UNROLL
        ^
firmware/nnet_utils/nnet_activation_stream.h:42:9: warning: HLS pragma dump _XLX_SEP_ PragmaIsValid=1_XLX_SEP_ PragmaType=pipeline_XLX_SEP_ PragmaContext=_XLX_SEP_ PragmaFunction=relu_XLX_SEP_ PragmaOptions=_XLX_SEP_ [-Wdump-hls-pragmas]
#pragma HLS PIPELINE
        ^
firmware/nnet_utils/nnet_activation_stream.h:50:9: warning: HLS pragma dump _XLX_SEP_ PragmaIsValid=1_XLX_SEP_ PragmaType=unroll_XLX_SEP_ PragmaContext=_XLX_SEP_ PragmaFunction=relu_XLX_SEP_ PragmaOptions=_XLX_SEP_ [-Wdump-hls-pragmas]
#pragma HLS UNROLL
        ^
firmware/nnet_utils/nnet_activation_stream.h:81:9: warning: HLS pragma dump _XLX_SEP_ PragmaIsValid=1_XLX_SEP_ PragmaType=pipeline_XLX_SEP_ PragmaContext=_XLX_SEP_ PragmaFunction=sigmoid_XLX_SEP_ PragmaOptions=_XLX_SEP_ [-Wdump-hls-pragmas]
#pragma HLS PIPELINE
        ^
firmware/nnet_utils/nnet_activation_stream.h:89:9: warning: HLS pragma dump _XLX_SEP_ PragmaIsValid=1_XLX_SEP_ PragmaType=unroll_XLX_SEP_ PragmaContext=_XLX_SEP_ PragmaFunction=sigmoid_XLX_SEP_ PragmaOptions=_XLX_SEP_ [-Wdump-hls-pragmas]
#pragma HLS UNROLL
        ^
firmware/nnet_utils/nnet_activation_stream.h:133:9: warning: HLS pragma dump _XLX_SEP_ PragmaIsValid=1_XLX_SEP_ PragmaType=array_partition_XLX_SEP_ PragmaContext=_XLX_SEP_ PragmaFunction=softmax_latency_XLX_SEP_ PragmaOptions=variable=exp_res complete_XLX_SEP_ [-Wdump-hls-pragmas]
#pragma HLS array_partition variable=exp_res complete
        ^
firmware/nnet_utils/nnet_activation_stream.h:137:9: warning: HLS pragma dump _XLX_SEP_ PragmaIsValid=1_XLX_SEP_ PragmaType=pipeline_XLX_SEP_ PragmaContext=_XLX_SEP_ PragmaFunction=softmax_latency_XLX_SEP_ PragmaOptions=II=ii_XLX_SEP_ [-Wdump-hls-pragmas]
#pragma HLS PIPELINE II=ii
        ^
firmware/nnet_utils/nnet_activation_stream.h:142:9: warning: HLS pragma dump _XLX_SEP_ PragmaIsValid=1_XLX_SEP_ PragmaType=unroll_XLX_SEP_ PragmaContext=_XLX_SEP_ PragmaFunction=softmax_latency_XLX_SEP_ PragmaOptions=_XLX_SEP_ [-Wdump-hls-pragmas]
#pragma HLS UNROLL
        ^
firmware/nnet_utils/nnet_activation_stream.h:160:9: warning: HLS pragma dump _XLX_SEP_ PragmaIsValid=1_XLX_SEP_ PragmaType=unroll_XLX_SEP_ PragmaContext=_XLX_SEP_ PragmaFunction=softmax_latency_XLX_SEP_ PragmaOptions=_XLX_SEP_ [-Wdump-hls-pragmas]
#pragma HLS UNROLL
        ^
firmware/nnet_utils/nnet_activation_stream.h:161:9: warning: HLS pragma dump _XLX_SEP_ PragmaIsValid=1_XLX_SEP_ PragmaType=allocation_XLX_SEP_ PragmaContext=_XLX_SEP_ PragmaFunction=softmax_latency_XLX_SEP_ PragmaOptions=operation instances=mul limit=multiplier_limit_XLX_SEP_ [-Wdump-hls-pragmas]
#pragma HLS ALLOCATION operation instances=mul limit=multiplier_limit
        ^
firmware/nnet_utils/nnet_activation_stream.h:193:9: warning: HLS pragma dump _XLX_SEP_ PragmaIsValid=1_XLX_SEP_ PragmaType=array_partition_XLX_SEP_ PragmaContext=_XLX_SEP_ PragmaFunction=softmax_stable_XLX_SEP_ PragmaOptions=variable=data_array complete_XLX_SEP_ [-Wdump-hls-pragmas]
#pragma HLS ARRAY_PARTITION variable=data_array complete
        ^
firmware/nnet_utils/nnet_activation_stream.h:196:9: warning: HLS pragma dump _XLX_SEP_ PragmaIsValid=1_XLX_SEP_ PragmaType=pipeline_XLX_SEP_ PragmaContext=_XLX_SEP_ PragmaFunction=softmax_stable_XLX_SEP_ PragmaOptions=II=ii_XLX_SEP_ [-Wdump-hls-pragmas]
#pragma HLS PIPELINE II=ii
        ^
firmware/nnet_utils/nnet_activation_stream.h:201:9: warning: HLS pragma dump _XLX_SEP_ PragmaIsValid=1_XLX_SEP_ PragmaType=unroll_XLX_SEP_ PragmaContext=_XLX_SEP_ PragmaFunction=softmax_stable_XLX_SEP_ PragmaOptions=_XLX_SEP_ [-Wdump-hls-pragmas]
#pragma HLS UNROLL
        ^
firmware/nnet_utils/nnet_activation_stream.h:212:9: warning: HLS pragma dump _XLX_SEP_ PragmaIsValid=1_XLX_SEP_ PragmaType=unroll_XLX_SEP_ PragmaContext=_XLX_SEP_ PragmaFunction=softmax_stable_XLX_SEP_ PragmaOptions=_XLX_SEP_ [-Wdump-hls-pragmas]
#pragma HLS UNROLL
        ^
firmware/nnet_utils/nnet_activation_stream.h:218:9: warning: HLS pragma dump _XLX_SEP_ PragmaIsValid=1_XLX_SEP_ PragmaType=array_partition_XLX_SEP_ PragmaContext=_XLX_SEP_ PragmaFunction=softmax_stable_XLX_SEP_ PragmaOptions=variable=exp_res complete_XLX_SEP_ [-Wdump-hls-pragmas]
#pragma HLS ARRAY_PARTITION variable=exp_res complete
        ^
firmware/nnet_utils/nnet_activation_stream.h:221:9: warning: HLS pragma dump _XLX_SEP_ PragmaIsValid=1_XLX_SEP_ PragmaType=unroll_XLX_SEP_ PragmaContext=_XLX_SEP_ PragmaFunction=softmax_stable_XLX_SEP_ PragmaOptions=_XLX_SEP_ [-Wdump-hls-pragmas]
#pragma HLS UNROLL
        ^
firmware/nnet_utils/nnet_activation_stream.h:239:9: warning: HLS pragma dump _XLX_SEP_ PragmaIsValid=1_XLX_SEP_ PragmaType=unroll_XLX_SEP_ PragmaContext=_XLX_SEP_ PragmaFunction=softmax_stable_XLX_SEP_ PragmaOptions=_XLX_SEP_ [-Wdump-hls-pragmas]
#pragma HLS UNROLL
        ^
firmware/nnet_utils/nnet_activation_stream.h:240:9: warning: HLS pragma dump _XLX_SEP_ PragmaIsValid=1_XLX_SEP_ PragmaType=allocation_XLX_SEP_ PragmaContext=_XLX_SEP_ PragmaFunction=softmax_stable_XLX_SEP_ PragmaOptions=operation instances=mul limit=multiplier_limit_XLX_SEP_ [-Wdump-hls-pragmas]
#pragma HLS ALLOCATION operation instances=mul limit=multiplier_limit
        ^
firmware/nnet_utils/nnet_activation_stream.h:272:9: warning: HLS pragma dump _XLX_SEP_ PragmaIsValid=1_XLX_SEP_ PragmaType=pipeline_XLX_SEP_ PragmaContext=_XLX_SEP_ PragmaFunction=softmax_legacy_XLX_SEP_ PragmaOptions=_XLX_SEP_ [-Wdump-hls-pragmas]
#pragma HLS PIPELINE
        ^
firmware/nnet_utils/nnet_activation_stream.h:276:9: warning: HLS pragma dump _XLX_SEP_ PragmaIsValid=1_XLX_SEP_ PragmaType=unroll_XLX_SEP_ PragmaContext=_XLX_SEP_ PragmaFunction=softmax_legacy_XLX_SEP_ PragmaOptions=_XLX_SEP_ [-Wdump-hls-pragmas]
#pragma HLS UNROLL
        ^
firmware/nnet_utils/nnet_activation_stream.h:283:9: warning: HLS pragma dump _XLX_SEP_ PragmaIsValid=1_XLX_SEP_ PragmaType=unroll_XLX_SEP_ PragmaContext=_XLX_SEP_ PragmaFunction=softmax_legacy_XLX_SEP_ PragmaOptions=_XLX_SEP_ [-Wdump-hls-pragmas]
#pragma HLS UNROLL
        ^
firmware/nnet_utils/nnet_activation_stream.h:286:9: warning: HLS pragma dump _XLX_SEP_ PragmaIsValid=1_XLX_SEP_ PragmaType=unroll_XLX_SEP_ PragmaContext=_XLX_SEP_ PragmaFunction=softmax_legacy_XLX_SEP_ PragmaOptions=_XLX_SEP_ [-Wdump-hls-pragmas]
#pragma HLS UNROLL
        ^
firmware/nnet_utils/nnet_activation_stream.h:309:9: warning: HLS pragma dump _XLX_SEP_ PragmaIsValid=1_XLX_SEP_ PragmaType=unroll_XLX_SEP_ PragmaContext=_XLX_SEP_ PragmaFunction=softmax_legacy_XLX_SEP_ PragmaOptions=_XLX_SEP_ [-Wdump-hls-pragmas]
#pragma HLS UNROLL
        ^
firmware/nnet_utils/nnet_activation_stream.h:326:9: warning: HLS pragma dump _XLX_SEP_ PragmaIsValid=1_XLX_SEP_ PragmaType=pipeline_XLX_SEP_ PragmaContext=_XLX_SEP_ PragmaFunction=softmax_argmax_XLX_SEP_ PragmaOptions=_XLX_SEP_ [-Wdump-hls-pragmas]
#pragma HLS PIPELINE
        ^
firmware/nnet_utils/nnet_activation_stream.h:331:9: warning: HLS pragma dump _XLX_SEP_ PragmaIsValid=1_XLX_SEP_ PragmaType=unroll_XLX_SEP_ PragmaContext=_XLX_SEP_ PragmaFunction=softmax_argmax_XLX_SEP_ PragmaOptions=_XLX_SEP_ [-Wdump-hls-pragmas]
#pragma HLS UNROLL
        ^
firmware/nnet_utils/nnet_activation_stream.h:339:9: warning: HLS pragma dump _XLX_SEP_ PragmaIsValid=1_XLX_SEP_ PragmaType=pipeline_XLX_SEP_ PragmaContext=_XLX_SEP_ PragmaFunction=softmax_argmax_XLX_SEP_ PragmaOptions=_XLX_SEP_ [-Wdump-hls-pragmas]
#pragma HLS PIPELINE
        ^
firmware/nnet_utils/nnet_activation_stream.h:390:9: warning: HLS pragma dump _XLX_SEP_ PragmaIsValid=1_XLX_SEP_ PragmaType=pipeline_XLX_SEP_ PragmaContext=_XLX_SEP_ PragmaFunction=tanh_XLX_SEP_ PragmaOptions=_XLX_SEP_ [-Wdump-hls-pragmas]
#pragma HLS PIPELINE
        ^
firmware/nnet_utils/nnet_activation_stream.h:398:9: warning: HLS pragma dump _XLX_SEP_ PragmaIsValid=1_XLX_SEP_ PragmaType=unroll_XLX_SEP_ PragmaContext=_XLX_SEP_ PragmaFunction=tanh_XLX_SEP_ PragmaOptions=_XLX_SEP_ [-Wdump-hls-pragmas]
#pragma HLS UNROLL
        ^
firmware/nnet_utils/nnet_activation_stream.h:418:9: warning: HLS pragma dump _XLX_SEP_ PragmaIsValid=1_XLX_SEP_ PragmaType=function_instantiate_XLX_SEP_ PragmaContext=_XLX_SEP_ PragmaFunction=unary_lut_XLX_SEP_ PragmaOptions=variable=table_XLX_SEP_ [-Wdump-hls-pragmas]
#pragma HLS function_instantiate variable=table
        ^
firmware/nnet_utils/nnet_activation_stream.h:419:9: warning: HLS pragma dump _XLX_SEP_ PragmaIsValid=1_XLX_SEP_ PragmaType=array_partition_XLX_SEP_ PragmaContext=_XLX_SEP_ PragmaFunction=unary_lut_XLX_SEP_ PragmaOptions=variable=table complete_XLX_SEP_ [-Wdump-hls-pragmas]
#pragma HLS ARRAY_PARTITION variable=table complete
        ^
firmware/nnet_utils/nnet_activation_stream.h:423:9: warning: HLS pragma dump _XLX_SEP_ PragmaIsValid=1_XLX_SEP_ PragmaType=pipeline_XLX_SEP_ PragmaContext=_XLX_SEP_ PragmaFunction=unary_lut_XLX_SEP_ PragmaOptions=II=CONFIG_T::reuse_factor rewind_XLX_SEP_ [-Wdump-hls-pragmas]
#pragma HLS PIPELINE II=CONFIG_T::reuse_factor rewind
        ^
firmware/nnet_utils/nnet_activation_stream.h:431:9: warning: HLS pragma dump _XLX_SEP_ PragmaIsValid=1_XLX_SEP_ PragmaType=unroll_XLX_SEP_ PragmaContext=_XLX_SEP_ PragmaFunction=unary_lut_XLX_SEP_ PragmaOptions=_XLX_SEP_ [-Wdump-hls-pragmas]
#pragma HLS UNROLL
        ^
firmware/nnet_utils/nnet_activation_stream.h:449:9: warning: HLS pragma dump _XLX_SEP_ PragmaIsValid=1_XLX_SEP_ PragmaType=pipeline_XLX_SEP_ PragmaContext=_XLX_SEP_ PragmaFunction=hard_sigmoid_XLX_SEP_ PragmaOptions=_XLX_SEP_ [-Wdump-hls-pragmas]
#pragma HLS PIPELINE
        ^
firmware/nnet_utils/nnet_activation_stream.h:457:9: warning: HLS pragma dump _XLX_SEP_ PragmaIsValid=1_XLX_SEP_ PragmaType=unroll_XLX_SEP_ PragmaContext=_XLX_SEP_ PragmaFunction=hard_sigmoid_XLX_SEP_ PragmaOptions=_XLX_SEP_ [-Wdump-hls-pragmas]
#pragma HLS UNROLL
        ^
firmware/nnet_utils/nnet_activation_stream.h:474:9: warning: HLS pragma dump _XLX_SEP_ PragmaIsValid=1_XLX_SEP_ PragmaType=pipeline_XLX_SEP_ PragmaContext=_XLX_SEP_ PragmaFunction=hard_tanh_XLX_SEP_ PragmaOptions=_XLX_SEP_ [-Wdump-hls-pragmas]
#pragma HLS PIPELINE
        ^
firmware/nnet_utils/nnet_activation_stream.h:482:9: warning: HLS pragma dump _XLX_SEP_ PragmaIsValid=1_XLX_SEP_ PragmaType=unroll_XLX_SEP_ PragmaContext=_XLX_SEP_ PragmaFunction=hard_tanh_XLX_SEP_ PragmaOptions=_XLX_SEP_ [-Wdump-hls-pragmas]
#pragma HLS UNROLL
        ^
firmware/nnet_utils/nnet_activation_stream.h:503:9: warning: HLS pragma dump _XLX_SEP_ PragmaIsValid=1_XLX_SEP_ PragmaType=pipeline_XLX_SEP_ PragmaContext=_XLX_SEP_ PragmaFunction=leaky_relu_XLX_SEP_ PragmaOptions=_XLX_SEP_ [-Wdump-hls-pragmas]
#pragma HLS PIPELINE
        ^
firmware/nnet_utils/nnet_activation_stream.h:511:9: warning: HLS pragma dump _XLX_SEP_ PragmaIsValid=1_XLX_SEP_ PragmaType=unroll_XLX_SEP_ PragmaContext=_XLX_SEP_ PragmaFunction=leaky_relu_XLX_SEP_ PragmaOptions=_XLX_SEP_ [-Wdump-hls-pragmas]
#pragma HLS UNROLL
        ^
firmware/nnet_utils/nnet_activation_stream.h:529:9: warning: HLS pragma dump _XLX_SEP_ PragmaIsValid=1_XLX_SEP_ PragmaType=pipeline_XLX_SEP_ PragmaContext=_XLX_SEP_ PragmaFunction=thresholded_relu_XLX_SEP_ PragmaOptions=_XLX_SEP_ [-Wdump-hls-pragmas]
#pragma HLS PIPELINE
        ^
firmware/nnet_utils/nnet_activation_stream.h:537:9: warning: HLS pragma dump _XLX_SEP_ PragmaIsValid=1_XLX_SEP_ PragmaType=unroll_XLX_SEP_ PragmaContext=_XLX_SEP_ PragmaFunction=thresholded_relu_XLX_SEP_ PragmaOptions=_XLX_SEP_ [-Wdump-hls-pragmas]
#pragma HLS UNROLL
        ^
firmware/nnet_utils/nnet_activation_stream.h:568:9: warning: HLS pragma dump _XLX_SEP_ PragmaIsValid=1_XLX_SEP_ PragmaType=pipeline_XLX_SEP_ PragmaContext=_XLX_SEP_ PragmaFunction=softplus_XLX_SEP_ PragmaOptions=_XLX_SEP_ [-Wdump-hls-pragmas]
#pragma HLS PIPELINE
        ^
firmware/nnet_utils/nnet_activation_stream.h:576:9: warning: HLS pragma dump _XLX_SEP_ PragmaIsValid=1_XLX_SEP_ PragmaType=unroll_XLX_SEP_ PragmaContext=_XLX_SEP_ PragmaFunction=softplus_XLX_SEP_ PragmaOptions=_XLX_SEP_ [-Wdump-hls-pragmas]
#pragma HLS UNROLL
        ^
firmware/nnet_utils/nnet_activation_stream.h:609:9: warning: HLS pragma dump _XLX_SEP_ PragmaIsValid=1_XLX_SEP_ PragmaType=pipeline_XLX_SEP_ PragmaContext=_XLX_SEP_ PragmaFunction=softsign_XLX_SEP_ PragmaOptions=_XLX_SEP_ [-Wdump-hls-pragmas]
#pragma HLS PIPELINE
        ^
firmware/nnet_utils/nnet_activation_stream.h:617:9: warning: HLS pragma dump _XLX_SEP_ PragmaIsValid=1_XLX_SEP_ PragmaType=unroll_XLX_SEP_ PragmaContext=_XLX_SEP_ PragmaFunction=softsign_XLX_SEP_ PragmaOptions=_XLX_SEP_ [-Wdump-hls-pragmas]
#pragma HLS UNROLL
        ^
firmware/nnet_utils/nnet_activation_stream.h:650:9: warning: HLS pragma dump _XLX_SEP_ PragmaIsValid=1_XLX_SEP_ PragmaType=pipeline_XLX_SEP_ PragmaContext=_XLX_SEP_ PragmaFunction=elu_XLX_SEP_ PragmaOptions=_XLX_SEP_ [-Wdump-hls-pragmas]
#pragma HLS PIPELINE
        ^
firmware/nnet_utils/nnet_activation_stream.h:658:9: warning: HLS pragma dump _XLX_SEP_ PragmaIsValid=1_XLX_SEP_ PragmaType=unroll_XLX_SEP_ PragmaContext=_XLX_SEP_ PragmaFunction=elu_XLX_SEP_ PragmaOptions=_XLX_SEP_ [-Wdump-hls-pragmas]
#pragma HLS UNROLL
        ^
firmware/nnet_utils/nnet_activation_stream.h:698:9: warning: HLS pragma dump _XLX_SEP_ PragmaIsValid=1_XLX_SEP_ PragmaType=pipeline_XLX_SEP_ PragmaContext=_XLX_SEP_ PragmaFunction=selu_XLX_SEP_ PragmaOptions=_XLX_SEP_ [-Wdump-hls-pragmas]
#pragma HLS PIPELINE
        ^
firmware/nnet_utils/nnet_activation_stream.h:706:9: warning: HLS pragma dump _XLX_SEP_ PragmaIsValid=1_XLX_SEP_ PragmaType=unroll_XLX_SEP_ PragmaContext=_XLX_SEP_ PragmaFunction=selu_XLX_SEP_ PragmaOptions=_XLX_SEP_ [-Wdump-hls-pragmas]
#pragma HLS UNROLL
        ^
firmware/nnet_utils/nnet_activation_stream.h:730:9: warning: HLS pragma dump _XLX_SEP_ PragmaIsValid=1_XLX_SEP_ PragmaType=pipeline_XLX_SEP_ PragmaContext=_XLX_SEP_ PragmaFunction=prelu_XLX_SEP_ PragmaOptions=_XLX_SEP_ [-Wdump-hls-pragmas]
#pragma HLS PIPELINE
        ^
firmware/nnet_utils/nnet_activation_stream.h:738:9: warning: HLS pragma dump _XLX_SEP_ PragmaIsValid=1_XLX_SEP_ PragmaType=unroll_XLX_SEP_ PragmaContext=_XLX_SEP_ PragmaFunction=prelu_XLX_SEP_ PragmaOptions=_XLX_SEP_ [-Wdump-hls-pragmas]
#pragma HLS UNROLL
        ^
firmware/nnet_utils/nnet_activation_stream.h:756:9: warning: HLS pragma dump _XLX_SEP_ PragmaIsValid=1_XLX_SEP_ PragmaType=pipeline_XLX_SEP_ PragmaContext=_XLX_SEP_ PragmaFunction=binary_tanh_XLX_SEP_ PragmaOptions=_XLX_SEP_ [-Wdump-hls-pragmas]
#pragma HLS PIPELINE
        ^
firmware/nnet_utils/nnet_activation_stream.h:765:9: warning: HLS pragma dump _XLX_SEP_ PragmaIsValid=1_XLX_SEP_ PragmaType=unroll_XLX_SEP_ PragmaContext=_XLX_SEP_ PragmaFunction=binary_tanh_XLX_SEP_ PragmaOptions=_XLX_SEP_ [-Wdump-hls-pragmas]
#pragma HLS UNROLL
        ^
firmware/nnet_utils/nnet_activation_stream.h:784:9: warning: HLS pragma dump _XLX_SEP_ PragmaIsValid=1_XLX_SEP_ PragmaType=pipeline_XLX_SEP_ PragmaContext=_XLX_SEP_ PragmaFunction=ternary_tanh_XLX_SEP_ PragmaOptions=_XLX_SEP_ [-Wdump-hls-pragmas]
#pragma HLS PIPELINE
        ^
firmware/nnet_utils/nnet_activation_stream.h:792:9: warning: HLS pragma dump _XLX_SEP_ PragmaIsValid=1_XLX_SEP_ PragmaType=unroll_XLX_SEP_ PragmaContext=_XLX_SEP_ PragmaFunction=ternary_tanh_XLX_SEP_ PragmaOptions=_XLX_SEP_ [-Wdump-hls-pragmas]
#pragma HLS UNROLL
        ^
In file included from firmware/myproject.cpp:4:
In file included from firmware/parameters.h:12:
In file included from firmware/nnet_utils/nnet_dense.h:6:
firmware/nnet_utils/nnet_dense_latency.h:21:9: warning: HLS pragma dump _XLX_SEP_ PragmaIsValid=1_XLX_SEP_ PragmaType=function_instantiate_XLX_SEP_ PragmaContext=_XLX_SEP_ PragmaFunction=dense_latency_XLX_SEP_ PragmaOptions=variable=weights,biases_XLX_SEP_ [-Wdump-hls-pragmas]
#pragma HLS function_instantiate variable=weights,biases
        ^
firmware/nnet_utils/nnet_dense_latency.h:26:9: warning: HLS pragma dump _XLX_SEP_ PragmaIsValid=1_XLX_SEP_ PragmaType=pipeline_XLX_SEP_ PragmaContext=_XLX_SEP_ PragmaFunction=dense_latency_XLX_SEP_ PragmaOptions=II=CONFIG_T::reuse_factor_XLX_SEP_ [-Wdump-hls-pragmas]
#pragma HLS PIPELINE II=CONFIG_T::reuse_factor
        ^
firmware/nnet_utils/nnet_dense_latency.h:29:9: warning: HLS pragma dump _XLX_SEP_ PragmaIsValid=1_XLX_SEP_ PragmaType=array_partition_XLX_SEP_ PragmaContext=_XLX_SEP_ PragmaFunction=dense_latency_XLX_SEP_ PragmaOptions=variable=biases complete_XLX_SEP_ [-Wdump-hls-pragmas]
#pragma HLS ARRAY_PARTITION variable=biases complete
        ^
firmware/nnet_utils/nnet_dense_latency.h:30:9: warning: HLS pragma dump _XLX_SEP_ PragmaIsValid=1_XLX_SEP_ PragmaType=array_partition_XLX_SEP_ PragmaContext=_XLX_SEP_ PragmaFunction=dense_latency_XLX_SEP_ PragmaOptions=variable=mult complete_XLX_SEP_ [-Wdump-hls-pragmas]
#pragma HLS ARRAY_PARTITION variable=mult complete
        ^
firmware/nnet_utils/nnet_dense_latency.h:31:9: warning: HLS pragma dump _XLX_SEP_ PragmaIsValid=1_XLX_SEP_ PragmaType=array_partition_XLX_SEP_ PragmaContext=_XLX_SEP_ PragmaFunction=dense_latency_XLX_SEP_ PragmaOptions=variable=acc complete_XLX_SEP_ [-Wdump-hls-pragmas]
#pragma HLS ARRAY_PARTITION variable=acc complete
        ^
firmware/nnet_utils/nnet_dense_latency.h:33:9: warning: HLS pragma dump _XLX_SEP_ PragmaIsValid=1_XLX_SEP_ PragmaType=allocation_XLX_SEP_ PragmaContext=_XLX_SEP_ PragmaFunction=dense_latency_XLX_SEP_ PragmaOptions=operation instances=mul limit=CONFIG_T::multiplier_limit_XLX_SEP_ [-Wdump-hls-pragmas]
#pragma HLS ALLOCATION operation instances=mul limit=CONFIG_T::multiplier_limit
        ^
In file included from firmware/myproject.cpp:4:
In file included from firmware/parameters.h:12:
In file included from firmware/nnet_utils/nnet_dense.h:7:
firmware/nnet_utils/nnet_dense_resource.h:28:9: warning: HLS pragma dump _XLX_SEP_ PragmaIsValid=1_XLX_SEP_ PragmaType=function_instantiate_XLX_SEP_ PragmaContext=_XLX_SEP_ PragmaFunction=dense_resource_rf_leq_nin_XLX_SEP_ PragmaOptions=variable=weights,biases_XLX_SEP_ [-Wdump-hls-pragmas]
#pragma HLS function_instantiate variable=weights,biases
        ^
firmware/nnet_utils/nnet_dense_resource.h:29:9: warning: HLS pragma dump _XLX_SEP_ PragmaIsValid=1_XLX_SEP_ PragmaType=array_reshape_XLX_SEP_ PragmaContext=_XLX_SEP_ PragmaFunction=dense_resource_rf_leq_nin_XLX_SEP_ PragmaOptions=variable=weights block factor=block_factor_XLX_SEP_ [-Wdump-hls-pragmas]
#pragma HLS ARRAY_RESHAPE variable=weights block factor=block_factor
        ^
firmware/nnet_utils/nnet_dense_resource.h:30:9: warning: HLS pragma dump _XLX_SEP_ PragmaIsValid=1_XLX_SEP_ PragmaType=array_partition_XLX_SEP_ PragmaContext=_XLX_SEP_ PragmaFunction=dense_resource_rf_leq_nin_XLX_SEP_ PragmaOptions=variable=biases complete_XLX_SEP_ [-Wdump-hls-pragmas]
#pragma HLS ARRAY_PARTITION variable=biases complete
        ^
firmware/nnet_utils/nnet_dense_resource.h:33:9: warning: 'Resource pragma' is deprecated, use 'bind_op/bind_storage pragma' instead [-Wignored-hls-pragmas]
#pragma HLS RESOURCE variable=weights core=ROM_nP_BRAM
        ^
firmware/nnet_utils/nnet_dense_resource.h:33:9: warning: HLS pragma dump _XLX_SEP_ PragmaIsValid=1_XLX_SEP_ PragmaType=resource_XLX_SEP_ PragmaContext=_XLX_SEP_ PragmaFunction=dense_resource_rf_leq_nin_XLX_SEP_ PragmaOptions=variable=weights core=ROM_nP_BRAM_XLX_SEP_ [-Wdump-hls-pragmas]
firmware/nnet_utils/nnet_dense_resource.h:37:9: warning: HLS pragma dump _XLX_SEP_ PragmaIsValid=1_XLX_SEP_ PragmaType=array_partition_XLX_SEP_ PragmaContext=_XLX_SEP_ PragmaFunction=dense_resource_rf_leq_nin_XLX_SEP_ PragmaOptions=variable=acc complete_XLX_SEP_ [-Wdump-hls-pragmas]
#pragma HLS ARRAY_PARTITION variable=acc complete
        ^
firmware/nnet_utils/nnet_dense_resource.h:41:9: warning: HLS pragma dump _XLX_SEP_ PragmaIsValid=1_XLX_SEP_ PragmaType=unroll_XLX_SEP_ PragmaContext=_XLX_SEP_ PragmaFunction=dense_resource_rf_leq_nin_XLX_SEP_ PragmaOptions=_XLX_SEP_ [-Wdump-hls-pragmas]
#pragma HLS UNROLL
        ^
firmware/nnet_utils/nnet_dense_resource.h:47:9: warning: HLS pragma dump _XLX_SEP_ PragmaIsValid=1_XLX_SEP_ PragmaType=pipeline_XLX_SEP_ PragmaContext=_XLX_SEP_ PragmaFunction=dense_resource_rf_leq_nin_XLX_SEP_ PragmaOptions=II=1 rewind_XLX_SEP_ [-Wdump-hls-pragmas]
#pragma HLS PIPELINE II=1 rewind
        ^
firmware/nnet_utils/nnet_dense_resource.h:56:9: warning: HLS pragma dump _XLX_SEP_ PragmaIsValid=1_XLX_SEP_ PragmaType=unroll_XLX_SEP_ PragmaContext=_XLX_SEP_ PragmaFunction=dense_resource_rf_leq_nin_XLX_SEP_ PragmaOptions=_XLX_SEP_ [-Wdump-hls-pragmas]
#pragma HLS UNROLL
        ^
firmware/nnet_utils/nnet_dense_resource.h:81:9: warning: HLS pragma dump _XLX_SEP_ PragmaIsValid=1_XLX_SEP_ PragmaType=unroll_XLX_SEP_ PragmaContext=_XLX_SEP_ PragmaFunction=dense_resource_rf_leq_nin_XLX_SEP_ PragmaOptions=_XLX_SEP_ [-Wdump-hls-pragmas]
#pragma HLS UNROLL
        ^
firmware/nnet_utils/nnet_dense_resource.h:102:9: warning: HLS pragma dump _XLX_SEP_ PragmaIsValid=1_XLX_SEP_ PragmaType=function_instantiate_XLX_SEP_ PragmaContext=_XLX_SEP_ PragmaFunction=dense_resource_rf_gt_nin_rem0_XLX_SEP_ PragmaOptions=variable=weights,biases_XLX_SEP_ [-Wdump-hls-pragmas]
#pragma HLS function_instantiate variable=weights,biases
        ^
firmware/nnet_utils/nnet_dense_resource.h:103:9: warning: HLS pragma dump _XLX_SEP_ PragmaIsValid=1_XLX_SEP_ PragmaType=array_reshape_XLX_SEP_ PragmaContext=_XLX_SEP_ PragmaFunction=dense_resource_rf_gt_nin_rem0_XLX_SEP_ PragmaOptions=variable=weights block factor=block_factor_XLX_SEP_ [-Wdump-hls-pragmas]
#pragma HLS ARRAY_RESHAPE variable=weights block factor=block_factor
        ^
firmware/nnet_utils/nnet_dense_resource.h:104:9: warning: HLS pragma dump _XLX_SEP_ PragmaIsValid=1_XLX_SEP_ PragmaType=array_partition_XLX_SEP_ PragmaContext=_XLX_SEP_ PragmaFunction=dense_resource_rf_gt_nin_rem0_XLX_SEP_ PragmaOptions=variable=biases complete_XLX_SEP_ [-Wdump-hls-pragmas]
#pragma HLS ARRAY_PARTITION variable=biases complete
        ^
firmware/nnet_utils/nnet_dense_resource.h:107:9: warning: 'Resource pragma' is deprecated, use 'bind_op/bind_storage pragma' instead [-Wignored-hls-pragmas]
#pragma HLS RESOURCE variable=weights core=ROM_nP_BRAM
        ^
firmware/nnet_utils/nnet_dense_resource.h:107:9: warning: HLS pragma dump _XLX_SEP_ PragmaIsValid=1_XLX_SEP_ PragmaType=resource_XLX_SEP_ PragmaContext=_XLX_SEP_ PragmaFunction=dense_resource_rf_gt_nin_rem0_XLX_SEP_ PragmaOptions=variable=weights core=ROM_nP_BRAM_XLX_SEP_ [-Wdump-hls-pragmas]
firmware/nnet_utils/nnet_dense_resource.h:111:9: warning: HLS pragma dump _XLX_SEP_ PragmaIsValid=1_XLX_SEP_ PragmaType=array_partition_XLX_SEP_ PragmaContext=_XLX_SEP_ PragmaFunction=dense_resource_rf_gt_nin_rem0_XLX_SEP_ PragmaOptions=variable=acc complete_XLX_SEP_ [-Wdump-hls-pragmas]
#pragma HLS ARRAY_PARTITION variable=acc complete
        ^
firmware/nnet_utils/nnet_dense_resource.h:115:9: warning: HLS pragma dump _XLX_SEP_ PragmaIsValid=1_XLX_SEP_ PragmaType=unroll_XLX_SEP_ PragmaContext=_XLX_SEP_ PragmaFunction=dense_resource_rf_gt_nin_rem0_XLX_SEP_ PragmaOptions=_XLX_SEP_ [-Wdump-hls-pragmas]
#pragma HLS UNROLL
        ^
firmware/nnet_utils/nnet_dense_resource.h:136:9: warning: HLS pragma dump _XLX_SEP_ PragmaIsValid=1_XLX_SEP_ PragmaType=pipeline_XLX_SEP_ PragmaContext=_XLX_SEP_ PragmaFunction=dense_resource_rf_gt_nin_rem0_XLX_SEP_ PragmaOptions=II=1 rewind_XLX_SEP_ [-Wdump-hls-pragmas]
#pragma HLS PIPELINE II=1 rewind
        ^
firmware/nnet_utils/nnet_dense_resource.h:143:9: warning: HLS pragma dump _XLX_SEP_ PragmaIsValid=1_XLX_SEP_ PragmaType=unroll_XLX_SEP_ PragmaContext=_XLX_SEP_ PragmaFunction=dense_resource_rf_gt_nin_rem0_XLX_SEP_ PragmaOptions=_XLX_SEP_ [-Wdump-hls-pragmas]
#pragma HLS UNROLL
        ^
firmware/nnet_utils/nnet_dense_resource.h:163:9: warning: HLS pragma dump _XLX_SEP_ PragmaIsValid=1_XLX_SEP_ PragmaType=unroll_XLX_SEP_ PragmaContext=_XLX_SEP_ PragmaFunction=dense_resource_rf_gt_nin_rem0_XLX_SEP_ PragmaOptions=_XLX_SEP_ [-Wdump-hls-pragmas]
#pragma HLS UNROLL
        ^
firmware/nnet_utils/nnet_dense_resource.h:184:9: warning: HLS pragma dump _XLX_SEP_ PragmaIsValid=1_XLX_SEP_ PragmaType=function_instantiate_XLX_SEP_ PragmaContext=_XLX_SEP_ PragmaFunction=dense_resource_rf_gt_nin_XLX_SEP_ PragmaOptions=variable=weights,biases_XLX_SEP_ [-Wdump-hls-pragmas]
#pragma HLS function_instantiate variable=weights,biases
        ^
firmware/nnet_utils/nnet_dense_resource.h:185:9: warning: HLS pragma dump _XLX_SEP_ PragmaIsValid=1_XLX_SEP_ PragmaType=array_reshape_XLX_SEP_ PragmaContext=_XLX_SEP_ PragmaFunction=dense_resource_rf_gt_nin_XLX_SEP_ PragmaOptions=variable=weights block factor=block_factor_XLX_SEP_ [-Wdump-hls-pragmas]
#pragma HLS ARRAY_RESHAPE variable=weights block factor=block_factor
        ^
firmware/nnet_utils/nnet_dense_resource.h:186:9: warning: HLS pragma dump _XLX_SEP_ PragmaIsValid=1_XLX_SEP_ PragmaType=array_partition_XLX_SEP_ PragmaContext=_XLX_SEP_ PragmaFunction=dense_resource_rf_gt_nin_XLX_SEP_ PragmaOptions=variable=biases complete_XLX_SEP_ [-Wdump-hls-pragmas]
#pragma HLS ARRAY_PARTITION variable=biases complete
        ^
firmware/nnet_utils/nnet_dense_resource.h:189:9: warning: 'Resource pragma' is deprecated, use 'bind_op/bind_storage pragma' instead [-Wignored-hls-pragmas]
#pragma HLS RESOURCE variable=weights core=ROM_nP_BRAM
        ^
firmware/nnet_utils/nnet_dense_resource.h:189:9: warning: HLS pragma dump _XLX_SEP_ PragmaIsValid=1_XLX_SEP_ PragmaType=resource_XLX_SEP_ PragmaContext=_XLX_SEP_ PragmaFunction=dense_resource_rf_gt_nin_XLX_SEP_ PragmaOptions=variable=weights core=ROM_nP_BRAM_XLX_SEP_ [-Wdump-hls-pragmas]
firmware/nnet_utils/nnet_dense_resource.h:193:9: warning: HLS pragma dump _XLX_SEP_ PragmaIsValid=1_XLX_SEP_ PragmaType=array_partition_XLX_SEP_ PragmaContext=_XLX_SEP_ PragmaFunction=dense_resource_rf_gt_nin_XLX_SEP_ PragmaOptions=variable=acc complete_XLX_SEP_ [-Wdump-hls-pragmas]
#pragma HLS ARRAY_PARTITION variable=acc complete
        ^
firmware/nnet_utils/nnet_dense_resource.h:197:9: warning: HLS pragma dump _XLX_SEP_ PragmaIsValid=1_XLX_SEP_ PragmaType=unroll_XLX_SEP_ PragmaContext=_XLX_SEP_ PragmaFunction=dense_resource_rf_gt_nin_XLX_SEP_ PragmaOptions=_XLX_SEP_ [-Wdump-hls-pragmas]
#pragma HLS UNROLL
        ^
firmware/nnet_utils/nnet_dense_resource.h:203:9: warning: HLS pragma dump _XLX_SEP_ PragmaIsValid=1_XLX_SEP_ PragmaType=pipeline_XLX_SEP_ PragmaContext=_XLX_SEP_ PragmaFunction=dense_resource_rf_gt_nin_XLX_SEP_ PragmaOptions=II=1 rewind_XLX_SEP_ [-Wdump-hls-pragmas]
#pragma HLS PIPELINE II=1 rewind
        ^
firmware/nnet_utils/nnet_dense_resource.h:205:9: warning: HLS pragma dump _XLX_SEP_ PragmaIsValid=1_XLX_SEP_ PragmaType=array_partition_XLX_SEP_ PragmaContext=_XLX_SEP_ PragmaFunction=dense_resource_rf_gt_nin_XLX_SEP_ PragmaOptions=variable=tmpmult complete_XLX_SEP_ [-Wdump-hls-pragmas]
#pragma HLS ARRAY_PARTITION variable=tmpmult complete
        ^
firmware/nnet_utils/nnet_dense_resource.h:209:9: warning: HLS pragma dump _XLX_SEP_ PragmaIsValid=1_XLX_SEP_ PragmaType=unroll_XLX_SEP_ PragmaContext=_XLX_SEP_ PragmaFunction=dense_resource_rf_gt_nin_XLX_SEP_ PragmaOptions=_XLX_SEP_ [-Wdump-hls-pragmas]
#pragma HLS UNROLL
        ^
firmware/nnet_utils/nnet_dense_resource.h:219:9: warning: HLS pragma dump _XLX_SEP_ PragmaIsValid=1_XLX_SEP_ PragmaType=array_partition_XLX_SEP_ PragmaContext=_XLX_SEP_ PragmaFunction=dense_resource_rf_gt_nin_XLX_SEP_ PragmaOptions=variable=mult complete_XLX_SEP_ [-Wdump-hls-pragmas]
#pragma HLS ARRAY_PARTITION variable=mult complete
        ^
firmware/nnet_utils/nnet_dense_resource.h:223:9: warning: HLS pragma dump _XLX_SEP_ PragmaIsValid=1_XLX_SEP_ PragmaType=unroll_XLX_SEP_ PragmaContext=_XLX_SEP_ PragmaFunction=dense_resource_rf_gt_nin_XLX_SEP_ PragmaOptions=_XLX_SEP_ [-Wdump-hls-pragmas]
#pragma HLS UNROLL
        ^
firmware/nnet_utils/nnet_dense_resource.h:229:9: warning: HLS pragma dump _XLX_SEP_ PragmaIsValid=1_XLX_SEP_ PragmaType=unroll_XLX_SEP_ PragmaContext=_XLX_SEP_ PragmaFunction=dense_resource_rf_gt_nin_XLX_SEP_ PragmaOptions=_XLX_SEP_ [-Wdump-hls-pragmas]
#pragma HLS UNROLL
        ^
firmware/nnet_utils/nnet_dense_resource.h:239:9: warning: HLS pragma dump _XLX_SEP_ PragmaIsValid=1_XLX_SEP_ PragmaType=unroll_XLX_SEP_ PragmaContext=_XLX_SEP_ PragmaFunction=dense_resource_rf_gt_nin_XLX_SEP_ PragmaOptions=_XLX_SEP_ [-Wdump-hls-pragmas]
#pragma HLS UNROLL
        ^
firmware/nnet_utils/nnet_dense_resource.h:249:9: warning: HLS pragma dump _XLX_SEP_ PragmaIsValid=1_XLX_SEP_ PragmaType=unroll_XLX_SEP_ PragmaContext=_XLX_SEP_ PragmaFunction=dense_resource_rf_gt_nin_XLX_SEP_ PragmaOptions=_XLX_SEP_ [-Wdump-hls-pragmas]
#pragma HLS UNROLL
        ^
firmware/nnet_utils/nnet_dense_resource.h:259:9: warning: HLS pragma dump _XLX_SEP_ PragmaIsValid=1_XLX_SEP_ PragmaType=inline_XLX_SEP_ PragmaContext=_XLX_SEP_ PragmaFunction=dense_resource_XLX_SEP_ PragmaOptions=recursive_XLX_SEP_ [-Wdump-hls-pragmas]
#pragma HLS INLINE recursive
        ^
In file included from firmware/myproject.cpp:4:
In file included from firmware/parameters.h:12:
firmware/nnet_utils/nnet_dense.h:44:9: warning: HLS pragma dump _XLX_SEP_ PragmaIsValid=1_XLX_SEP_ PragmaType=inline_XLX_SEP_ PragmaContext=_XLX_SEP_ PragmaFunction=dense_XLX_SEP_ PragmaOptions=_XLX_SEP_ [-Wdump-hls-pragmas]
#pragma HLS INLINE
        ^
firmware/nnet_utils/nnet_dense.h:53:9: warning: HLS pragma dump _XLX_SEP_ PragmaIsValid=1_XLX_SEP_ PragmaType=inline_XLX_SEP_ PragmaContext=_XLX_SEP_ PragmaFunction=dense_XLX_SEP_ PragmaOptions=_XLX_SEP_ [-Wdump-hls-pragmas]
#pragma HLS INLINE
        ^
firmware/nnet_utils/nnet_dense.h:64:9: warning: HLS pragma dump _XLX_SEP_ PragmaIsValid=1_XLX_SEP_ PragmaType=inline_XLX_SEP_ PragmaContext=_XLX_SEP_ PragmaFunction=dense_XLX_SEP_ PragmaOptions=_XLX_SEP_ [-Wdump-hls-pragmas]
#pragma HLS INLINE
        ^
firmware/nnet_utils/nnet_dense.h:75:9: warning: HLS pragma dump _XLX_SEP_ PragmaIsValid=1_XLX_SEP_ PragmaType=inline_XLX_SEP_ PragmaContext=_XLX_SEP_ PragmaFunction=dense_XLX_SEP_ PragmaOptions=_XLX_SEP_ [-Wdump-hls-pragmas]
#pragma HLS INLINE
        ^
In file included from firmware/myproject.cpp:4:
In file included from firmware/parameters.h:13:
firmware/nnet_utils/nnet_dense_compressed.h:15:9: warning: HLS pragma dump _XLX_SEP_ PragmaIsValid=1_XLX_SEP_ PragmaType=unroll_XLX_SEP_ PragmaContext=_XLX_SEP_ PragmaFunction=fill_mult_XLX_SEP_ PragmaOptions=_XLX_SEP_ [-Wdump-hls-pragmas]
#pragma HLS UNROLL
        ^
firmware/nnet_utils/nnet_dense_compressed.h:29:9: warning: HLS pragma dump _XLX_SEP_ PragmaIsValid=1_XLX_SEP_ PragmaType=array_partition_XLX_SEP_ PragmaContext=_XLX_SEP_ PragmaFunction=dense_compressed_XLX_SEP_ PragmaOptions=variable=acc complete_XLX_SEP_ [-Wdump-hls-pragmas]
#pragma HLS ARRAY_PARTITION variable=acc complete
        ^
firmware/nnet_utils/nnet_dense_compressed.h:30:9: warning: HLS pragma dump _XLX_SEP_ PragmaIsValid=1_XLX_SEP_ PragmaType=array_partition_XLX_SEP_ PragmaContext=_XLX_SEP_ PragmaFunction=dense_compressed_XLX_SEP_ PragmaOptions=variable=biases complete_XLX_SEP_ [-Wdump-hls-pragmas]
#pragma HLS ARRAY_PARTITION variable=biases complete
        ^
firmware/nnet_utils/nnet_dense_compressed.h:31:9: warning: HLS pragma dump _XLX_SEP_ PragmaIsValid=1_XLX_SEP_ PragmaType=array_reshape_XLX_SEP_ PragmaContext=_XLX_SEP_ PragmaFunction=dense_compressed_XLX_SEP_ PragmaOptions=variable=weights block factor=multiplier_limit_XLX_SEP_ [-Wdump-hls-pragmas]
#pragma HLS ARRAY_RESHAPE variable=weights block factor=multiplier_limit
        ^
firmware/nnet_utils/nnet_dense_compressed.h:34:9: warning: HLS pragma dump _XLX_SEP_ PragmaIsValid=1_XLX_SEP_ PragmaType=aggregate_XLX_SEP_ PragmaContext=_XLX_SEP_ PragmaFunction=dense_compressed_XLX_SEP_ PragmaOptions=variable=weights_XLX_SEP_ [-Wdump-hls-pragmas]
#pragma HLS AGGREGATE variable=weights
        ^
firmware/nnet_utils/nnet_dense_compressed.h:41:9: warning: HLS pragma dump _XLX_SEP_ PragmaIsValid=1_XLX_SEP_ PragmaType=unroll_XLX_SEP_ PragmaContext=_XLX_SEP_ PragmaFunction=dense_compressed_XLX_SEP_ PragmaOptions=_XLX_SEP_ [-Wdump-hls-pragmas]
#pragma HLS UNROLL
        ^
firmware/nnet_utils/nnet_dense_compressed.h:49:9: warning: HLS pragma dump _XLX_SEP_ PragmaIsValid=1_XLX_SEP_ PragmaType=pipeline_XLX_SEP_ PragmaContext=_XLX_SEP_ PragmaFunction=dense_compressed_XLX_SEP_ PragmaOptions=II=1 rewind_XLX_SEP_ [-Wdump-hls-pragmas]
#pragma HLS PIPELINE II=1 rewind
        ^
firmware/nnet_utils/nnet_dense_compressed.h:52:9: warning: HLS pragma dump _XLX_SEP_ PragmaIsValid=1_XLX_SEP_ PragmaType=array_partition_XLX_SEP_ PragmaContext=_XLX_SEP_ PragmaFunction=dense_compressed_XLX_SEP_ PragmaOptions=variable=mult complete_XLX_SEP_ [-Wdump-hls-pragmas]
#pragma HLS ARRAY_PARTITION variable=mult complete
        ^
firmware/nnet_utils/nnet_dense_compressed.h:56:9: warning: HLS pragma dump _XLX_SEP_ PragmaIsValid=1_XLX_SEP_ PragmaType=unroll_XLX_SEP_ PragmaContext=_XLX_SEP_ PragmaFunction=dense_compressed_XLX_SEP_ PragmaOptions=_XLX_SEP_ [-Wdump-hls-pragmas]
#pragma HLS UNROLL
        ^
firmware/nnet_utils/nnet_dense_compressed.h:62:9: warning: HLS pragma dump _XLX_SEP_ PragmaIsValid=1_XLX_SEP_ PragmaType=unroll_XLX_SEP_ PragmaContext=_XLX_SEP_ PragmaFunction=dense_compressed_XLX_SEP_ PragmaOptions=_XLX_SEP_ [-Wdump-hls-pragmas]
#pragma HLS UNROLL
        ^
firmware/nnet_utils/nnet_dense_compressed.h:82:9: warning: HLS pragma dump _XLX_SEP_ PragmaIsValid=1_XLX_SEP_ PragmaType=unroll_XLX_SEP_ PragmaContext=_XLX_SEP_ PragmaFunction=dense_compressed_XLX_SEP_ PragmaOptions=_XLX_SEP_ [-Wdump-hls-pragmas]
#pragma HLS UNROLL
        ^
In file included from firmware/myproject.cpp:4:
In file included from firmware/parameters.h:14:
firmware/nnet_utils/nnet_dense_stream.h:16:9: warning: HLS pragma dump _XLX_SEP_ PragmaIsValid=1_XLX_SEP_ PragmaType=pipeline_XLX_SEP_ PragmaContext=_XLX_SEP_ PragmaFunction=dense_latency_wrapper_XLX_SEP_ PragmaOptions=II=CONFIG_T::reuse_factor_XLX_SEP_ [-Wdump-hls-pragmas]
#pragma HLS PIPELINE II=CONFIG_T::reuse_factor
        ^
firmware/nnet_utils/nnet_dense_stream.h:29:9: warning: HLS pragma dump _XLX_SEP_ PragmaIsValid=1_XLX_SEP_ PragmaType=inline_XLX_SEP_ PragmaContext=_XLX_SEP_ PragmaFunction=data_prepare_XLX_SEP_ PragmaOptions=_XLX_SEP_ [-Wdump-hls-pragmas]
#pragma HLS INLINE
        ^
firmware/nnet_utils/nnet_dense_stream.h:34:9: warning: HLS pragma dump _XLX_SEP_ PragmaIsValid=1_XLX_SEP_ PragmaType=pipeline_XLX_SEP_ PragmaContext=_XLX_SEP_ PragmaFunction=data_prepare_XLX_SEP_ PragmaOptions=_XLX_SEP_ [-Wdump-hls-pragmas]
#pragma HLS PIPELINE
        ^
firmware/nnet_utils/nnet_dense_stream.h:38:9: warning: HLS pragma dump _XLX_SEP_ PragmaIsValid=1_XLX_SEP_ PragmaType=unroll_XLX_SEP_ PragmaContext=_XLX_SEP_ PragmaFunction=data_prepare_XLX_SEP_ PragmaOptions=_XLX_SEP_ [-Wdump-hls-pragmas]
#pragma HLS UNROLL
        ^
firmware/nnet_utils/nnet_dense_stream.h:46:9: warning: HLS pragma dump _XLX_SEP_ PragmaIsValid=1_XLX_SEP_ PragmaType=unroll_XLX_SEP_ PragmaContext=_XLX_SEP_ PragmaFunction=data_prepare_XLX_SEP_ PragmaOptions=_XLX_SEP_ [-Wdump-hls-pragmas]
#pragma HLS UNROLL
        ^
firmware/nnet_utils/nnet_dense_stream.h:54:9: warning: HLS pragma dump _XLX_SEP_ PragmaIsValid=1_XLX_SEP_ PragmaType=inline_XLX_SEP_ PragmaContext=_XLX_SEP_ PragmaFunction=res_write_XLX_SEP_ PragmaOptions=_XLX_SEP_ [-Wdump-hls-pragmas]
#pragma HLS INLINE
        ^
firmware/nnet_utils/nnet_dense_stream.h:59:9: warning: HLS pragma dump _XLX_SEP_ PragmaIsValid=1_XLX_SEP_ PragmaType=pipeline_XLX_SEP_ PragmaContext=_XLX_SEP_ PragmaFunction=res_write_XLX_SEP_ PragmaOptions=_XLX_SEP_ [-Wdump-hls-pragmas]
#pragma HLS PIPELINE
        ^
firmware/nnet_utils/nnet_dense_stream.h:64:9: warning: HLS pragma dump _XLX_SEP_ PragmaIsValid=1_XLX_SEP_ PragmaType=unroll_XLX_SEP_ PragmaContext=_XLX_SEP_ PragmaFunction=res_write_XLX_SEP_ PragmaOptions=_XLX_SEP_ [-Wdump-hls-pragmas]
#pragma HLS UNROLL
        ^
firmware/nnet_utils/nnet_dense_stream.h:74:9: warning: HLS pragma dump _XLX_SEP_ PragmaIsValid=1_XLX_SEP_ PragmaType=unroll_XLX_SEP_ PragmaContext=_XLX_SEP_ PragmaFunction=res_write_XLX_SEP_ PragmaOptions=_XLX_SEP_ [-Wdump-hls-pragmas]
#pragma HLS UNROLL
        ^
firmware/nnet_utils/nnet_dense_stream.h:85:9: warning: HLS pragma dump _XLX_SEP_ PragmaIsValid=1_XLX_SEP_ PragmaType=inline_XLX_SEP_ PragmaContext=_XLX_SEP_ PragmaFunction=dense_XLX_SEP_ PragmaOptions=recursive_XLX_SEP_ [-Wdump-hls-pragmas]
#pragma HLS INLINE recursive
        ^
firmware/nnet_utils/nnet_dense_stream.h:88:9: warning: HLS pragma dump _XLX_SEP_ PragmaIsValid=1_XLX_SEP_ PragmaType=array_partition_XLX_SEP_ PragmaContext=_XLX_SEP_ PragmaFunction=dense_XLX_SEP_ PragmaOptions=variable=data complete_XLX_SEP_ [-Wdump-hls-pragmas]
#pragma HLS ARRAY_PARTITION variable=data complete
        ^
firmware/nnet_utils/nnet_dense_stream.h:91:9: warning: HLS pragma dump _XLX_SEP_ PragmaIsValid=1_XLX_SEP_ PragmaType=array_partition_XLX_SEP_ PragmaContext=_XLX_SEP_ PragmaFunction=dense_XLX_SEP_ PragmaOptions=variable=res complete_XLX_SEP_ [-Wdump-hls-pragmas]
#pragma HLS ARRAY_PARTITION variable=res complete
        ^
/home/sioni/Work/uzh2025/qmodel_1/hls4ml_prj/build_prj.tcl:169:9: warning: HLS pragma dump _XLX_SEP_ PragmaIsValid=1_XLX_SEP_ PragmaType=top_XLX_SEP_ PragmaContext=directive_XLX_SEP_ PragmaFunction=myproject_XLX_SEP_ PragmaOptions=name=myproject_XLX_SEP_ [-Wdump-hls-pragmas]
#pragma HLSDIRECTIVE TOP name=myproject
        ^
firmware/myproject.cpp:13:9: warning: HLS pragma dump _XLX_SEP_ PragmaIsValid=1_XLX_SEP_ PragmaType=array_reshape_XLX_SEP_ PragmaContext=_XLX_SEP_ PragmaFunction=myproject_XLX_SEP_ PragmaOptions=variable=fc1_input complete dim=0_XLX_SEP_ [-Wdump-hls-pragmas]
#pragma HLS ARRAY_RESHAPE variable=fc1_input complete dim=0
        ^
firmware/myproject.cpp:14:9: warning: HLS pragma dump _XLX_SEP_ PragmaIsValid=1_XLX_SEP_ PragmaType=array_partition_XLX_SEP_ PragmaContext=_XLX_SEP_ PragmaFunction=myproject_XLX_SEP_ PragmaOptions=variable=layer13_out complete dim=0_XLX_SEP_ [-Wdump-hls-pragmas]
#pragma HLS ARRAY_PARTITION variable=layer13_out complete dim=0
        ^
firmware/myproject.cpp:15:9: warning: HLS pragma dump _XLX_SEP_ PragmaIsValid=1_XLX_SEP_ PragmaType=interface_XLX_SEP_ PragmaContext=_XLX_SEP_ PragmaFunction=myproject_XLX_SEP_ PragmaOptions=ap_vld port=fc1_input,layer13_out_XLX_SEP_ [-Wdump-hls-pragmas]
#pragma HLS INTERFACE ap_vld port=fc1_input,layer13_out
        ^
firmware/myproject.cpp:16:9: warning: HLS pragma dump _XLX_SEP_ PragmaIsValid=1_XLX_SEP_ PragmaType=pipeline_XLX_SEP_ PragmaContext=_XLX_SEP_ PragmaFunction=myproject_XLX_SEP_ PragmaOptions=_XLX_SEP_ [-Wdump-hls-pragmas]
#pragma HLS PIPELINE
        ^
firmware/myproject.cpp:39:9: warning: HLS pragma dump _XLX_SEP_ PragmaIsValid=1_XLX_SEP_ PragmaType=array_partition_XLX_SEP_ PragmaContext=_XLX_SEP_ PragmaFunction=myproject_XLX_SEP_ PragmaOptions=variable=layer2_out complete dim=0_XLX_SEP_ [-Wdump-hls-pragmas]
#pragma HLS ARRAY_PARTITION variable=layer2_out complete dim=0
        ^
firmware/myproject.cpp:42:9: warning: HLS pragma dump _XLX_SEP_ PragmaIsValid=1_XLX_SEP_ PragmaType=array_partition_XLX_SEP_ PragmaContext=_XLX_SEP_ PragmaFunction=myproject_XLX_SEP_ PragmaOptions=variable=layer4_out complete dim=0_XLX_SEP_ [-Wdump-hls-pragmas]
#pragma HLS ARRAY_PARTITION variable=layer4_out complete dim=0
        ^
firmware/myproject.cpp:45:9: warning: HLS pragma dump _XLX_SEP_ PragmaIsValid=1_XLX_SEP_ PragmaType=array_partition_XLX_SEP_ PragmaContext=_XLX_SEP_ PragmaFunction=myproject_XLX_SEP_ PragmaOptions=variable=layer5_out complete dim=0_XLX_SEP_ [-Wdump-hls-pragmas]
#pragma HLS ARRAY_PARTITION variable=layer5_out complete dim=0
        ^
firmware/myproject.cpp:48:9: warning: HLS pragma dump _XLX_SEP_ PragmaIsValid=1_XLX_SEP_ PragmaType=array_partition_XLX_SEP_ PragmaContext=_XLX_SEP_ PragmaFunction=myproject_XLX_SEP_ PragmaOptions=variable=layer7_out complete dim=0_XLX_SEP_ [-Wdump-hls-pragmas]
#pragma HLS ARRAY_PARTITION variable=layer7_out complete dim=0
        ^
firmware/myproject.cpp:51:9: warning: HLS pragma dump _XLX_SEP_ PragmaIsValid=1_XLX_SEP_ PragmaType=array_partition_XLX_SEP_ PragmaContext=_XLX_SEP_ PragmaFunction=myproject_XLX_SEP_ PragmaOptions=variable=layer8_out complete dim=0_XLX_SEP_ [-Wdump-hls-pragmas]
#pragma HLS ARRAY_PARTITION variable=layer8_out complete dim=0
        ^
firmware/myproject.cpp:54:9: warning: HLS pragma dump _XLX_SEP_ PragmaIsValid=1_XLX_SEP_ PragmaType=array_partition_XLX_SEP_ PragmaContext=_XLX_SEP_ PragmaFunction=myproject_XLX_SEP_ PragmaOptions=variable=layer10_out complete dim=0_XLX_SEP_ [-Wdump-hls-pragmas]
#pragma HLS ARRAY_PARTITION variable=layer10_out complete dim=0
        ^
firmware/myproject.cpp:57:9: warning: HLS pragma dump _XLX_SEP_ PragmaIsValid=1_XLX_SEP_ PragmaType=array_partition_XLX_SEP_ PragmaContext=_XLX_SEP_ PragmaFunction=myproject_XLX_SEP_ PragmaOptions=variable=layer11_out complete dim=0_XLX_SEP_ [-Wdump-hls-pragmas]
#pragma HLS ARRAY_PARTITION variable=layer11_out complete dim=0
        ^
257 warnings generated.
