/home/sioni/Work/uzh2025/qmodel_1/hls4ml_prj/myproject_prj/solution1/.autopilot/db/myproject.pp.0.cpp:28368:7: warning: Added loop label VITIS_LOOP_1223_1:   [xilinx-label-all-loops]
      for (i = 0; i < __N - 1; ++i) {
      ^~~
      VITIS_LOOP_1223_1: 
/home/sioni/Work/uzh2025/qmodel_1/hls4ml_prj/myproject_prj/solution1/.autopilot/db/myproject.pp.0.cpp:28368:7: note: FIX-IT applied suggested code changes
/home/sioni/Work/uzh2025/qmodel_1/hls4ml_prj/myproject_prj/solution1/.autopilot/db/myproject.pp.0.cpp:29342:5: warning: Added loop label VITIS_LOOP_676_1:   [xilinx-label-all-loops]
    for (unsigned i = low; i != high; ++i) {
    ^~~
    VITIS_LOOP_676_1: 
/home/sioni/Work/uzh2025/qmodel_1/hls4ml_prj/myproject_prj/solution1/.autopilot/db/myproject.pp.0.cpp:29342:5: note: FIX-IT applied suggested code changes
/home/sioni/Work/uzh2025/qmodel_1/hls4ml_prj/myproject_prj/solution1/.autopilot/db/myproject.pp.0.cpp:29356:5: warning: Added loop label VITIS_LOOP_690_1:   [xilinx-label-all-loops]
    for (unsigned i = low; i != high; ++i) {
    ^~~
    VITIS_LOOP_690_1: 
/home/sioni/Work/uzh2025/qmodel_1/hls4ml_prj/myproject_prj/solution1/.autopilot/db/myproject.pp.0.cpp:29356:5: note: FIX-IT applied suggested code changes
/home/sioni/Work/uzh2025/qmodel_1/hls4ml_prj/myproject_prj/solution1/.autopilot/db/myproject.pp.0.cpp:29370:5: warning: Added loop label VITIS_LOOP_704_1:   [xilinx-label-all-loops]
    for (unsigned i = low; i != high; ++i) {
    ^~~
    VITIS_LOOP_704_1: 
/home/sioni/Work/uzh2025/qmodel_1/hls4ml_prj/myproject_prj/solution1/.autopilot/db/myproject.pp.0.cpp:29370:5: note: FIX-IT applied suggested code changes
/home/sioni/Work/uzh2025/qmodel_1/hls4ml_prj/myproject_prj/solution1/.autopilot/db/myproject.pp.0.cpp:30987:7: warning: Added loop label VITIS_LOOP_1247_1:   [xilinx-label-all-loops]
      for (i = 0; i < __N - 1; ++i) {
      ^~~
      VITIS_LOOP_1247_1: 
/home/sioni/Work/uzh2025/qmodel_1/hls4ml_prj/myproject_prj/solution1/.autopilot/db/myproject.pp.0.cpp:30987:7: note: FIX-IT applied suggested code changes
/home/sioni/Work/uzh2025/qmodel_1/hls4ml_prj/myproject_prj/solution1/.autopilot/db/myproject.pp.0.cpp:32970:9: warning: Added loop label VITIS_LOOP_27_1:   [xilinx-label-all-loops]
        for (unsigned i = 0; i < N; i++) {
        ^~~
        VITIS_LOOP_27_1: 
/home/sioni/Work/uzh2025/qmodel_1/hls4ml_prj/myproject_prj/solution1/.autopilot/db/myproject.pp.0.cpp:32970:9: note: FIX-IT applied suggested code changes
/home/sioni/Work/uzh2025/qmodel_1/hls4ml_prj/myproject_prj/solution1/.autopilot/db/myproject.pp.0.cpp:32982:9: warning: Added loop label VITIS_LOOP_39_1:   [xilinx-label-all-loops]
        for (unsigned i = 0; i < N; i++) {
        ^~~
        VITIS_LOOP_39_1: 
/home/sioni/Work/uzh2025/qmodel_1/hls4ml_prj/myproject_prj/solution1/.autopilot/db/myproject.pp.0.cpp:32982:9: note: FIX-IT applied suggested code changes
/home/sioni/Work/uzh2025/qmodel_1/hls4ml_prj/myproject_prj/solution1/.autopilot/db/myproject.pp.0.cpp:32999:9: warning: Added loop label VITIS_LOOP_56_1:   [xilinx-label-all-loops]
        for (size_t i = 0; i < N; i++) {
        ^~~
        VITIS_LOOP_56_1: 
/home/sioni/Work/uzh2025/qmodel_1/hls4ml_prj/myproject_prj/solution1/.autopilot/db/myproject.pp.0.cpp:32999:9: note: FIX-IT applied suggested code changes
/home/sioni/Work/uzh2025/qmodel_1/hls4ml_prj/myproject_prj/solution1/.autopilot/db/myproject.pp.0.cpp:56213:5: warning: Added loop label VITIS_LOOP_265_1:   [xilinx-label-all-loops]
    for (typename std::vector<src_T>::const_iterator i = in_begin; i != in_end; ++i) {
    ^~~
    VITIS_LOOP_265_1: 
/home/sioni/Work/uzh2025/qmodel_1/hls4ml_prj/myproject_prj/solution1/.autopilot/db/myproject.pp.0.cpp:56213:5: note: FIX-IT applied suggested code changes
/home/sioni/Work/uzh2025/qmodel_1/hls4ml_prj/myproject_prj/solution1/.autopilot/db/myproject.pp.0.cpp:56223:5: warning: Added loop label VITIS_LOOP_275_1:   [xilinx-label-all-loops]
    for (auto i = 0; i < SIZE; i++)
    ^~~
    VITIS_LOOP_275_1: 
/home/sioni/Work/uzh2025/qmodel_1/hls4ml_prj/myproject_prj/solution1/.autopilot/db/myproject.pp.0.cpp:56223:5: note: FIX-IT applied suggested code changes
/home/sioni/Work/uzh2025/qmodel_1/hls4ml_prj/myproject_prj/solution1/.autopilot/db/myproject.pp.0.cpp:56234:5: warning: Added loop label VITIS_LOOP_286_1:   [xilinx-label-all-loops]
    for (int i = 0; i < SIZE; i++) {
    ^~~
    VITIS_LOOP_286_1: 
/home/sioni/Work/uzh2025/qmodel_1/hls4ml_prj/myproject_prj/solution1/.autopilot/db/myproject.pp.0.cpp:56234:5: note: FIX-IT applied suggested code changes
/home/sioni/Work/uzh2025/qmodel_1/hls4ml_prj/myproject_prj/solution1/.autopilot/db/myproject.pp.0.cpp:56241:5: warning: Added loop label VITIS_LOOP_293_1:   [xilinx-label-all-loops]
    for (int i = 0; i < SIZE / res_T::size; i++) {
    ^~~
    VITIS_LOOP_293_1: 
/home/sioni/Work/uzh2025/qmodel_1/hls4ml_prj/myproject_prj/solution1/.autopilot/db/myproject.pp.0.cpp:56241:5: note: FIX-IT applied suggested code changes
/home/sioni/Work/uzh2025/qmodel_1/hls4ml_prj/myproject_prj/solution1/.autopilot/db/myproject.pp.0.cpp:56243:9: warning: Added loop label VITIS_LOOP_295_2:   [xilinx-label-all-loops]
        for (int j = 0; j < res_T::size; j++) {
        ^~~
        VITIS_LOOP_295_2: 
/home/sioni/Work/uzh2025/qmodel_1/hls4ml_prj/myproject_prj/solution1/.autopilot/db/myproject.pp.0.cpp:56243:9: note: FIX-IT applied suggested code changes
/home/sioni/Work/uzh2025/qmodel_1/hls4ml_prj/myproject_prj/solution1/.autopilot/db/myproject.pp.0.cpp:56255:5: warning: Added loop label VITIS_LOOP_307_1:   [xilinx-label-all-loops]
    for (int i = 0; i < SIZE / data_T::size; i++) {
    ^~~
    VITIS_LOOP_307_1: 
/home/sioni/Work/uzh2025/qmodel_1/hls4ml_prj/myproject_prj/solution1/.autopilot/db/myproject.pp.0.cpp:56255:5: note: FIX-IT applied suggested code changes
/home/sioni/Work/uzh2025/qmodel_1/hls4ml_prj/myproject_prj/solution1/.autopilot/db/myproject.pp.0.cpp:56257:9: warning: Added loop label VITIS_LOOP_309_2:   [xilinx-label-all-loops]
        for (int j = 0; j < data_T::size; j++) {
        ^~~
        VITIS_LOOP_309_2: 
/home/sioni/Work/uzh2025/qmodel_1/hls4ml_prj/myproject_prj/solution1/.autopilot/db/myproject.pp.0.cpp:56257:9: note: FIX-IT applied suggested code changes
/home/sioni/Work/uzh2025/qmodel_1/hls4ml_prj/myproject_prj/solution1/.autopilot/db/myproject.pp.0.cpp:56272:5: warning: Added loop label VITIS_LOOP_324_1:   [xilinx-label-all-loops]
    for (int ii = 0; ii < nrows; ii++) {
    ^~~
    VITIS_LOOP_324_1: 
/home/sioni/Work/uzh2025/qmodel_1/hls4ml_prj/myproject_prj/solution1/.autopilot/db/myproject.pp.0.cpp:56272:5: note: FIX-IT applied suggested code changes
/home/sioni/Work/uzh2025/qmodel_1/hls4ml_prj/myproject_prj/solution1/.autopilot/db/myproject.pp.0.cpp:56292:5: warning: Added loop label VITIS_LOOP_344_1:   [xilinx-label-all-loops]
    for (int ii = 0; ii < nrows; ii++) {
    ^~~
    VITIS_LOOP_344_1: 
/home/sioni/Work/uzh2025/qmodel_1/hls4ml_prj/myproject_prj/solution1/.autopilot/db/myproject.pp.0.cpp:56292:5: note: FIX-IT applied suggested code changes
/home/sioni/Work/uzh2025/qmodel_1/hls4ml_prj/myproject_prj/solution1/.autopilot/db/myproject.pp.0.cpp:56293:9: warning: Added loop label VITIS_LOOP_345_2:   [xilinx-label-all-loops]
        for (int jj = 0; jj < ncols; jj++) {
        ^~~
        VITIS_LOOP_345_2: 
/home/sioni/Work/uzh2025/qmodel_1/hls4ml_prj/myproject_prj/solution1/.autopilot/db/myproject.pp.0.cpp:56293:9: note: FIX-IT applied suggested code changes
/home/sioni/Work/uzh2025/qmodel_1/hls4ml_prj/myproject_prj/solution1/.autopilot/db/myproject.pp.0.cpp:56308:5: warning: Added loop label VITIS_LOOP_360_1:   [xilinx-label-all-loops]
    for (int ii = 0; ii < N_IN; ii++) {
    ^~~
    VITIS_LOOP_360_1: 
/home/sioni/Work/uzh2025/qmodel_1/hls4ml_prj/myproject_prj/solution1/.autopilot/db/myproject.pp.0.cpp:56308:5: note: FIX-IT applied suggested code changes
/home/sioni/Work/uzh2025/qmodel_1/hls4ml_prj/myproject_prj/solution1/.autopilot/db/myproject.pp.0.cpp:56315:5: warning: Added loop label VITIS_LOOP_367_1:   [xilinx-label-all-loops]
    for (int ii = 0; ii < N_IN; ii++) {
    ^~~
    VITIS_LOOP_367_1: 
/home/sioni/Work/uzh2025/qmodel_1/hls4ml_prj/myproject_prj/solution1/.autopilot/db/myproject.pp.0.cpp:56315:5: note: FIX-IT applied suggested code changes
/home/sioni/Work/uzh2025/qmodel_1/hls4ml_prj/myproject_prj/solution1/.autopilot/db/myproject.pp.0.cpp:56625:5: warning: Added loop label VITIS_LOOP_136_1:   [xilinx-label-all-loops]
    for (int ii = 0; ii < CONFIG_T::out_width / CONFIG_T::n_partitions; ii++) {
    ^~~
    VITIS_LOOP_136_1: 
/home/sioni/Work/uzh2025/qmodel_1/hls4ml_prj/myproject_prj/solution1/.autopilot/db/myproject.pp.0.cpp:56625:5: note: FIX-IT applied suggested code changes
/home/sioni/Work/uzh2025/qmodel_1/hls4ml_prj/myproject_prj/solution1/.autopilot/db/myproject.pp.0.cpp:56626:9: warning: Added loop label VITIS_LOOP_137_2:   [xilinx-label-all-loops]
        for (int ff = 0; ff < CONFIG_T::n_filt; ff++) {
        ^~~
        VITIS_LOOP_137_2: 
/home/sioni/Work/uzh2025/qmodel_1/hls4ml_prj/myproject_prj/solution1/.autopilot/db/myproject.pp.0.cpp:56626:9: note: FIX-IT applied suggested code changes
/home/sioni/Work/uzh2025/qmodel_1/hls4ml_prj/myproject_prj/solution1/.autopilot/db/myproject.pp.0.cpp:56647:5: warning: Added loop label VITIS_LOOP_158_3:   [xilinx-label-all-loops]
    for (int ii = 0; ii < CONFIG_T::out_width / CONFIG_T::n_partitions; ii++) {
    ^~~
    VITIS_LOOP_158_3: 
/home/sioni/Work/uzh2025/qmodel_1/hls4ml_prj/myproject_prj/solution1/.autopilot/db/myproject.pp.0.cpp:56647:5: note: FIX-IT applied suggested code changes
/home/sioni/Work/uzh2025/qmodel_1/hls4ml_prj/myproject_prj/solution1/.autopilot/db/myproject.pp.0.cpp:56648:9: warning: Added loop label VITIS_LOOP_159_4:   [xilinx-label-all-loops]
        for (int ff = 0; ff < CONFIG_T::n_filt; ff++) {
        ^~~
        VITIS_LOOP_159_4: 
/home/sioni/Work/uzh2025/qmodel_1/hls4ml_prj/myproject_prj/solution1/.autopilot/db/myproject.pp.0.cpp:56648:9: note: FIX-IT applied suggested code changes
/home/sioni/Work/uzh2025/qmodel_1/hls4ml_prj/myproject_prj/solution1/.autopilot/db/myproject.pp.0.cpp:56795:2: warning: Added loop label VITIS_LOOP_31_1:   [xilinx-label-all-loops]
 for (int ii = 0; ii < CONFIG_T::n_in; ii++) {
 ^~~
 VITIS_LOOP_31_1: 
/home/sioni/Work/uzh2025/qmodel_1/hls4ml_prj/myproject_prj/solution1/.autopilot/db/myproject.pp.0.cpp:56795:2: note: FIX-IT applied suggested code changes
/home/sioni/Work/uzh2025/qmodel_1/hls4ml_prj/myproject_prj/solution1/.autopilot/db/myproject.pp.0.cpp:56807:5: warning: Added loop label VITIS_LOOP_43_1:   [xilinx-label-all-loops]
    for (int ii = 0; ii < CONFIG_T::n_in; ii++) {
    ^~~
    VITIS_LOOP_43_1: 
/home/sioni/Work/uzh2025/qmodel_1/hls4ml_prj/myproject_prj/solution1/.autopilot/db/myproject.pp.0.cpp:56807:5: note: FIX-IT applied suggested code changes
/home/sioni/Work/uzh2025/qmodel_1/hls4ml_prj/myproject_prj/solution1/.autopilot/db/myproject.pp.0.cpp:56821:5: warning: Added loop label VITIS_LOOP_57_1:   [xilinx-label-all-loops]
    for (int ii = 0; ii < CONFIG_T::n_in; ii++) {
    ^~~
    VITIS_LOOP_57_1: 
/home/sioni/Work/uzh2025/qmodel_1/hls4ml_prj/myproject_prj/solution1/.autopilot/db/myproject.pp.0.cpp:56821:5: note: FIX-IT applied suggested code changes
/home/sioni/Work/uzh2025/qmodel_1/hls4ml_prj/myproject_prj/solution1/.autopilot/db/myproject.pp.0.cpp:56848:5: warning: Added loop label VITIS_LOOP_84_1:   [xilinx-label-all-loops]
    for (int ii = 0; ii < N_TABLE; ii++) {
    ^~~
    VITIS_LOOP_84_1: 
/home/sioni/Work/uzh2025/qmodel_1/hls4ml_prj/myproject_prj/solution1/.autopilot/db/myproject.pp.0.cpp:56848:5: note: FIX-IT applied suggested code changes
/home/sioni/Work/uzh2025/qmodel_1/hls4ml_prj/myproject_prj/solution1/.autopilot/db/myproject.pp.0.cpp:56878:5: warning: Added loop label VITIS_LOOP_114_1:   [xilinx-label-all-loops]
    for (int ii = 0; ii < CONFIG_T::n_in; ii++) {
    ^~~
    VITIS_LOOP_114_1: 
/home/sioni/Work/uzh2025/qmodel_1/hls4ml_prj/myproject_prj/solution1/.autopilot/db/myproject.pp.0.cpp:56878:5: note: FIX-IT applied suggested code changes
/home/sioni/Work/uzh2025/qmodel_1/hls4ml_prj/myproject_prj/solution1/.autopilot/db/myproject.pp.0.cpp:56915:5: warning: Added loop label VITIS_LOOP_151_1:   [xilinx-label-all-loops]
    for (unsigned i = 0; i < CONFIG_T::exp_table_size; i++) {
    ^~~
    VITIS_LOOP_151_1: 
/home/sioni/Work/uzh2025/qmodel_1/hls4ml_prj/myproject_prj/solution1/.autopilot/db/myproject.pp.0.cpp:56915:5: note: FIX-IT applied suggested code changes
/home/sioni/Work/uzh2025/qmodel_1/hls4ml_prj/myproject_prj/solution1/.autopilot/db/myproject.pp.0.cpp:56931:5: warning: Added loop label VITIS_LOOP_167_1:   [xilinx-label-all-loops]
    for (unsigned i = 0; i < CONFIG_T::inv_table_size; i++) {
    ^~~
    VITIS_LOOP_167_1: 
/home/sioni/Work/uzh2025/qmodel_1/hls4ml_prj/myproject_prj/solution1/.autopilot/db/myproject.pp.0.cpp:56931:5: note: FIX-IT applied suggested code changes
/home/sioni/Work/uzh2025/qmodel_1/hls4ml_prj/myproject_prj/solution1/.autopilot/db/myproject.pp.0.cpp:56964:5: warning: Added loop label VITIS_LOOP_200_1:   [xilinx-label-all-loops]
    for (unsigned i = 0; i < CONFIG_T::n_slice; i++) {
    ^~~
    VITIS_LOOP_200_1: 
/home/sioni/Work/uzh2025/qmodel_1/hls4ml_prj/myproject_prj/solution1/.autopilot/db/myproject.pp.0.cpp:56964:5: note: FIX-IT applied suggested code changes
/home/sioni/Work/uzh2025/qmodel_1/hls4ml_prj/myproject_prj/solution1/.autopilot/db/myproject.pp.0.cpp:56977:5: warning: Added loop label VITIS_LOOP_213_2:   [xilinx-label-all-loops]
    for (unsigned i = 0; i < CONFIG_T::n_slice; i++) {
    ^~~
    VITIS_LOOP_213_2: 
/home/sioni/Work/uzh2025/qmodel_1/hls4ml_prj/myproject_prj/solution1/.autopilot/db/myproject.pp.0.cpp:56977:5: note: FIX-IT applied suggested code changes
/home/sioni/Work/uzh2025/qmodel_1/hls4ml_prj/myproject_prj/solution1/.autopilot/db/myproject.pp.0.cpp:57010:5: warning: Added loop label VITIS_LOOP_246_1:   [xilinx-label-all-loops]
    for (unsigned i = 0; i < CONFIG_T::n_slice; i++) {
    ^~~
    VITIS_LOOP_246_1: 
/home/sioni/Work/uzh2025/qmodel_1/hls4ml_prj/myproject_prj/solution1/.autopilot/db/myproject.pp.0.cpp:57010:5: note: FIX-IT applied suggested code changes
/home/sioni/Work/uzh2025/qmodel_1/hls4ml_prj/myproject_prj/solution1/.autopilot/db/myproject.pp.0.cpp:57019:5: warning: Added loop label VITIS_LOOP_255_2:   [xilinx-label-all-loops]
    for (unsigned i = 0; i < CONFIG_T::n_slice; i++) {
    ^~~
    VITIS_LOOP_255_2: 
/home/sioni/Work/uzh2025/qmodel_1/hls4ml_prj/myproject_prj/solution1/.autopilot/db/myproject.pp.0.cpp:57019:5: note: FIX-IT applied suggested code changes
/home/sioni/Work/uzh2025/qmodel_1/hls4ml_prj/myproject_prj/solution1/.autopilot/db/myproject.pp.0.cpp:57032:5: warning: Added loop label VITIS_LOOP_268_3:   [xilinx-label-all-loops]
    for (unsigned i = 0; i < CONFIG_T::n_slice; i++) {
    ^~~
    VITIS_LOOP_268_3: 
/home/sioni/Work/uzh2025/qmodel_1/hls4ml_prj/myproject_prj/solution1/.autopilot/db/myproject.pp.0.cpp:57032:5: note: FIX-IT applied suggested code changes
/home/sioni/Work/uzh2025/qmodel_1/hls4ml_prj/myproject_prj/solution1/.autopilot/db/myproject.pp.0.cpp:57039:5: warning: Added loop label VITIS_LOOP_275_1:   [xilinx-label-all-loops]
    for (int ii = 0; ii < N_TABLE; ii++) {
    ^~~
    VITIS_LOOP_275_1: 
/home/sioni/Work/uzh2025/qmodel_1/hls4ml_prj/myproject_prj/solution1/.autopilot/db/myproject.pp.0.cpp:57039:5: note: FIX-IT applied suggested code changes
/home/sioni/Work/uzh2025/qmodel_1/hls4ml_prj/myproject_prj/solution1/.autopilot/db/myproject.pp.0.cpp:57052:5: warning: Added loop label VITIS_LOOP_288_1:   [xilinx-label-all-loops]
    for (int ii = 0; ii < N_TABLE; ii++) {
    ^~~
    VITIS_LOOP_288_1: 
/home/sioni/Work/uzh2025/qmodel_1/hls4ml_prj/myproject_prj/solution1/.autopilot/db/myproject.pp.0.cpp:57052:5: note: FIX-IT applied suggested code changes
/home/sioni/Work/uzh2025/qmodel_1/hls4ml_prj/myproject_prj/solution1/.autopilot/db/myproject.pp.0.cpp:57089:5: warning: Added loop label VITIS_LOOP_325_1:   [xilinx-label-all-loops]
    for (int ii = 0; ii < CONFIG_T::n_slice; ii++) {
    ^~~
    VITIS_LOOP_325_1: 
/home/sioni/Work/uzh2025/qmodel_1/hls4ml_prj/myproject_prj/solution1/.autopilot/db/myproject.pp.0.cpp:57089:5: note: FIX-IT applied suggested code changes
/home/sioni/Work/uzh2025/qmodel_1/hls4ml_prj/myproject_prj/solution1/.autopilot/db/myproject.pp.0.cpp:57094:5: warning: Added loop label VITIS_LOOP_330_2:   [xilinx-label-all-loops]
    for (int ii = 0; ii < CONFIG_T::n_slice; ii++) {
    ^~~
    VITIS_LOOP_330_2: 
/home/sioni/Work/uzh2025/qmodel_1/hls4ml_prj/myproject_prj/solution1/.autopilot/db/myproject.pp.0.cpp:57094:5: note: FIX-IT applied suggested code changes
/home/sioni/Work/uzh2025/qmodel_1/hls4ml_prj/myproject_prj/solution1/.autopilot/db/myproject.pp.0.cpp:57095:9: warning: Added loop label VITIS_LOOP_331_3:   [xilinx-label-all-loops]
        for (int jj = 0; jj < CONFIG_T::n_slice; jj++) {
        ^~~
        VITIS_LOOP_331_3: 
/home/sioni/Work/uzh2025/qmodel_1/hls4ml_prj/myproject_prj/solution1/.autopilot/db/myproject.pp.0.cpp:57095:9: note: FIX-IT applied suggested code changes
/home/sioni/Work/uzh2025/qmodel_1/hls4ml_prj/myproject_prj/solution1/.autopilot/db/myproject.pp.0.cpp:57112:5: warning: Added loop label VITIS_LOOP_348_4:   [xilinx-label-all-loops]
    for (int ii = 0; ii < CONFIG_T::n_slice; ii++) {
    ^~~
    VITIS_LOOP_348_4: 
/home/sioni/Work/uzh2025/qmodel_1/hls4ml_prj/myproject_prj/solution1/.autopilot/db/myproject.pp.0.cpp:57112:5: note: FIX-IT applied suggested code changes
/home/sioni/Work/uzh2025/qmodel_1/hls4ml_prj/myproject_prj/solution1/.autopilot/db/myproject.pp.0.cpp:57125:5: warning: Added loop label VITIS_LOOP_361_1:   [xilinx-label-all-loops]
    for (int i = 0; i < CONFIG_T::n_slice; i++) {
    ^~~
    VITIS_LOOP_361_1: 
/home/sioni/Work/uzh2025/qmodel_1/hls4ml_prj/myproject_prj/solution1/.autopilot/db/myproject.pp.0.cpp:57125:5: note: FIX-IT applied suggested code changes
/home/sioni/Work/uzh2025/qmodel_1/hls4ml_prj/myproject_prj/solution1/.autopilot/db/myproject.pp.0.cpp:57133:5: warning: Added loop label VITIS_LOOP_369_2:   [xilinx-label-all-loops]
    for (int i = 1; i < CONFIG_T::n_slice; i++) {
    ^~~
    VITIS_LOOP_369_2: 
/home/sioni/Work/uzh2025/qmodel_1/hls4ml_prj/myproject_prj/solution1/.autopilot/db/myproject.pp.0.cpp:57133:5: note: FIX-IT applied suggested code changes
/home/sioni/Work/uzh2025/qmodel_1/hls4ml_prj/myproject_prj/solution1/.autopilot/db/myproject.pp.0.cpp:57169:5: warning: Added loop label VITIS_LOOP_405_1:   [xilinx-label-all-loops]
    for (signed i = 0; i < CONFIG_T::n_outer; i++) {
    ^~~
    VITIS_LOOP_405_1: 
/home/sioni/Work/uzh2025/qmodel_1/hls4ml_prj/myproject_prj/solution1/.autopilot/db/myproject.pp.0.cpp:57169:5: note: FIX-IT applied suggested code changes
/home/sioni/Work/uzh2025/qmodel_1/hls4ml_prj/myproject_prj/solution1/.autopilot/db/myproject.pp.0.cpp:57171:2: warning: Added loop label VITIS_LOOP_407_2:   [xilinx-label-all-loops]
 for (signed k = 0; k < CONFIG_T::n_inner; k++) {
 ^~~
 VITIS_LOOP_407_2: 
/home/sioni/Work/uzh2025/qmodel_1/hls4ml_prj/myproject_prj/solution1/.autopilot/db/myproject.pp.0.cpp:57171:2: note: FIX-IT applied suggested code changes
/home/sioni/Work/uzh2025/qmodel_1/hls4ml_prj/myproject_prj/solution1/.autopilot/db/myproject.pp.0.cpp:57173:2: warning: Added loop label VITIS_LOOP_409_3:   [xilinx-label-all-loops]
 for (signed j = 0; j < CONFIG_T::n_slice; j++) {
 ^~~
 VITIS_LOOP_409_3: 
/home/sioni/Work/uzh2025/qmodel_1/hls4ml_prj/myproject_prj/solution1/.autopilot/db/myproject.pp.0.cpp:57173:2: note: FIX-IT applied suggested code changes
/home/sioni/Work/uzh2025/qmodel_1/hls4ml_prj/myproject_prj/solution1/.autopilot/db/myproject.pp.0.cpp:57178:13: warning: Added loop label VITIS_LOOP_414_4:   [xilinx-label-all-loops]
            for (signed j = 0; j < CONFIG_T::n_slice; j++) {
            ^~~
            VITIS_LOOP_414_4: 
/home/sioni/Work/uzh2025/qmodel_1/hls4ml_prj/myproject_prj/solution1/.autopilot/db/myproject.pp.0.cpp:57178:13: note: FIX-IT applied suggested code changes
/home/sioni/Work/uzh2025/qmodel_1/hls4ml_prj/myproject_prj/solution1/.autopilot/db/myproject.pp.0.cpp:57191:5: warning: Added loop label VITIS_LOOP_427_1:   [xilinx-label-all-loops]
    for (int ii = 0; ii < N_TABLE; ii++) {
    ^~~
    VITIS_LOOP_427_1: 
/home/sioni/Work/uzh2025/qmodel_1/hls4ml_prj/myproject_prj/solution1/.autopilot/db/myproject.pp.0.cpp:57191:5: note: FIX-IT applied suggested code changes
/home/sioni/Work/uzh2025/qmodel_1/hls4ml_prj/myproject_prj/solution1/.autopilot/db/myproject.pp.0.cpp:57221:5: warning: Added loop label VITIS_LOOP_457_1:   [xilinx-label-all-loops]
    for (int ii = 0; ii < CONFIG_T::n_in; ii++) {
    ^~~
    VITIS_LOOP_457_1: 
/home/sioni/Work/uzh2025/qmodel_1/hls4ml_prj/myproject_prj/solution1/.autopilot/db/myproject.pp.0.cpp:57221:5: note: FIX-IT applied suggested code changes
/home/sioni/Work/uzh2025/qmodel_1/hls4ml_prj/myproject_prj/solution1/.autopilot/db/myproject.pp.0.cpp:57248:2: warning: Added loop label VITIS_LOOP_484_1:   [xilinx-label-all-loops]
 for (int ii = 0; ii < CONFIG_T::n_in; ii++) {
 ^~~
 VITIS_LOOP_484_1: 
/home/sioni/Work/uzh2025/qmodel_1/hls4ml_prj/myproject_prj/solution1/.autopilot/db/myproject.pp.0.cpp:57248:2: note: FIX-IT applied suggested code changes
/home/sioni/Work/uzh2025/qmodel_1/hls4ml_prj/myproject_prj/solution1/.autopilot/db/myproject.pp.0.cpp:57262:2: warning: Added loop label VITIS_LOOP_498_1:   [xilinx-label-all-loops]
 for (int ii = 0; ii < CONFIG_T::n_in; ii++) {
 ^~~
 VITIS_LOOP_498_1: 
/home/sioni/Work/uzh2025/qmodel_1/hls4ml_prj/myproject_prj/solution1/.autopilot/db/myproject.pp.0.cpp:57262:2: note: FIX-IT applied suggested code changes
/home/sioni/Work/uzh2025/qmodel_1/hls4ml_prj/myproject_prj/solution1/.autopilot/db/myproject.pp.0.cpp:57278:5: warning: Added loop label VITIS_LOOP_514_1:   [xilinx-label-all-loops]
    for (int ii = 0; ii < CONFIG_T::n_in; ii++) {
    ^~~
    VITIS_LOOP_514_1: 
/home/sioni/Work/uzh2025/qmodel_1/hls4ml_prj/myproject_prj/solution1/.autopilot/db/myproject.pp.0.cpp:57278:5: note: FIX-IT applied suggested code changes
/home/sioni/Work/uzh2025/qmodel_1/hls4ml_prj/myproject_prj/solution1/.autopilot/db/myproject.pp.0.cpp:57296:5: warning: Added loop label VITIS_LOOP_532_1:   [xilinx-label-all-loops]
    for (int ii = 0; ii < CONFIG_T::n_in; ii++) {
    ^~~
    VITIS_LOOP_532_1: 
/home/sioni/Work/uzh2025/qmodel_1/hls4ml_prj/myproject_prj/solution1/.autopilot/db/myproject.pp.0.cpp:57296:5: note: FIX-IT applied suggested code changes
/home/sioni/Work/uzh2025/qmodel_1/hls4ml_prj/myproject_prj/solution1/.autopilot/db/myproject.pp.0.cpp:57313:5: warning: Added loop label VITIS_LOOP_549_1:   [xilinx-label-all-loops]
    for (int ii = 0; ii < CONFIG_T::n_in; ii++) {
    ^~~
    VITIS_LOOP_549_1: 
/home/sioni/Work/uzh2025/qmodel_1/hls4ml_prj/myproject_prj/solution1/.autopilot/db/myproject.pp.0.cpp:57313:5: note: FIX-IT applied suggested code changes
/home/sioni/Work/uzh2025/qmodel_1/hls4ml_prj/myproject_prj/solution1/.autopilot/db/myproject.pp.0.cpp:57330:5: warning: Added loop label VITIS_LOOP_566_1:   [xilinx-label-all-loops]
    for (int ii = 0; ii < N_TABLE; ii++) {
    ^~~
    VITIS_LOOP_566_1: 
/home/sioni/Work/uzh2025/qmodel_1/hls4ml_prj/myproject_prj/solution1/.autopilot/db/myproject.pp.0.cpp:57330:5: note: FIX-IT applied suggested code changes
/home/sioni/Work/uzh2025/qmodel_1/hls4ml_prj/myproject_prj/solution1/.autopilot/db/myproject.pp.0.cpp:57360:5: warning: Added loop label VITIS_LOOP_596_1:   [xilinx-label-all-loops]
    for (int ii = 0; ii < CONFIG_T::n_in; ii++) {
    ^~~
    VITIS_LOOP_596_1: 
/home/sioni/Work/uzh2025/qmodel_1/hls4ml_prj/myproject_prj/solution1/.autopilot/db/myproject.pp.0.cpp:57360:5: note: FIX-IT applied suggested code changes
/home/sioni/Work/uzh2025/qmodel_1/hls4ml_prj/myproject_prj/solution1/.autopilot/db/myproject.pp.0.cpp:57379:5: warning: Added loop label VITIS_LOOP_615_1:   [xilinx-label-all-loops]
    for (int ii = 0; ii < N_TABLE; ii++) {
    ^~~
    VITIS_LOOP_615_1: 
/home/sioni/Work/uzh2025/qmodel_1/hls4ml_prj/myproject_prj/solution1/.autopilot/db/myproject.pp.0.cpp:57379:5: note: FIX-IT applied suggested code changes
/home/sioni/Work/uzh2025/qmodel_1/hls4ml_prj/myproject_prj/solution1/.autopilot/db/myproject.pp.0.cpp:57409:5: warning: Added loop label VITIS_LOOP_645_1:   [xilinx-label-all-loops]
    for (int ii = 0; ii < CONFIG_T::n_in; ii++) {
    ^~~
    VITIS_LOOP_645_1: 
/home/sioni/Work/uzh2025/qmodel_1/hls4ml_prj/myproject_prj/solution1/.autopilot/db/myproject.pp.0.cpp:57409:5: note: FIX-IT applied suggested code changes
/home/sioni/Work/uzh2025/qmodel_1/hls4ml_prj/myproject_prj/solution1/.autopilot/db/myproject.pp.0.cpp:57428:5: warning: Added loop label VITIS_LOOP_664_1:   [xilinx-label-all-loops]
    for (int ii = 0; ii < N_TABLE; ii++) {
    ^~~
    VITIS_LOOP_664_1: 
/home/sioni/Work/uzh2025/qmodel_1/hls4ml_prj/myproject_prj/solution1/.autopilot/db/myproject.pp.0.cpp:57428:5: note: FIX-IT applied suggested code changes
/home/sioni/Work/uzh2025/qmodel_1/hls4ml_prj/myproject_prj/solution1/.autopilot/db/myproject.pp.0.cpp:57458:5: warning: Added loop label VITIS_LOOP_694_1:   [xilinx-label-all-loops]
    for (int ii = 0; ii < CONFIG_T::n_in; ii++) {
    ^~~
    VITIS_LOOP_694_1: 
/home/sioni/Work/uzh2025/qmodel_1/hls4ml_prj/myproject_prj/solution1/.autopilot/db/myproject.pp.0.cpp:57458:5: note: FIX-IT applied suggested code changes
/home/sioni/Work/uzh2025/qmodel_1/hls4ml_prj/myproject_prj/solution1/.autopilot/db/myproject.pp.0.cpp:57485:5: warning: Added loop label VITIS_LOOP_721_1:   [xilinx-label-all-loops]
    for (int ii = 0; ii < N_TABLE; ii++) {
    ^~~
    VITIS_LOOP_721_1: 
/home/sioni/Work/uzh2025/qmodel_1/hls4ml_prj/myproject_prj/solution1/.autopilot/db/myproject.pp.0.cpp:57485:5: note: FIX-IT applied suggested code changes
/home/sioni/Work/uzh2025/qmodel_1/hls4ml_prj/myproject_prj/solution1/.autopilot/db/myproject.pp.0.cpp:57513:2: warning: Added loop label VITIS_LOOP_749_1:   [xilinx-label-all-loops]
 for (int ii = 0; ii < CONFIG_T::n_in; ii++) {
 ^~~
 VITIS_LOOP_749_1: 
/home/sioni/Work/uzh2025/qmodel_1/hls4ml_prj/myproject_prj/solution1/.autopilot/db/myproject.pp.0.cpp:57513:2: note: FIX-IT applied suggested code changes
/home/sioni/Work/uzh2025/qmodel_1/hls4ml_prj/myproject_prj/solution1/.autopilot/db/myproject.pp.0.cpp:57543:5: warning: Added loop label VITIS_LOOP_779_1:   [xilinx-label-all-loops]
    for (int ii = 0; ii < CONFIG_T::n_in; ii++) {
    ^~~
    VITIS_LOOP_779_1: 
/home/sioni/Work/uzh2025/qmodel_1/hls4ml_prj/myproject_prj/solution1/.autopilot/db/myproject.pp.0.cpp:57543:5: note: FIX-IT applied suggested code changes
/home/sioni/Work/uzh2025/qmodel_1/hls4ml_prj/myproject_prj/solution1/.autopilot/db/myproject.pp.0.cpp:57572:5: warning: Added loop label VITIS_LOOP_808_1:   [xilinx-label-all-loops]
    for (int ii = 0; ii < CONFIG_T::n_in; ii++) {
    ^~~
    VITIS_LOOP_808_1: 
/home/sioni/Work/uzh2025/qmodel_1/hls4ml_prj/myproject_prj/solution1/.autopilot/db/myproject.pp.0.cpp:57572:5: note: FIX-IT applied suggested code changes
/home/sioni/Work/uzh2025/qmodel_1/hls4ml_prj/myproject_prj/solution1/.autopilot/db/myproject.pp.0.cpp:57592:5: warning: Added loop label VITIS_LOOP_828_1:   [xilinx-label-all-loops]
    for (int ii = 0; ii < CONFIG_T::n_in; ii++) {
    ^~~
    VITIS_LOOP_828_1: 
/home/sioni/Work/uzh2025/qmodel_1/hls4ml_prj/myproject_prj/solution1/.autopilot/db/myproject.pp.0.cpp:57592:5: note: FIX-IT applied suggested code changes
/home/sioni/Work/uzh2025/qmodel_1/hls4ml_prj/myproject_prj/solution1/.autopilot/db/myproject.pp.0.cpp:57837:9: warning: Added loop label VITIS_LOOP_229_1:   [xilinx-label-all-loops]
        for (int i = 0; i < N / data_T::size; i++) {
        ^~~
        VITIS_LOOP_229_1: 
/home/sioni/Work/uzh2025/qmodel_1/hls4ml_prj/myproject_prj/solution1/.autopilot/db/myproject.pp.0.cpp:57837:9: note: FIX-IT applied suggested code changes
/home/sioni/Work/uzh2025/qmodel_1/hls4ml_prj/myproject_prj/solution1/.autopilot/db/myproject.pp.0.cpp:57844:13: warning: Added loop label VITIS_LOOP_236_2:   [xilinx-label-all-loops]
            for (int j = 0; j < data_T::size; j++) {
            ^~~
            VITIS_LOOP_236_2: 
/home/sioni/Work/uzh2025/qmodel_1/hls4ml_prj/myproject_prj/solution1/.autopilot/db/myproject.pp.0.cpp:57844:13: note: FIX-IT applied suggested code changes
/home/sioni/Work/uzh2025/qmodel_1/hls4ml_prj/myproject_prj/solution1/.autopilot/db/myproject.pp.0.cpp:57853:9: warning: Added loop label VITIS_LOOP_245_3:   [xilinx-label-all-loops]
        for (int i = 0; i < N / data_T::size; i++) {
        ^~~
        VITIS_LOOP_245_3: 
/home/sioni/Work/uzh2025/qmodel_1/hls4ml_prj/myproject_prj/solution1/.autopilot/db/myproject.pp.0.cpp:57853:9: note: FIX-IT applied suggested code changes
/home/sioni/Work/uzh2025/qmodel_1/hls4ml_prj/myproject_prj/solution1/.autopilot/db/myproject.pp.0.cpp:57862:13: warning: Added loop label VITIS_LOOP_254_4:   [xilinx-label-all-loops]
            for (int j = 0; j < pack_diff; j++) {
            ^~~
            VITIS_LOOP_254_4: 
/home/sioni/Work/uzh2025/qmodel_1/hls4ml_prj/myproject_prj/solution1/.autopilot/db/myproject.pp.0.cpp:57862:13: note: FIX-IT applied suggested code changes
/home/sioni/Work/uzh2025/qmodel_1/hls4ml_prj/myproject_prj/solution1/.autopilot/db/myproject.pp.0.cpp:57866:17: warning: Added loop label VITIS_LOOP_258_5:   [xilinx-label-all-loops]
                for (int k = 0; k < res_T::size; k++) {
                ^~~
                VITIS_LOOP_258_5: 
/home/sioni/Work/uzh2025/qmodel_1/hls4ml_prj/myproject_prj/solution1/.autopilot/db/myproject.pp.0.cpp:57866:17: note: FIX-IT applied suggested code changes
/home/sioni/Work/uzh2025/qmodel_1/hls4ml_prj/myproject_prj/solution1/.autopilot/db/myproject.pp.0.cpp:57877:9: warning: Added loop label VITIS_LOOP_269_6:   [xilinx-label-all-loops]
        for (int i = 0; i < N / data_T::size; i++) {
        ^~~
        VITIS_LOOP_269_6: 
/home/sioni/Work/uzh2025/qmodel_1/hls4ml_prj/myproject_prj/solution1/.autopilot/db/myproject.pp.0.cpp:57877:9: note: FIX-IT applied suggested code changes
/home/sioni/Work/uzh2025/qmodel_1/hls4ml_prj/myproject_prj/solution1/.autopilot/db/myproject.pp.0.cpp:57881:13: warning: Added loop label VITIS_LOOP_273_7:   [xilinx-label-all-loops]
            for (int j = 0; j < data_T::size; j++) {
            ^~~
            VITIS_LOOP_273_7: 
/home/sioni/Work/uzh2025/qmodel_1/hls4ml_prj/myproject_prj/solution1/.autopilot/db/myproject.pp.0.cpp:57881:13: note: FIX-IT applied suggested code changes
/home/sioni/Work/uzh2025/qmodel_1/hls4ml_prj/myproject_prj/solution1/.autopilot/db/myproject.pp.0.cpp:57905:9: warning: Added loop label VITIS_LOOP_297_1:   [xilinx-label-all-loops]
        for (int j = 0; j < n_dupl; j++) {
        ^~~
        VITIS_LOOP_297_1: 
/home/sioni/Work/uzh2025/qmodel_1/hls4ml_prj/myproject_prj/solution1/.autopilot/db/myproject.pp.0.cpp:57905:9: note: FIX-IT applied suggested code changes
/home/sioni/Work/uzh2025/qmodel_1/hls4ml_prj/myproject_prj/solution1/.autopilot/db/myproject.pp.0.cpp:57909:13: warning: Added loop label VITIS_LOOP_301_2:   [xilinx-label-all-loops]
            for (int k = 0; k < res_T::size; k++) {
            ^~~
            VITIS_LOOP_301_2: 
/home/sioni/Work/uzh2025/qmodel_1/hls4ml_prj/myproject_prj/solution1/.autopilot/db/myproject.pp.0.cpp:57909:13: note: FIX-IT applied suggested code changes
/home/sioni/Work/uzh2025/qmodel_1/hls4ml_prj/myproject_prj/solution1/.autopilot/db/myproject.pp.0.cpp:57928:9: warning: Added loop label VITIS_LOOP_320_1:   [xilinx-label-all-loops]
        for (int k = 0; k < res_T::size; k++) {
        ^~~
        VITIS_LOOP_320_1: 
/home/sioni/Work/uzh2025/qmodel_1/hls4ml_prj/myproject_prj/solution1/.autopilot/db/myproject.pp.0.cpp:57928:9: note: FIX-IT applied suggested code changes
/home/sioni/Work/uzh2025/qmodel_1/hls4ml_prj/myproject_prj/solution1/.autopilot/db/myproject.pp.0.cpp:58152:9: warning: Added loop label VITIS_LOOP_211_1:   [xilinx-label-all-loops]
        for (unsigned j = 0; j < data_T::size; j++) {
        ^~~
        VITIS_LOOP_211_1: 
/home/sioni/Work/uzh2025/qmodel_1/hls4ml_prj/myproject_prj/solution1/.autopilot/db/myproject.pp.0.cpp:58152:9: note: FIX-IT applied suggested code changes
/home/sioni/Work/uzh2025/qmodel_1/hls4ml_prj/myproject_prj/solution1/.autopilot/db/myproject.pp.0.cpp:58161:9: warning: Added loop label VITIS_LOOP_220_2:   [xilinx-label-all-loops]
        for (unsigned j = 0; j < data_T::size; j++) {
        ^~~
        VITIS_LOOP_220_2: 
/home/sioni/Work/uzh2025/qmodel_1/hls4ml_prj/myproject_prj/solution1/.autopilot/db/myproject.pp.0.cpp:58161:9: note: FIX-IT applied suggested code changes
/home/sioni/Work/uzh2025/qmodel_1/hls4ml_prj/myproject_prj/solution1/.autopilot/db/myproject.pp.0.cpp:58266:5: warning: Added loop label VITIS_LOOP_325_1:   [xilinx-label-all-loops]
    for (int i = 0; i < CONFIG_T::n_in / res_T::size; i++) {
    ^~~
    VITIS_LOOP_325_1: 
/home/sioni/Work/uzh2025/qmodel_1/hls4ml_prj/myproject_prj/solution1/.autopilot/db/myproject.pp.0.cpp:58266:5: note: FIX-IT applied suggested code changes
/home/sioni/Work/uzh2025/qmodel_1/hls4ml_prj/myproject_prj/solution1/.autopilot/db/myproject.pp.0.cpp:58271:9: warning: Added loop label VITIS_LOOP_330_2:   [xilinx-label-all-loops]
        for (int i = 0; i < res_T::size; i++) {
        ^~~
        VITIS_LOOP_330_2: 
/home/sioni/Work/uzh2025/qmodel_1/hls4ml_prj/myproject_prj/solution1/.autopilot/db/myproject.pp.0.cpp:58271:9: note: FIX-IT applied suggested code changes
/home/sioni/Work/uzh2025/qmodel_1/hls4ml_prj/myproject_prj/solution1/.autopilot/db/myproject.pp.0.cpp:58279:9: warning: Added loop label VITIS_LOOP_338_3:   [xilinx-label-all-loops]
        for (int i = 1; i < res_T::size; i++) {
        ^~~
        VITIS_LOOP_338_3: 
/home/sioni/Work/uzh2025/qmodel_1/hls4ml_prj/myproject_prj/solution1/.autopilot/db/myproject.pp.0.cpp:58279:9: note: FIX-IT applied suggested code changes
/home/sioni/Work/uzh2025/qmodel_1/hls4ml_prj/myproject_prj/solution1/.autopilot/db/myproject.pp.0.cpp:58861:9: error: Resource with core_name: ROM_nP_BRAM pragma is ignored, because this core doesn't exist at all  [clang-diagnostic-error]
#pragma HLS RESOURCE variable=weights core=ROM_nP_BRAM
        ^
/home/sioni/Work/uzh2025/qmodel_1/hls4ml_prj/myproject_prj/solution1/.autopilot/db/myproject.pp.0.cpp:58935:9: error: Resource with core_name: ROM_nP_BRAM pragma is ignored, because this core doesn't exist at all  [clang-diagnostic-error]
#pragma HLS RESOURCE variable=weights core=ROM_nP_BRAM
        ^
/home/sioni/Work/uzh2025/qmodel_1/hls4ml_prj/myproject_prj/solution1/.autopilot/db/myproject.pp.0.cpp:59017:9: error: Resource with core_name: ROM_nP_BRAM pragma is ignored, because this core doesn't exist at all  [clang-diagnostic-error]
#pragma HLS RESOURCE variable=weights core=ROM_nP_BRAM
        ^
/home/sioni/Work/uzh2025/qmodel_1/hls4ml_prj/myproject_prj/solution1/.autopilot/db/myproject.pp.0.cpp:59190:5: warning: Added loop label VITIS_LOOP_14_1:   [xilinx-label-all-loops]
    for (unsigned k = 0; k < CONFIG_T::n_out; k++) {
    ^~~
    VITIS_LOOP_14_1: 
/home/sioni/Work/uzh2025/qmodel_1/hls4ml_prj/myproject_prj/solution1/.autopilot/db/myproject.pp.0.cpp:59190:5: note: FIX-IT applied suggested code changes
/home/sioni/Work/uzh2025/qmodel_1/hls4ml_prj/myproject_prj/solution1/.autopilot/db/myproject.pp.0.cpp:59250:9: warning: Added loop label VITIS_LOOP_74_1:   [xilinx-label-all-loops]
        for (int im = 0; im < CONFIG_T::n_out; im++) {
        ^~~
        VITIS_LOOP_74_1: 
/home/sioni/Work/uzh2025/qmodel_1/hls4ml_prj/myproject_prj/solution1/.autopilot/db/myproject.pp.0.cpp:59250:9: note: FIX-IT applied suggested code changes
