

================================================================
== Vitis HLS Report for 'myproject'
================================================================
* Date:           Mon Nov 10 15:41:43 2025

* Version:        2024.1 (Build 5069499 on May 21 2024)
* Project:        myproject_prj
* Solution:       solution1 (Vivado IP Flow Target)
* Product family: virtexuplus
* Target device:  xcu250-figd2104-2L-e


================================================================
== Performance Estimates
================================================================
+ Timing: 
    * Summary: 
    +--------+---------+----------+------------+
    |  Clock |  Target | Estimated| Uncertainty|
    +--------+---------+----------+------------+
    |ap_clk  |  5.00 ns|  3.648 ns|     1.35 ns|
    +--------+---------+----------+------------+

+ Latency: 
    * Summary: 
    +---------+---------+-----------+-----------+-----+-----+---------+
    |  Latency (cycles) |   Latency (absolute)  |  Interval | Pipeline|
    |   min   |   max   |    min    |    max    | min | max |   Type  |
    +---------+---------+-----------+-----------+-----+-----+---------+
    |       15|       15|  75.000 ns|  75.000 ns|    1|    1|      yes|
    +---------+---------+-----------+-----------+-----+-----+---------+

    + Detail: 
        * Instance: 
        +-------------------------------------------------------------------------------+------------------------------------------------------------------+---------+---------+-----------+-----------+-----+-----+---------+
        |                                                                               |                                                                  |  Latency (cycles) |   Latency (absolute)  |  Interval | Pipeline|
        |                                    Instance                                   |                              Module                              |   min   |   max   |    min    |    max    | min | max |   Type  |
        +-------------------------------------------------------------------------------+------------------------------------------------------------------+---------+---------+-----------+-----------+-----+-----+---------+
        |grp_dense_latency_ap_fixed_16_7_5_3_0_ap_fixed_27_13_5_3_0_config2_s_fu_95     |dense_latency_ap_fixed_16_7_5_3_0_ap_fixed_27_13_5_3_0_config2_s  |        1|        1|   5.000 ns|   5.000 ns|    1|    1|      yes|
        |call_ret2_relu_ap_fixed_27_13_5_3_0_ap_ufixed_6_0_4_0_0_relu_config4_s_fu_101  |relu_ap_fixed_27_13_5_3_0_ap_ufixed_6_0_4_0_0_relu_config4_s      |        0|        0|       0 ns|       0 ns|    1|    1|      yes|
        |grp_dense_latency_ap_ufixed_6_0_4_0_0_ap_fixed_19_8_5_3_0_config5_s_fu_169     |dense_latency_ap_ufixed_6_0_4_0_0_ap_fixed_19_8_5_3_0_config5_s   |        1|        1|   5.000 ns|   5.000 ns|    1|    1|      yes|
        |call_ret4_relu_ap_fixed_19_8_5_3_0_ap_ufixed_6_0_4_0_0_relu_config7_s_fu_237   |relu_ap_fixed_19_8_5_3_0_ap_ufixed_6_0_4_0_0_relu_config7_s       |        0|        0|       0 ns|       0 ns|    1|    1|      yes|
        |grp_dense_latency_ap_ufixed_6_0_4_0_0_ap_fixed_18_7_5_3_0_config8_s_fu_268     |dense_latency_ap_ufixed_6_0_4_0_0_ap_fixed_18_7_5_3_0_config8_s   |        1|        1|   5.000 ns|   5.000 ns|    1|    1|      yes|
        |call_ret6_relu_ap_fixed_18_7_5_3_0_ap_ufixed_6_0_4_0_0_relu_config10_s_fu_299  |relu_ap_fixed_18_7_5_3_0_ap_ufixed_6_0_4_0_0_relu_config10_s      |        0|        0|       0 ns|       0 ns|    1|    1|      yes|
        |grp_dense_latency_ap_ufixed_6_0_4_0_0_ap_fixed_18_7_5_3_0_config11_s_fu_335    |dense_latency_ap_ufixed_6_0_4_0_0_ap_fixed_18_7_5_3_0_config11_s  |        1|        1|   5.000 ns|   5.000 ns|    1|    1|      yes|
        |grp_softmax_stable_ap_fixed_ap_fixed_16_7_5_3_0_softmax_config13_s_fu_371      |softmax_stable_ap_fixed_ap_fixed_16_7_5_3_0_softmax_config13_s    |        4|        4|  20.000 ns|  20.000 ns|    1|    1|      yes|
        +-------------------------------------------------------------------------------+------------------------------------------------------------------+---------+---------+-----------+-----------+-----+-----+---------+

        * Loop: 
        N/A



================================================================
== Utilization Estimates
================================================================
* Summary: 
+---------------------+---------+-------+---------+---------+------+
|         Name        | BRAM_18K|  DSP  |    FF   |   LUT   | URAM |
+---------------------+---------+-------+---------+---------+------+
|DSP                  |        -|      -|        -|        -|     -|
|Expression           |        -|      -|        0|       14|     -|
|FIFO                 |        -|      -|        -|        -|     -|
|Instance             |        5|     36|     4850|    73139|     -|
|Memory               |        -|      -|        -|        -|     -|
|Multiplexer          |        -|      -|        0|       36|     -|
|Register             |        -|      -|     3345|        -|     -|
+---------------------+---------+-------+---------+---------+------+
|Total                |        5|     36|     8195|    73189|     0|
+---------------------+---------+-------+---------+---------+------+
|Available SLR        |     1344|   3072|   864000|   432000|   320|
+---------------------+---------+-------+---------+---------+------+
|Utilization SLR (%)  |       ~0|      1|       ~0|       16|     0|
+---------------------+---------+-------+---------+---------+------+
|Available            |     5376|  12288|  3456000|  1728000|  1280|
+---------------------+---------+-------+---------+---------+------+
|Utilization (%)      |       ~0|     ~0|       ~0|        4|     0|
+---------------------+---------+-------+---------+---------+------+

+ Detail: 
    * Instance: 
    +-------------------------------------------------------------------------------+------------------------------------------------------------------+---------+----+------+-------+-----+
    |                                    Instance                                   |                              Module                              | BRAM_18K| DSP|  FF  |  LUT  | URAM|
    +-------------------------------------------------------------------------------+------------------------------------------------------------------+---------+----+------+-------+-----+
    |grp_dense_latency_ap_fixed_16_7_5_3_0_ap_fixed_27_13_5_3_0_config2_s_fu_95     |dense_latency_ap_fixed_16_7_5_3_0_ap_fixed_27_13_5_3_0_config2_s  |        0|  31|  2388|  22861|    0|
    |grp_dense_latency_ap_ufixed_6_0_4_0_0_ap_fixed_18_7_5_3_0_config11_s_fu_335    |dense_latency_ap_ufixed_6_0_4_0_0_ap_fixed_18_7_5_3_0_config11_s  |        0|   0|   263|   4594|    0|
    |grp_dense_latency_ap_ufixed_6_0_4_0_0_ap_fixed_18_7_5_3_0_config8_s_fu_268     |dense_latency_ap_ufixed_6_0_4_0_0_ap_fixed_18_7_5_3_0_config8_s   |        0|   0|   775|  11761|    0|
    |grp_dense_latency_ap_ufixed_6_0_4_0_0_ap_fixed_19_8_5_3_0_config5_s_fu_169     |dense_latency_ap_ufixed_6_0_4_0_0_ap_fixed_19_8_5_3_0_config5_s   |        0|   0|  1042|  19523|    0|
    |call_ret6_relu_ap_fixed_18_7_5_3_0_ap_ufixed_6_0_4_0_0_relu_config10_s_fu_299  |relu_ap_fixed_18_7_5_3_0_ap_ufixed_6_0_4_0_0_relu_config10_s      |        0|   0|     0|   3328|    0|
    |call_ret4_relu_ap_fixed_19_8_5_3_0_ap_ufixed_6_0_4_0_0_relu_config7_s_fu_237   |relu_ap_fixed_19_8_5_3_0_ap_ufixed_6_0_4_0_0_relu_config7_s       |        0|   0|     0|   2862|    0|
    |call_ret2_relu_ap_fixed_27_13_5_3_0_ap_ufixed_6_0_4_0_0_relu_config4_s_fu_101  |relu_ap_fixed_27_13_5_3_0_ap_ufixed_6_0_4_0_0_relu_config4_s      |        0|   0|     0|   7744|    0|
    |grp_softmax_stable_ap_fixed_ap_fixed_16_7_5_3_0_softmax_config13_s_fu_371      |softmax_stable_ap_fixed_ap_fixed_16_7_5_3_0_softmax_config13_s    |        5|   5|   382|    466|    0|
    +-------------------------------------------------------------------------------+------------------------------------------------------------------+---------+----+------+-------+-----+
    |Total                                                                          |                                                                  |        5|  36|  4850|  73139|    0|
    +-------------------------------------------------------------------------------+------------------------------------------------------------------+---------+----+------+-------+-----+

    * DSP: 
    N/A

    * Memory: 
    N/A

    * FIFO: 
    N/A

    * Expression: 
    +-------------------------------------------+----------+----+---+----+------------+------------+
    |               Variable Name               | Operation| DSP| FF| LUT| Bitwidth P0| Bitwidth P1|
    +-------------------------------------------+----------+----+---+----+------------+------------+
    |ap_block_pp0_stage0_01001                  |       and|   0|  0|   2|           1|           1|
    |ap_block_pp0_stage0_11001_ignoreCallOp149  |       and|   0|  0|   2|           1|           1|
    |ap_block_pp0_stage0_11001_ignoreCallOp18   |       and|   0|  0|   2|           1|           1|
    |ap_block_pp0_stage0_11001_ignoreCallOp206  |       and|   0|  0|   2|           1|           1|
    |ap_block_pp0_stage0_11001_ignoreCallOp273  |       and|   0|  0|   2|           1|           1|
    |ap_block_pp0_stage0_11001_ignoreCallOp280  |       and|   0|  0|   2|           1|           1|
    |ap_enable_pp0                              |       xor|   0|  0|   2|           1|           2|
    +-------------------------------------------+----------+----+---+----+------------+------------+
    |Total                                      |          |   0|  0|  14|           7|           8|
    +-------------------------------------------+----------+----+---+----+------------+------------+

    * Multiplexer: 
    +-------------------------+----+-----------+-----+-----------+
    |           Name          | LUT| Input Size| Bits| Total Bits|
    +-------------------------+----+-----------+-----+-----------+
    |fc1_input_ap_vld_in_sig  |   9|          2|    1|          2|
    |fc1_input_ap_vld_preg    |   9|          2|    1|          2|
    |fc1_input_blk_n          |   9|          2|    1|          2|
    |fc1_input_in_sig         |   9|          2|  256|        512|
    +-------------------------+----+-----------+-----+-----------+
    |Total                    |  36|          8|  259|        518|
    +-------------------------+----+-----------+-----+-----------+

    * Register: 
    +------------------------------------------------------------------------------------------+-----+----+-----+-----------+
    |                                           Name                                           |  FF | LUT| Bits| Const Bits|
    +------------------------------------------------------------------------------------------+-----+----+-----+-----------+
    |ap_CS_fsm                                                                                 |    1|   0|    1|          0|
    |ap_enable_reg_pp0_iter1                                                                   |    1|   0|    1|          0|
    |ap_enable_reg_pp0_iter10                                                                  |    1|   0|    1|          0|
    |ap_enable_reg_pp0_iter11                                                                  |    1|   0|    1|          0|
    |ap_enable_reg_pp0_iter12                                                                  |    1|   0|    1|          0|
    |ap_enable_reg_pp0_iter13                                                                  |    1|   0|    1|          0|
    |ap_enable_reg_pp0_iter14                                                                  |    1|   0|    1|          0|
    |ap_enable_reg_pp0_iter15                                                                  |    1|   0|    1|          0|
    |ap_enable_reg_pp0_iter2                                                                   |    1|   0|    1|          0|
    |ap_enable_reg_pp0_iter3                                                                   |    1|   0|    1|          0|
    |ap_enable_reg_pp0_iter4                                                                   |    1|   0|    1|          0|
    |ap_enable_reg_pp0_iter5                                                                   |    1|   0|    1|          0|
    |ap_enable_reg_pp0_iter6                                                                   |    1|   0|    1|          0|
    |ap_enable_reg_pp0_iter7                                                                   |    1|   0|    1|          0|
    |ap_enable_reg_pp0_iter8                                                                   |    1|   0|    1|          0|
    |ap_enable_reg_pp0_iter9                                                                   |    1|   0|    1|          0|
    |fc1_input_ap_vld_preg                                                                     |    1|   0|    1|          0|
    |fc1_input_preg                                                                            |  256|   0|  256|          0|
    |grp_dense_latency_ap_ufixed_6_0_4_0_0_ap_fixed_18_7_5_3_0_config11_s_fu_335_ap_start_reg  |    1|   0|    1|          0|
    |grp_dense_latency_ap_ufixed_6_0_4_0_0_ap_fixed_18_7_5_3_0_config8_s_fu_268_ap_start_reg   |    1|   0|    1|          0|
    |grp_dense_latency_ap_ufixed_6_0_4_0_0_ap_fixed_19_8_5_3_0_config5_s_fu_169_ap_start_reg   |    1|   0|    1|          0|
    |layer10_out_10_reg_2405                                                                   |    6|   0|    6|          0|
    |layer10_out_11_reg_2410                                                                   |    6|   0|    6|          0|
    |layer10_out_12_reg_2415                                                                   |    6|   0|    6|          0|
    |layer10_out_13_reg_2420                                                                   |    6|   0|    6|          0|
    |layer10_out_14_reg_2425                                                                   |    6|   0|    6|          0|
    |layer10_out_15_reg_2430                                                                   |    6|   0|    6|          0|
    |layer10_out_16_reg_2435                                                                   |    6|   0|    6|          0|
    |layer10_out_17_reg_2440                                                                   |    6|   0|    6|          0|
    |layer10_out_18_reg_2445                                                                   |    6|   0|    6|          0|
    |layer10_out_19_reg_2450                                                                   |    6|   0|    6|          0|
    |layer10_out_1_reg_2360                                                                    |    6|   0|    6|          0|
    |layer10_out_20_reg_2455                                                                   |    6|   0|    6|          0|
    |layer10_out_21_reg_2460                                                                   |    6|   0|    6|          0|
    |layer10_out_22_reg_2465                                                                   |    6|   0|    6|          0|
    |layer10_out_23_reg_2470                                                                   |    6|   0|    6|          0|
    |layer10_out_24_reg_2475                                                                   |    6|   0|    6|          0|
    |layer10_out_25_reg_2480                                                                   |    6|   0|    6|          0|
    |layer10_out_26_reg_2485                                                                   |    6|   0|    6|          0|
    |layer10_out_27_reg_2490                                                                   |    6|   0|    6|          0|
    |layer10_out_28_reg_2495                                                                   |    6|   0|    6|          0|
    |layer10_out_29_reg_2500                                                                   |    6|   0|    6|          0|
    |layer10_out_2_reg_2365                                                                    |    6|   0|    6|          0|
    |layer10_out_30_reg_2505                                                                   |    6|   0|    6|          0|
    |layer10_out_31_reg_2510                                                                   |    6|   0|    6|          0|
    |layer10_out_3_reg_2370                                                                    |    6|   0|    6|          0|
    |layer10_out_4_reg_2375                                                                    |    6|   0|    6|          0|
    |layer10_out_5_reg_2380                                                                    |    6|   0|    6|          0|
    |layer10_out_6_reg_2385                                                                    |    6|   0|    6|          0|
    |layer10_out_7_reg_2390                                                                    |    6|   0|    6|          0|
    |layer10_out_8_reg_2395                                                                    |    6|   0|    6|          0|
    |layer10_out_9_reg_2400                                                                    |    6|   0|    6|          0|
    |layer10_out_reg_2355                                                                      |    6|   0|    6|          0|
    |layer11_out_1_reg_2520                                                                    |   18|   0|   18|          0|
    |layer11_out_2_reg_2525                                                                    |   18|   0|   18|          0|
    |layer11_out_3_reg_2530                                                                    |   18|   0|   18|          0|
    |layer11_out_4_reg_2535                                                                    |   18|   0|   18|          0|
    |layer11_out_reg_2515                                                                      |   18|   0|   18|          0|
    |layer2_out_10_reg_1495                                                                    |   27|   0|   27|          0|
    |layer2_out_11_reg_1500                                                                    |   27|   0|   27|          0|
    |layer2_out_12_reg_1505                                                                    |   27|   0|   27|          0|
    |layer2_out_13_reg_1510                                                                    |   27|   0|   27|          0|
    |layer2_out_14_reg_1515                                                                    |   27|   0|   27|          0|
    |layer2_out_15_reg_1520                                                                    |   27|   0|   27|          0|
    |layer2_out_16_reg_1525                                                                    |   27|   0|   27|          0|
    |layer2_out_17_reg_1530                                                                    |   27|   0|   27|          0|
    |layer2_out_18_reg_1535                                                                    |   27|   0|   27|          0|
    |layer2_out_19_reg_1540                                                                    |   27|   0|   27|          0|
    |layer2_out_1_reg_1450                                                                     |   27|   0|   27|          0|
    |layer2_out_20_reg_1545                                                                    |   27|   0|   27|          0|
    |layer2_out_21_reg_1550                                                                    |   27|   0|   27|          0|
    |layer2_out_22_reg_1555                                                                    |   27|   0|   27|          0|
    |layer2_out_23_reg_1560                                                                    |   27|   0|   27|          0|
    |layer2_out_24_reg_1565                                                                    |   27|   0|   27|          0|
    |layer2_out_25_reg_1570                                                                    |   27|   0|   27|          0|
    |layer2_out_26_reg_1575                                                                    |   27|   0|   27|          0|
    |layer2_out_27_reg_1580                                                                    |   27|   0|   27|          0|
    |layer2_out_28_reg_1585                                                                    |   27|   0|   27|          0|
    |layer2_out_29_reg_1590                                                                    |   27|   0|   27|          0|
    |layer2_out_2_reg_1455                                                                     |   27|   0|   27|          0|
    |layer2_out_30_reg_1595                                                                    |   27|   0|   27|          0|
    |layer2_out_31_reg_1600                                                                    |   27|   0|   27|          0|
    |layer2_out_32_reg_1605                                                                    |   27|   0|   27|          0|
    |layer2_out_33_reg_1610                                                                    |   27|   0|   27|          0|
    |layer2_out_34_reg_1615                                                                    |   27|   0|   27|          0|
    |layer2_out_35_reg_1620                                                                    |   27|   0|   27|          0|
    |layer2_out_36_reg_1625                                                                    |   27|   0|   27|          0|
    |layer2_out_37_reg_1630                                                                    |   27|   0|   27|          0|
    |layer2_out_38_reg_1635                                                                    |   27|   0|   27|          0|
    |layer2_out_39_reg_1640                                                                    |   27|   0|   27|          0|
    |layer2_out_3_reg_1460                                                                     |   27|   0|   27|          0|
    |layer2_out_40_reg_1645                                                                    |   27|   0|   27|          0|
    |layer2_out_41_reg_1650                                                                    |   27|   0|   27|          0|
    |layer2_out_42_reg_1655                                                                    |   27|   0|   27|          0|
    |layer2_out_43_reg_1660                                                                    |   27|   0|   27|          0|
    |layer2_out_44_reg_1665                                                                    |   27|   0|   27|          0|
    |layer2_out_45_reg_1670                                                                    |   27|   0|   27|          0|
    |layer2_out_46_reg_1675                                                                    |   27|   0|   27|          0|
    |layer2_out_47_reg_1680                                                                    |   27|   0|   27|          0|
    |layer2_out_48_reg_1685                                                                    |   27|   0|   27|          0|
    |layer2_out_49_reg_1690                                                                    |   27|   0|   27|          0|
    |layer2_out_4_reg_1465                                                                     |   27|   0|   27|          0|
    |layer2_out_50_reg_1695                                                                    |   27|   0|   27|          0|
    |layer2_out_51_reg_1700                                                                    |   27|   0|   27|          0|
    |layer2_out_52_reg_1705                                                                    |   27|   0|   27|          0|
    |layer2_out_53_reg_1710                                                                    |   27|   0|   27|          0|
    |layer2_out_54_reg_1715                                                                    |   27|   0|   27|          0|
    |layer2_out_55_reg_1720                                                                    |   27|   0|   27|          0|
    |layer2_out_56_reg_1725                                                                    |   27|   0|   27|          0|
    |layer2_out_57_reg_1730                                                                    |   27|   0|   27|          0|
    |layer2_out_58_reg_1735                                                                    |   27|   0|   27|          0|
    |layer2_out_59_reg_1740                                                                    |   27|   0|   27|          0|
    |layer2_out_5_reg_1470                                                                     |   27|   0|   27|          0|
    |layer2_out_60_reg_1745                                                                    |   27|   0|   27|          0|
    |layer2_out_61_reg_1750                                                                    |   27|   0|   27|          0|
    |layer2_out_62_reg_1755                                                                    |   27|   0|   27|          0|
    |layer2_out_63_reg_1760                                                                    |   27|   0|   27|          0|
    |layer2_out_6_reg_1475                                                                     |   27|   0|   27|          0|
    |layer2_out_7_reg_1480                                                                     |   27|   0|   27|          0|
    |layer2_out_8_reg_1485                                                                     |   27|   0|   27|          0|
    |layer2_out_9_reg_1490                                                                     |   27|   0|   27|          0|
    |layer2_out_reg_1445                                                                       |   27|   0|   27|          0|
    |layer4_out_10_reg_1815                                                                    |    6|   0|    6|          0|
    |layer4_out_11_reg_1820                                                                    |    6|   0|    6|          0|
    |layer4_out_12_reg_1825                                                                    |    6|   0|    6|          0|
    |layer4_out_13_reg_1830                                                                    |    6|   0|    6|          0|
    |layer4_out_14_reg_1835                                                                    |    6|   0|    6|          0|
    |layer4_out_15_reg_1840                                                                    |    6|   0|    6|          0|
    |layer4_out_16_reg_1845                                                                    |    6|   0|    6|          0|
    |layer4_out_17_reg_1850                                                                    |    6|   0|    6|          0|
    |layer4_out_18_reg_1855                                                                    |    6|   0|    6|          0|
    |layer4_out_19_reg_1860                                                                    |    6|   0|    6|          0|
    |layer4_out_1_reg_1770                                                                     |    6|   0|    6|          0|
    |layer4_out_20_reg_1865                                                                    |    6|   0|    6|          0|
    |layer4_out_21_reg_1870                                                                    |    6|   0|    6|          0|
    |layer4_out_22_reg_1875                                                                    |    6|   0|    6|          0|
    |layer4_out_23_reg_1880                                                                    |    6|   0|    6|          0|
    |layer4_out_24_reg_1885                                                                    |    6|   0|    6|          0|
    |layer4_out_25_reg_1890                                                                    |    6|   0|    6|          0|
    |layer4_out_26_reg_1895                                                                    |    6|   0|    6|          0|
    |layer4_out_27_reg_1900                                                                    |    6|   0|    6|          0|
    |layer4_out_28_reg_1905                                                                    |    6|   0|    6|          0|
    |layer4_out_29_reg_1910                                                                    |    6|   0|    6|          0|
    |layer4_out_2_reg_1775                                                                     |    6|   0|    6|          0|
    |layer4_out_30_reg_1915                                                                    |    6|   0|    6|          0|
    |layer4_out_31_reg_1920                                                                    |    6|   0|    6|          0|
    |layer4_out_32_reg_1925                                                                    |    6|   0|    6|          0|
    |layer4_out_33_reg_1930                                                                    |    6|   0|    6|          0|
    |layer4_out_34_reg_1935                                                                    |    6|   0|    6|          0|
    |layer4_out_35_reg_1940                                                                    |    6|   0|    6|          0|
    |layer4_out_36_reg_1945                                                                    |    6|   0|    6|          0|
    |layer4_out_37_reg_1950                                                                    |    6|   0|    6|          0|
    |layer4_out_38_reg_1955                                                                    |    6|   0|    6|          0|
    |layer4_out_39_reg_1960                                                                    |    6|   0|    6|          0|
    |layer4_out_3_reg_1780                                                                     |    6|   0|    6|          0|
    |layer4_out_40_reg_1965                                                                    |    6|   0|    6|          0|
    |layer4_out_41_reg_1970                                                                    |    6|   0|    6|          0|
    |layer4_out_42_reg_1975                                                                    |    6|   0|    6|          0|
    |layer4_out_43_reg_1980                                                                    |    6|   0|    6|          0|
    |layer4_out_44_reg_1985                                                                    |    6|   0|    6|          0|
    |layer4_out_45_reg_1990                                                                    |    6|   0|    6|          0|
    |layer4_out_46_reg_1995                                                                    |    6|   0|    6|          0|
    |layer4_out_47_reg_2000                                                                    |    6|   0|    6|          0|
    |layer4_out_48_reg_2005                                                                    |    6|   0|    6|          0|
    |layer4_out_49_reg_2010                                                                    |    6|   0|    6|          0|
    |layer4_out_4_reg_1785                                                                     |    6|   0|    6|          0|
    |layer4_out_50_reg_2015                                                                    |    6|   0|    6|          0|
    |layer4_out_51_reg_2020                                                                    |    6|   0|    6|          0|
    |layer4_out_52_reg_2025                                                                    |    6|   0|    6|          0|
    |layer4_out_53_reg_2030                                                                    |    6|   0|    6|          0|
    |layer4_out_54_reg_2035                                                                    |    6|   0|    6|          0|
    |layer4_out_55_reg_2040                                                                    |    6|   0|    6|          0|
    |layer4_out_56_reg_2045                                                                    |    6|   0|    6|          0|
    |layer4_out_57_reg_2050                                                                    |    6|   0|    6|          0|
    |layer4_out_58_reg_2055                                                                    |    6|   0|    6|          0|
    |layer4_out_59_reg_2060                                                                    |    6|   0|    6|          0|
    |layer4_out_5_reg_1790                                                                     |    6|   0|    6|          0|
    |layer4_out_60_reg_2065                                                                    |    6|   0|    6|          0|
    |layer4_out_61_reg_2070                                                                    |    6|   0|    6|          0|
    |layer4_out_62_reg_2075                                                                    |    6|   0|    6|          0|
    |layer4_out_63_reg_2080                                                                    |    6|   0|    6|          0|
    |layer4_out_6_reg_1795                                                                     |    6|   0|    6|          0|
    |layer4_out_7_reg_1800                                                                     |    6|   0|    6|          0|
    |layer4_out_8_reg_1805                                                                     |    6|   0|    6|          0|
    |layer4_out_9_reg_1810                                                                     |    6|   0|    6|          0|
    |layer4_out_reg_1765                                                                       |    6|   0|    6|          0|
    |layer5_out_10_reg_2140                                                                    |   19|   0|   19|          0|
    |layer5_out_11_reg_2145                                                                    |   19|   0|   19|          0|
    |layer5_out_12_reg_2150                                                                    |   19|   0|   19|          0|
    |layer5_out_13_reg_2155                                                                    |   19|   0|   19|          0|
    |layer5_out_14_reg_2160                                                                    |   19|   0|   19|          0|
    |layer5_out_15_reg_2165                                                                    |   19|   0|   19|          0|
    |layer5_out_16_reg_2170                                                                    |   19|   0|   19|          0|
    |layer5_out_17_reg_2175                                                                    |   19|   0|   19|          0|
    |layer5_out_18_reg_2180                                                                    |   19|   0|   19|          0|
    |layer5_out_19_reg_2185                                                                    |   19|   0|   19|          0|
    |layer5_out_1_reg_2090                                                                     |   19|   0|   19|          0|
    |layer5_out_20_reg_2190                                                                    |   19|   0|   19|          0|
    |layer5_out_21_reg_2195                                                                    |   19|   0|   19|          0|
    |layer5_out_22_reg_2200                                                                    |   19|   0|   19|          0|
    |layer5_out_23_reg_2205                                                                    |   19|   0|   19|          0|
    |layer5_out_24_reg_2210                                                                    |   19|   0|   19|          0|
    |layer5_out_25_reg_2215                                                                    |   19|   0|   19|          0|
    |layer5_out_26_reg_2135                                                                    |   19|   0|   19|          0|
    |layer5_out_2_reg_2095                                                                     |   19|   0|   19|          0|
    |layer5_out_3_reg_2100                                                                     |   19|   0|   19|          0|
    |layer5_out_4_reg_2105                                                                     |   19|   0|   19|          0|
    |layer5_out_5_reg_2110                                                                     |   19|   0|   19|          0|
    |layer5_out_6_reg_2115                                                                     |   19|   0|   19|          0|
    |layer5_out_7_reg_2120                                                                     |   19|   0|   19|          0|
    |layer5_out_8_reg_2125                                                                     |   19|   0|   19|          0|
    |layer5_out_9_reg_2130                                                                     |   19|   0|   19|          0|
    |layer5_out_reg_2085                                                                       |   19|   0|   19|          0|
    |layer7_out_10_reg_2275                                                                    |    6|   0|    6|          0|
    |layer7_out_11_reg_2280                                                                    |    6|   0|    6|          0|
    |layer7_out_12_reg_2285                                                                    |    6|   0|    6|          0|
    |layer7_out_13_reg_2290                                                                    |    6|   0|    6|          0|
    |layer7_out_14_reg_2295                                                                    |    6|   0|    6|          0|
    |layer7_out_15_reg_2300                                                                    |    6|   0|    6|          0|
    |layer7_out_16_reg_2305                                                                    |    6|   0|    6|          0|
    |layer7_out_17_reg_2310                                                                    |    6|   0|    6|          0|
    |layer7_out_18_reg_2315                                                                    |    6|   0|    6|          0|
    |layer7_out_19_reg_2320                                                                    |    6|   0|    6|          0|
    |layer7_out_1_reg_2225                                                                     |    6|   0|    6|          0|
    |layer7_out_20_reg_2325                                                                    |    6|   0|    6|          0|
    |layer7_out_21_reg_2330                                                                    |    6|   0|    6|          0|
    |layer7_out_22_reg_2335                                                                    |    6|   0|    6|          0|
    |layer7_out_23_reg_2340                                                                    |    6|   0|    6|          0|
    |layer7_out_24_reg_2345                                                                    |    6|   0|    6|          0|
    |layer7_out_25_reg_2350                                                                    |    6|   0|    6|          0|
    |layer7_out_26_reg_2270                                                                    |    6|   0|    6|          0|
    |layer7_out_2_reg_2230                                                                     |    6|   0|    6|          0|
    |layer7_out_3_reg_2235                                                                     |    6|   0|    6|          0|
    |layer7_out_4_reg_2240                                                                     |    6|   0|    6|          0|
    |layer7_out_5_reg_2245                                                                     |    6|   0|    6|          0|
    |layer7_out_6_reg_2250                                                                     |    6|   0|    6|          0|
    |layer7_out_7_reg_2255                                                                     |    6|   0|    6|          0|
    |layer7_out_8_reg_2260                                                                     |    6|   0|    6|          0|
    |layer7_out_9_reg_2265                                                                     |    6|   0|    6|          0|
    |layer7_out_reg_2220                                                                       |    6|   0|    6|          0|
    +------------------------------------------------------------------------------------------+-----+----+-----+-----------+
    |Total                                                                                     | 3345|   0| 3345|          0|
    +------------------------------------------------------------------------------------------+-----+----+-----+-----------+



================================================================
== Interface
================================================================
* Summary: 
+----------------------+-----+-----+------------+---------------+--------------+
|       RTL Ports      | Dir | Bits|  Protocol  | Source Object |    C Type    |
+----------------------+-----+-----+------------+---------------+--------------+
|ap_clk                |   in|    1|  ap_ctrl_hs|      myproject|  return value|
|ap_rst                |   in|    1|  ap_ctrl_hs|      myproject|  return value|
|ap_start              |   in|    1|  ap_ctrl_hs|      myproject|  return value|
|ap_done               |  out|    1|  ap_ctrl_hs|      myproject|  return value|
|ap_idle               |  out|    1|  ap_ctrl_hs|      myproject|  return value|
|ap_ready              |  out|    1|  ap_ctrl_hs|      myproject|  return value|
|fc1_input_ap_vld      |   in|    1|      ap_vld|      fc1_input|       pointer|
|fc1_input             |   in|  256|      ap_vld|      fc1_input|       pointer|
|layer13_out_0         |  out|   16|      ap_vld|  layer13_out_0|       pointer|
|layer13_out_0_ap_vld  |  out|    1|      ap_vld|  layer13_out_0|       pointer|
|layer13_out_1         |  out|   16|      ap_vld|  layer13_out_1|       pointer|
|layer13_out_1_ap_vld  |  out|    1|      ap_vld|  layer13_out_1|       pointer|
|layer13_out_2         |  out|   16|      ap_vld|  layer13_out_2|       pointer|
|layer13_out_2_ap_vld  |  out|    1|      ap_vld|  layer13_out_2|       pointer|
|layer13_out_3         |  out|   16|      ap_vld|  layer13_out_3|       pointer|
|layer13_out_3_ap_vld  |  out|    1|      ap_vld|  layer13_out_3|       pointer|
|layer13_out_4         |  out|   16|      ap_vld|  layer13_out_4|       pointer|
|layer13_out_4_ap_vld  |  out|    1|      ap_vld|  layer13_out_4|       pointer|
+----------------------+-----+-----+------------+---------------+--------------+

