

================================================================
== Vitis HLS Report for 'relu_ap_fixed_19_8_5_3_0_ap_ufixed_6_0_4_0_0_relu_config7_s'
================================================================
* Date:           Mon Nov 10 15:41:41 2025

* Version:        2024.1 (Build 5069499 on May 21 2024)
* Project:        myproject_prj
* Solution:       solution1 (Vivado IP Flow Target)
* Product family: virtexuplus
* Target device:  xcu250-figd2104-2L-e


================================================================
== Performance Estimates
================================================================
+ Timing: 
    * Summary: 
    +--------+---------+----------+------------+
    |  Clock |  Target | Estimated| Uncertainty|
    +--------+---------+----------+------------+
    |ap_clk  |  5.00 ns|  2.122 ns|     1.35 ns|
    +--------+---------+----------+------------+

+ Latency: 
    * Summary: 
    +---------+---------+----------+----------+-----+-----+---------+
    |  Latency (cycles) |  Latency (absolute) |  Interval | Pipeline|
    |   min   |   max   |    min   |    max   | min | max |   Type  |
    +---------+---------+----------+----------+-----+-----+---------+
    |        0|        0|      0 ns|      0 ns|    1|    1|      yes|
    +---------+---------+----------+----------+-----+-----+---------+

    + Detail: 
        * Instance: 
        N/A

        * Loop: 
        N/A



================================================================
== Utilization Estimates
================================================================
* Summary: 
+---------------------+---------+-------+---------+---------+------+
|         Name        | BRAM_18K|  DSP  |    FF   |   LUT   | URAM |
+---------------------+---------+-------+---------+---------+------+
|DSP                  |        -|      -|        -|        -|     -|
|Expression           |        -|      -|        0|     2862|     -|
|FIFO                 |        -|      -|        -|        -|     -|
|Instance             |        -|      -|        -|        -|     -|
|Memory               |        -|      -|        -|        -|     -|
|Multiplexer          |        -|      -|        -|        -|     -|
|Register             |        -|      -|        -|        -|     -|
+---------------------+---------+-------+---------+---------+------+
|Total                |        0|      0|        0|     2862|     0|
+---------------------+---------+-------+---------+---------+------+
|Available SLR        |     1344|   3072|   864000|   432000|   320|
+---------------------+---------+-------+---------+---------+------+
|Utilization SLR (%)  |        0|      0|        0|       ~0|     0|
+---------------------+---------+-------+---------+---------+------+
|Available            |     5376|  12288|  3456000|  1728000|  1280|
+---------------------+---------+-------+---------+---------+------+
|Utilization (%)      |        0|      0|        0|       ~0|     0|
+---------------------+---------+-------+---------+---------+------+

+ Detail: 
    * Instance: 
    N/A

    * DSP: 
    N/A

    * Memory: 
    N/A

    * FIFO: 
    N/A

    * Expression: 
    +----------------------------+----------+----+---+----+------------+------------+
    |        Variable Name       | Operation| DSP| FF| LUT| Bitwidth P0| Bitwidth P1|
    +----------------------------+----------+----+---+----+------------+------------+
    |add_ln46_64_fu_504_p2       |         +|   0|  0|  13|           6|           6|
    |add_ln46_65_fu_676_p2       |         +|   0|  0|  13|           6|           6|
    |add_ln46_66_fu_848_p2       |         +|   0|  0|  13|           6|           6|
    |add_ln46_67_fu_1020_p2      |         +|   0|  0|  13|           6|           6|
    |add_ln46_68_fu_1192_p2      |         +|   0|  0|  13|           6|           6|
    |add_ln46_69_fu_1364_p2      |         +|   0|  0|  13|           6|           6|
    |add_ln46_70_fu_1536_p2      |         +|   0|  0|  13|           6|           6|
    |add_ln46_71_fu_1708_p2      |         +|   0|  0|  13|           6|           6|
    |add_ln46_72_fu_1880_p2      |         +|   0|  0|  13|           6|           6|
    |add_ln46_73_fu_2052_p2      |         +|   0|  0|  13|           6|           6|
    |add_ln46_74_fu_2224_p2      |         +|   0|  0|  13|           6|           6|
    |add_ln46_75_fu_2396_p2      |         +|   0|  0|  13|           6|           6|
    |add_ln46_76_fu_2568_p2      |         +|   0|  0|  13|           6|           6|
    |add_ln46_77_fu_2740_p2      |         +|   0|  0|  13|           6|           6|
    |add_ln46_78_fu_2912_p2      |         +|   0|  0|  13|           6|           6|
    |add_ln46_79_fu_3084_p2      |         +|   0|  0|  13|           6|           6|
    |add_ln46_80_fu_3256_p2      |         +|   0|  0|  13|           6|           6|
    |add_ln46_81_fu_3428_p2      |         +|   0|  0|  13|           6|           6|
    |add_ln46_82_fu_3600_p2      |         +|   0|  0|  13|           6|           6|
    |add_ln46_83_fu_3772_p2      |         +|   0|  0|  13|           6|           6|
    |add_ln46_84_fu_3944_p2      |         +|   0|  0|  13|           6|           6|
    |add_ln46_85_fu_4116_p2      |         +|   0|  0|  13|           6|           6|
    |add_ln46_86_fu_4288_p2      |         +|   0|  0|  13|           6|           6|
    |add_ln46_87_fu_4460_p2      |         +|   0|  0|  13|           6|           6|
    |add_ln46_88_fu_4632_p2      |         +|   0|  0|  13|           6|           6|
    |add_ln46_89_fu_4804_p2      |         +|   0|  0|  13|           6|           6|
    |add_ln46_fu_332_p2          |         +|   0|  0|  13|           6|           6|
    |and_ln46_127_fu_494_p2      |       and|   0|  0|   2|           1|           1|
    |and_ln46_129_fu_666_p2      |       and|   0|  0|   2|           1|           1|
    |and_ln46_131_fu_838_p2      |       and|   0|  0|   2|           1|           1|
    |and_ln46_133_fu_1010_p2     |       and|   0|  0|   2|           1|           1|
    |and_ln46_135_fu_1182_p2     |       and|   0|  0|   2|           1|           1|
    |and_ln46_137_fu_1354_p2     |       and|   0|  0|   2|           1|           1|
    |and_ln46_139_fu_1526_p2     |       and|   0|  0|   2|           1|           1|
    |and_ln46_141_fu_1698_p2     |       and|   0|  0|   2|           1|           1|
    |and_ln46_143_fu_1870_p2     |       and|   0|  0|   2|           1|           1|
    |and_ln46_145_fu_2042_p2     |       and|   0|  0|   2|           1|           1|
    |and_ln46_147_fu_2214_p2     |       and|   0|  0|   2|           1|           1|
    |and_ln46_149_fu_2386_p2     |       and|   0|  0|   2|           1|           1|
    |and_ln46_151_fu_2558_p2     |       and|   0|  0|   2|           1|           1|
    |and_ln46_153_fu_2730_p2     |       and|   0|  0|   2|           1|           1|
    |and_ln46_155_fu_2902_p2     |       and|   0|  0|   2|           1|           1|
    |and_ln46_157_fu_3074_p2     |       and|   0|  0|   2|           1|           1|
    |and_ln46_159_fu_3246_p2     |       and|   0|  0|   2|           1|           1|
    |and_ln46_161_fu_3418_p2     |       and|   0|  0|   2|           1|           1|
    |and_ln46_163_fu_3590_p2     |       and|   0|  0|   2|           1|           1|
    |and_ln46_165_fu_3762_p2     |       and|   0|  0|   2|           1|           1|
    |and_ln46_167_fu_3934_p2     |       and|   0|  0|   2|           1|           1|
    |and_ln46_169_fu_4106_p2     |       and|   0|  0|   2|           1|           1|
    |and_ln46_171_fu_4278_p2     |       and|   0|  0|   2|           1|           1|
    |and_ln46_173_fu_4450_p2     |       and|   0|  0|   2|           1|           1|
    |and_ln46_175_fu_4622_p2     |       and|   0|  0|   2|           1|           1|
    |and_ln46_177_fu_4794_p2     |       and|   0|  0|   2|           1|           1|
    |and_ln46_fu_322_p2          |       and|   0|  0|   2|           1|           1|
    |empty_100_fu_3642_p2        |       and|   0|  0|   2|           1|           1|
    |empty_101_fu_3814_p2        |       and|   0|  0|   2|           1|           1|
    |empty_102_fu_3986_p2        |       and|   0|  0|   2|           1|           1|
    |empty_103_fu_4158_p2        |       and|   0|  0|   2|           1|           1|
    |empty_104_fu_4330_p2        |       and|   0|  0|   2|           1|           1|
    |empty_105_fu_4502_p2        |       and|   0|  0|   2|           1|           1|
    |empty_106_fu_4674_p2        |       and|   0|  0|   2|           1|           1|
    |empty_107_fu_4846_p2        |       and|   0|  0|   2|           1|           1|
    |empty_82_fu_546_p2          |       and|   0|  0|   2|           1|           1|
    |empty_83_fu_718_p2          |       and|   0|  0|   2|           1|           1|
    |empty_84_fu_890_p2          |       and|   0|  0|   2|           1|           1|
    |empty_85_fu_1062_p2         |       and|   0|  0|   2|           1|           1|
    |empty_86_fu_1234_p2         |       and|   0|  0|   2|           1|           1|
    |empty_87_fu_1406_p2         |       and|   0|  0|   2|           1|           1|
    |empty_88_fu_1578_p2         |       and|   0|  0|   2|           1|           1|
    |empty_89_fu_1750_p2         |       and|   0|  0|   2|           1|           1|
    |empty_90_fu_1922_p2         |       and|   0|  0|   2|           1|           1|
    |empty_91_fu_2094_p2         |       and|   0|  0|   2|           1|           1|
    |empty_92_fu_2266_p2         |       and|   0|  0|   2|           1|           1|
    |empty_93_fu_2438_p2         |       and|   0|  0|   2|           1|           1|
    |empty_94_fu_2610_p2         |       and|   0|  0|   2|           1|           1|
    |empty_95_fu_2782_p2         |       and|   0|  0|   2|           1|           1|
    |empty_96_fu_2954_p2         |       and|   0|  0|   2|           1|           1|
    |empty_97_fu_3126_p2         |       and|   0|  0|   2|           1|           1|
    |empty_98_fu_3298_p2         |       and|   0|  0|   2|           1|           1|
    |empty_99_fu_3470_p2         |       and|   0|  0|   2|           1|           1|
    |empty_fu_374_p2             |       and|   0|  0|   2|           1|           1|
    |icmp_ln45_64_fu_430_p2      |      icmp|   0|  0|  26|          19|           1|
    |icmp_ln45_65_fu_602_p2      |      icmp|   0|  0|  26|          19|           1|
    |icmp_ln45_66_fu_774_p2      |      icmp|   0|  0|  26|          19|           1|
    |icmp_ln45_67_fu_946_p2      |      icmp|   0|  0|  26|          19|           1|
    |icmp_ln45_68_fu_1118_p2     |      icmp|   0|  0|  26|          19|           1|
    |icmp_ln45_69_fu_1290_p2     |      icmp|   0|  0|  26|          19|           1|
    |icmp_ln45_70_fu_1462_p2     |      icmp|   0|  0|  26|          19|           1|
    |icmp_ln45_71_fu_1634_p2     |      icmp|   0|  0|  26|          19|           1|
    |icmp_ln45_72_fu_1806_p2     |      icmp|   0|  0|  26|          19|           1|
    |icmp_ln45_73_fu_1978_p2     |      icmp|   0|  0|  26|          19|           1|
    |icmp_ln45_74_fu_2150_p2     |      icmp|   0|  0|  26|          19|           1|
    |icmp_ln45_75_fu_2322_p2     |      icmp|   0|  0|  26|          19|           1|
    |icmp_ln45_76_fu_2494_p2     |      icmp|   0|  0|  26|          19|           1|
    |icmp_ln45_77_fu_2666_p2     |      icmp|   0|  0|  26|          19|           1|
    |icmp_ln45_78_fu_2838_p2     |      icmp|   0|  0|  26|          19|           1|
    |icmp_ln45_79_fu_3010_p2     |      icmp|   0|  0|  26|          19|           1|
    |icmp_ln45_80_fu_3182_p2     |      icmp|   0|  0|  26|          19|           1|
    |icmp_ln45_81_fu_3354_p2     |      icmp|   0|  0|  26|          19|           1|
    |icmp_ln45_82_fu_3526_p2     |      icmp|   0|  0|  26|          19|           1|
    |icmp_ln45_83_fu_3698_p2     |      icmp|   0|  0|  26|          19|           1|
    |icmp_ln45_84_fu_3870_p2     |      icmp|   0|  0|  26|          19|           1|
    |icmp_ln45_85_fu_4042_p2     |      icmp|   0|  0|  26|          19|           1|
    |icmp_ln45_86_fu_4214_p2     |      icmp|   0|  0|  26|          19|           1|
    |icmp_ln45_87_fu_4386_p2     |      icmp|   0|  0|  26|          19|           1|
    |icmp_ln45_88_fu_4558_p2     |      icmp|   0|  0|  26|          19|           1|
    |icmp_ln45_89_fu_4730_p2     |      icmp|   0|  0|  26|          19|           1|
    |icmp_ln45_fu_258_p2         |      icmp|   0|  0|  26|          19|           1|
    |icmp_ln46_128_fu_348_p2     |      icmp|   0|  0|  15|           8|           1|
    |icmp_ln46_129_fu_466_p2     |      icmp|   0|  0|  12|           4|           1|
    |icmp_ln46_130_fu_520_p2     |      icmp|   0|  0|  15|           8|           1|
    |icmp_ln46_131_fu_638_p2     |      icmp|   0|  0|  12|           4|           1|
    |icmp_ln46_132_fu_692_p2     |      icmp|   0|  0|  15|           8|           1|
    |icmp_ln46_133_fu_810_p2     |      icmp|   0|  0|  12|           4|           1|
    |icmp_ln46_134_fu_864_p2     |      icmp|   0|  0|  15|           8|           1|
    |icmp_ln46_135_fu_982_p2     |      icmp|   0|  0|  12|           4|           1|
    |icmp_ln46_136_fu_1036_p2    |      icmp|   0|  0|  15|           8|           1|
    |icmp_ln46_137_fu_1154_p2    |      icmp|   0|  0|  12|           4|           1|
    |icmp_ln46_138_fu_1208_p2    |      icmp|   0|  0|  15|           8|           1|
    |icmp_ln46_139_fu_1326_p2    |      icmp|   0|  0|  12|           4|           1|
    |icmp_ln46_140_fu_1380_p2    |      icmp|   0|  0|  15|           8|           1|
    |icmp_ln46_141_fu_1498_p2    |      icmp|   0|  0|  12|           4|           1|
    |icmp_ln46_142_fu_1552_p2    |      icmp|   0|  0|  15|           8|           1|
    |icmp_ln46_143_fu_1670_p2    |      icmp|   0|  0|  12|           4|           1|
    |icmp_ln46_144_fu_1724_p2    |      icmp|   0|  0|  15|           8|           1|
    |icmp_ln46_145_fu_1842_p2    |      icmp|   0|  0|  12|           4|           1|
    |icmp_ln46_146_fu_1896_p2    |      icmp|   0|  0|  15|           8|           1|
    |icmp_ln46_147_fu_2014_p2    |      icmp|   0|  0|  12|           4|           1|
    |icmp_ln46_148_fu_2068_p2    |      icmp|   0|  0|  15|           8|           1|
    |icmp_ln46_149_fu_2186_p2    |      icmp|   0|  0|  12|           4|           1|
    |icmp_ln46_150_fu_2240_p2    |      icmp|   0|  0|  15|           8|           1|
    |icmp_ln46_151_fu_2358_p2    |      icmp|   0|  0|  12|           4|           1|
    |icmp_ln46_152_fu_2412_p2    |      icmp|   0|  0|  15|           8|           1|
    |icmp_ln46_153_fu_2530_p2    |      icmp|   0|  0|  12|           4|           1|
    |icmp_ln46_154_fu_2584_p2    |      icmp|   0|  0|  15|           8|           1|
    |icmp_ln46_155_fu_2702_p2    |      icmp|   0|  0|  12|           4|           1|
    |icmp_ln46_156_fu_2756_p2    |      icmp|   0|  0|  15|           8|           1|
    |icmp_ln46_157_fu_2874_p2    |      icmp|   0|  0|  12|           4|           1|
    |icmp_ln46_158_fu_2928_p2    |      icmp|   0|  0|  15|           8|           1|
    |icmp_ln46_159_fu_3046_p2    |      icmp|   0|  0|  12|           4|           1|
    |icmp_ln46_160_fu_3100_p2    |      icmp|   0|  0|  15|           8|           1|
    |icmp_ln46_161_fu_3218_p2    |      icmp|   0|  0|  12|           4|           1|
    |icmp_ln46_162_fu_3272_p2    |      icmp|   0|  0|  15|           8|           1|
    |icmp_ln46_163_fu_3390_p2    |      icmp|   0|  0|  12|           4|           1|
    |icmp_ln46_164_fu_3444_p2    |      icmp|   0|  0|  15|           8|           1|
    |icmp_ln46_165_fu_3562_p2    |      icmp|   0|  0|  12|           4|           1|
    |icmp_ln46_166_fu_3616_p2    |      icmp|   0|  0|  15|           8|           1|
    |icmp_ln46_167_fu_3734_p2    |      icmp|   0|  0|  12|           4|           1|
    |icmp_ln46_168_fu_3788_p2    |      icmp|   0|  0|  15|           8|           1|
    |icmp_ln46_169_fu_3906_p2    |      icmp|   0|  0|  12|           4|           1|
    |icmp_ln46_170_fu_3960_p2    |      icmp|   0|  0|  15|           8|           1|
    |icmp_ln46_171_fu_4078_p2    |      icmp|   0|  0|  12|           4|           1|
    |icmp_ln46_172_fu_4132_p2    |      icmp|   0|  0|  15|           8|           1|
    |icmp_ln46_173_fu_4250_p2    |      icmp|   0|  0|  12|           4|           1|
    |icmp_ln46_174_fu_4304_p2    |      icmp|   0|  0|  15|           8|           1|
    |icmp_ln46_175_fu_4422_p2    |      icmp|   0|  0|  12|           4|           1|
    |icmp_ln46_176_fu_4476_p2    |      icmp|   0|  0|  15|           8|           1|
    |icmp_ln46_177_fu_4594_p2    |      icmp|   0|  0|  12|           4|           1|
    |icmp_ln46_178_fu_4648_p2    |      icmp|   0|  0|  15|           8|           1|
    |icmp_ln46_179_fu_4766_p2    |      icmp|   0|  0|  12|           4|           1|
    |icmp_ln46_180_fu_4820_p2    |      icmp|   0|  0|  15|           8|           1|
    |icmp_ln46_fu_294_p2         |      icmp|   0|  0|  12|           4|           1|
    |and_ln46_128_fu_368_p2      |        or|   0|  0|   2|           1|           1|
    |and_ln46_130_fu_540_p2      |        or|   0|  0|   2|           1|           1|
    |and_ln46_132_fu_712_p2      |        or|   0|  0|   2|           1|           1|
    |and_ln46_134_fu_884_p2      |        or|   0|  0|   2|           1|           1|
    |and_ln46_136_fu_1056_p2     |        or|   0|  0|   2|           1|           1|
    |and_ln46_138_fu_1228_p2     |        or|   0|  0|   2|           1|           1|
    |and_ln46_140_fu_1400_p2     |        or|   0|  0|   2|           1|           1|
    |and_ln46_142_fu_1572_p2     |        or|   0|  0|   2|           1|           1|
    |and_ln46_144_fu_1744_p2     |        or|   0|  0|   2|           1|           1|
    |and_ln46_146_fu_1916_p2     |        or|   0|  0|   2|           1|           1|
    |and_ln46_148_fu_2088_p2     |        or|   0|  0|   2|           1|           1|
    |and_ln46_150_fu_2260_p2     |        or|   0|  0|   2|           1|           1|
    |and_ln46_152_fu_2432_p2     |        or|   0|  0|   2|           1|           1|
    |and_ln46_154_fu_2604_p2     |        or|   0|  0|   2|           1|           1|
    |and_ln46_156_fu_2776_p2     |        or|   0|  0|   2|           1|           1|
    |and_ln46_158_fu_2948_p2     |        or|   0|  0|   2|           1|           1|
    |and_ln46_160_fu_3120_p2     |        or|   0|  0|   2|           1|           1|
    |and_ln46_162_fu_3292_p2     |        or|   0|  0|   2|           1|           1|
    |and_ln46_164_fu_3464_p2     |        or|   0|  0|   2|           1|           1|
    |and_ln46_166_fu_3636_p2     |        or|   0|  0|   2|           1|           1|
    |and_ln46_168_fu_3808_p2     |        or|   0|  0|   2|           1|           1|
    |and_ln46_170_fu_3980_p2     |        or|   0|  0|   2|           1|           1|
    |and_ln46_172_fu_4152_p2     |        or|   0|  0|   2|           1|           1|
    |and_ln46_174_fu_4324_p2     |        or|   0|  0|   2|           1|           1|
    |and_ln46_176_fu_4496_p2     |        or|   0|  0|   2|           1|           1|
    |and_ln46_178_fu_4668_p2     |        or|   0|  0|   2|           1|           1|
    |and_ln46_180_fu_4840_p2     |        or|   0|  0|   2|           1|           1|
    |or_ln46_192_fu_380_p2       |        or|   0|  0|   2|           1|           1|
    |or_ln46_193_fu_392_p2       |        or|   0|  0|   2|           1|           1|
    |or_ln46_194_fu_488_p2       |        or|   0|  0|   2|           1|           1|
    |or_ln46_195_fu_552_p2       |        or|   0|  0|   2|           1|           1|
    |or_ln46_196_fu_564_p2       |        or|   0|  0|   2|           1|           1|
    |or_ln46_197_fu_660_p2       |        or|   0|  0|   2|           1|           1|
    |or_ln46_198_fu_724_p2       |        or|   0|  0|   2|           1|           1|
    |or_ln46_199_fu_736_p2       |        or|   0|  0|   2|           1|           1|
    |or_ln46_200_fu_832_p2       |        or|   0|  0|   2|           1|           1|
    |or_ln46_201_fu_896_p2       |        or|   0|  0|   2|           1|           1|
    |or_ln46_202_fu_908_p2       |        or|   0|  0|   2|           1|           1|
    |or_ln46_203_fu_1004_p2      |        or|   0|  0|   2|           1|           1|
    |or_ln46_204_fu_1068_p2      |        or|   0|  0|   2|           1|           1|
    |or_ln46_205_fu_1080_p2      |        or|   0|  0|   2|           1|           1|
    |or_ln46_206_fu_1176_p2      |        or|   0|  0|   2|           1|           1|
    |or_ln46_207_fu_1240_p2      |        or|   0|  0|   2|           1|           1|
    |or_ln46_208_fu_1252_p2      |        or|   0|  0|   2|           1|           1|
    |or_ln46_209_fu_1348_p2      |        or|   0|  0|   2|           1|           1|
    |or_ln46_210_fu_1412_p2      |        or|   0|  0|   2|           1|           1|
    |or_ln46_211_fu_1424_p2      |        or|   0|  0|   2|           1|           1|
    |or_ln46_212_fu_1520_p2      |        or|   0|  0|   2|           1|           1|
    |or_ln46_213_fu_1584_p2      |        or|   0|  0|   2|           1|           1|
    |or_ln46_214_fu_1596_p2      |        or|   0|  0|   2|           1|           1|
    |or_ln46_215_fu_1692_p2      |        or|   0|  0|   2|           1|           1|
    |or_ln46_216_fu_1756_p2      |        or|   0|  0|   2|           1|           1|
    |or_ln46_217_fu_1768_p2      |        or|   0|  0|   2|           1|           1|
    |or_ln46_218_fu_1864_p2      |        or|   0|  0|   2|           1|           1|
    |or_ln46_219_fu_1928_p2      |        or|   0|  0|   2|           1|           1|
    |or_ln46_220_fu_1940_p2      |        or|   0|  0|   2|           1|           1|
    |or_ln46_221_fu_2036_p2      |        or|   0|  0|   2|           1|           1|
    |or_ln46_222_fu_2100_p2      |        or|   0|  0|   2|           1|           1|
    |or_ln46_223_fu_2112_p2      |        or|   0|  0|   2|           1|           1|
    |or_ln46_224_fu_2208_p2      |        or|   0|  0|   2|           1|           1|
    |or_ln46_225_fu_2272_p2      |        or|   0|  0|   2|           1|           1|
    |or_ln46_226_fu_2284_p2      |        or|   0|  0|   2|           1|           1|
    |or_ln46_227_fu_2380_p2      |        or|   0|  0|   2|           1|           1|
    |or_ln46_228_fu_2444_p2      |        or|   0|  0|   2|           1|           1|
    |or_ln46_229_fu_2456_p2      |        or|   0|  0|   2|           1|           1|
    |or_ln46_230_fu_2552_p2      |        or|   0|  0|   2|           1|           1|
    |or_ln46_231_fu_2616_p2      |        or|   0|  0|   2|           1|           1|
    |or_ln46_232_fu_2628_p2      |        or|   0|  0|   2|           1|           1|
    |or_ln46_233_fu_2724_p2      |        or|   0|  0|   2|           1|           1|
    |or_ln46_234_fu_2788_p2      |        or|   0|  0|   2|           1|           1|
    |or_ln46_235_fu_2800_p2      |        or|   0|  0|   2|           1|           1|
    |or_ln46_236_fu_2896_p2      |        or|   0|  0|   2|           1|           1|
    |or_ln46_237_fu_2960_p2      |        or|   0|  0|   2|           1|           1|
    |or_ln46_238_fu_2972_p2      |        or|   0|  0|   2|           1|           1|
    |or_ln46_239_fu_3068_p2      |        or|   0|  0|   2|           1|           1|
    |or_ln46_240_fu_3132_p2      |        or|   0|  0|   2|           1|           1|
    |or_ln46_241_fu_3144_p2      |        or|   0|  0|   2|           1|           1|
    |or_ln46_242_fu_3240_p2      |        or|   0|  0|   2|           1|           1|
    |or_ln46_243_fu_3304_p2      |        or|   0|  0|   2|           1|           1|
    |or_ln46_244_fu_3316_p2      |        or|   0|  0|   2|           1|           1|
    |or_ln46_245_fu_3412_p2      |        or|   0|  0|   2|           1|           1|
    |or_ln46_246_fu_3476_p2      |        or|   0|  0|   2|           1|           1|
    |or_ln46_247_fu_3488_p2      |        or|   0|  0|   2|           1|           1|
    |or_ln46_248_fu_3584_p2      |        or|   0|  0|   2|           1|           1|
    |or_ln46_249_fu_3648_p2      |        or|   0|  0|   2|           1|           1|
    |or_ln46_250_fu_3660_p2      |        or|   0|  0|   2|           1|           1|
    |or_ln46_251_fu_3756_p2      |        or|   0|  0|   2|           1|           1|
    |or_ln46_252_fu_3820_p2      |        or|   0|  0|   2|           1|           1|
    |or_ln46_253_fu_3832_p2      |        or|   0|  0|   2|           1|           1|
    |or_ln46_254_fu_3928_p2      |        or|   0|  0|   2|           1|           1|
    |or_ln46_255_fu_3992_p2      |        or|   0|  0|   2|           1|           1|
    |or_ln46_256_fu_4004_p2      |        or|   0|  0|   2|           1|           1|
    |or_ln46_257_fu_4100_p2      |        or|   0|  0|   2|           1|           1|
    |or_ln46_258_fu_4164_p2      |        or|   0|  0|   2|           1|           1|
    |or_ln46_259_fu_4176_p2      |        or|   0|  0|   2|           1|           1|
    |or_ln46_260_fu_4272_p2      |        or|   0|  0|   2|           1|           1|
    |or_ln46_261_fu_4336_p2      |        or|   0|  0|   2|           1|           1|
    |or_ln46_262_fu_4348_p2      |        or|   0|  0|   2|           1|           1|
    |or_ln46_263_fu_4444_p2      |        or|   0|  0|   2|           1|           1|
    |or_ln46_264_fu_4508_p2      |        or|   0|  0|   2|           1|           1|
    |or_ln46_265_fu_4520_p2      |        or|   0|  0|   2|           1|           1|
    |or_ln46_266_fu_4616_p2      |        or|   0|  0|   2|           1|           1|
    |or_ln46_267_fu_4680_p2      |        or|   0|  0|   2|           1|           1|
    |or_ln46_268_fu_4692_p2      |        or|   0|  0|   2|           1|           1|
    |or_ln46_269_fu_4788_p2      |        or|   0|  0|   2|           1|           1|
    |or_ln46_270_fu_4852_p2      |        or|   0|  0|   2|           1|           1|
    |or_ln46_271_fu_4864_p2      |        or|   0|  0|   2|           1|           1|
    |or_ln46_fu_316_p2           |        or|   0|  0|   2|           1|           1|
    |res_10_0_fu_1970_p3         |    select|   0|  0|   6|           1|           6|
    |res_11_0_fu_2142_p3         |    select|   0|  0|   6|           1|           6|
    |res_13_0_fu_2314_p3         |    select|   0|  0|   6|           1|           6|
    |res_15_0_fu_2486_p3         |    select|   0|  0|   6|           1|           6|
    |res_16_0_fu_2658_p3         |    select|   0|  0|   6|           1|           6|
    |res_17_0_fu_2830_p3         |    select|   0|  0|   6|           1|           6|
    |res_18_0_fu_3002_p3         |    select|   0|  0|   6|           1|           6|
    |res_19_0_fu_3174_p3         |    select|   0|  0|   6|           1|           6|
    |res_1_0_fu_422_p3           |    select|   0|  0|   6|           1|           6|
    |res_21_0_fu_3346_p3         |    select|   0|  0|   6|           1|           6|
    |res_22_0_fu_3518_p3         |    select|   0|  0|   6|           1|           6|
    |res_23_0_fu_3690_p3         |    select|   0|  0|   6|           1|           6|
    |res_24_0_fu_3862_p3         |    select|   0|  0|   6|           1|           6|
    |res_25_0_fu_4034_p3         |    select|   0|  0|   6|           1|           6|
    |res_2786_0_fu_4206_p3       |    select|   0|  0|   6|           1|           6|
    |res_28_0_fu_4378_p3         |    select|   0|  0|   6|           1|           6|
    |res_29_0_fu_4550_p3         |    select|   0|  0|   6|           1|           6|
    |res_2_0_fu_594_p3           |    select|   0|  0|   6|           1|           6|
    |res_30_0_fu_4722_p3         |    select|   0|  0|   6|           1|           6|
    |res_31_0_fu_4894_p3         |    select|   0|  0|   6|           1|           6|
    |res_3_0_fu_766_p3           |    select|   0|  0|   6|           1|           6|
    |res_4_0_fu_938_p3           |    select|   0|  0|   6|           1|           6|
    |res_5_0_fu_1110_p3          |    select|   0|  0|   6|           1|           6|
    |res_6_0_fu_1282_p3          |    select|   0|  0|   6|           1|           6|
    |res_7_0_fu_1454_p3          |    select|   0|  0|   6|           1|           6|
    |res_8_0_fu_1626_p3          |    select|   0|  0|   6|           1|           6|
    |res_9_0_fu_1798_p3          |    select|   0|  0|   6|           1|           6|
    |select_ln46_192_fu_406_p3   |    select|   0|  0|   6|           1|           6|
    |select_ln46_193_fu_414_p3   |    select|   0|  0|   6|           1|           6|
    |select_ln46_194_fu_570_p3   |    select|   0|  0|   6|           1|           1|
    |select_ln46_195_fu_578_p3   |    select|   0|  0|   6|           1|           6|
    |select_ln46_196_fu_586_p3   |    select|   0|  0|   6|           1|           6|
    |select_ln46_197_fu_742_p3   |    select|   0|  0|   6|           1|           1|
    |select_ln46_198_fu_750_p3   |    select|   0|  0|   6|           1|           6|
    |select_ln46_199_fu_758_p3   |    select|   0|  0|   6|           1|           6|
    |select_ln46_200_fu_914_p3   |    select|   0|  0|   6|           1|           1|
    |select_ln46_201_fu_922_p3   |    select|   0|  0|   6|           1|           6|
    |select_ln46_202_fu_930_p3   |    select|   0|  0|   6|           1|           6|
    |select_ln46_203_fu_1086_p3  |    select|   0|  0|   6|           1|           1|
    |select_ln46_204_fu_1094_p3  |    select|   0|  0|   6|           1|           6|
    |select_ln46_205_fu_1102_p3  |    select|   0|  0|   6|           1|           6|
    |select_ln46_206_fu_1258_p3  |    select|   0|  0|   6|           1|           1|
    |select_ln46_207_fu_1266_p3  |    select|   0|  0|   6|           1|           6|
    |select_ln46_208_fu_1274_p3  |    select|   0|  0|   6|           1|           6|
    |select_ln46_209_fu_1430_p3  |    select|   0|  0|   6|           1|           1|
    |select_ln46_210_fu_1438_p3  |    select|   0|  0|   6|           1|           6|
    |select_ln46_211_fu_1446_p3  |    select|   0|  0|   6|           1|           6|
    |select_ln46_212_fu_1602_p3  |    select|   0|  0|   6|           1|           1|
    |select_ln46_213_fu_1610_p3  |    select|   0|  0|   6|           1|           6|
    |select_ln46_214_fu_1618_p3  |    select|   0|  0|   6|           1|           6|
    |select_ln46_215_fu_1774_p3  |    select|   0|  0|   6|           1|           1|
    |select_ln46_216_fu_1782_p3  |    select|   0|  0|   6|           1|           6|
    |select_ln46_217_fu_1790_p3  |    select|   0|  0|   6|           1|           6|
    |select_ln46_218_fu_1946_p3  |    select|   0|  0|   6|           1|           1|
    |select_ln46_219_fu_1954_p3  |    select|   0|  0|   6|           1|           6|
    |select_ln46_220_fu_1962_p3  |    select|   0|  0|   6|           1|           6|
    |select_ln46_221_fu_2118_p3  |    select|   0|  0|   6|           1|           1|
    |select_ln46_222_fu_2126_p3  |    select|   0|  0|   6|           1|           6|
    |select_ln46_223_fu_2134_p3  |    select|   0|  0|   6|           1|           6|
    |select_ln46_224_fu_2290_p3  |    select|   0|  0|   6|           1|           1|
    |select_ln46_225_fu_2298_p3  |    select|   0|  0|   6|           1|           6|
    |select_ln46_226_fu_2306_p3  |    select|   0|  0|   6|           1|           6|
    |select_ln46_227_fu_2462_p3  |    select|   0|  0|   6|           1|           1|
    |select_ln46_228_fu_2470_p3  |    select|   0|  0|   6|           1|           6|
    |select_ln46_229_fu_2478_p3  |    select|   0|  0|   6|           1|           6|
    |select_ln46_230_fu_2634_p3  |    select|   0|  0|   6|           1|           1|
    |select_ln46_231_fu_2642_p3  |    select|   0|  0|   6|           1|           6|
    |select_ln46_232_fu_2650_p3  |    select|   0|  0|   6|           1|           6|
    |select_ln46_233_fu_2806_p3  |    select|   0|  0|   6|           1|           1|
    |select_ln46_234_fu_2814_p3  |    select|   0|  0|   6|           1|           6|
    |select_ln46_235_fu_2822_p3  |    select|   0|  0|   6|           1|           6|
    |select_ln46_236_fu_2978_p3  |    select|   0|  0|   6|           1|           1|
    |select_ln46_237_fu_2986_p3  |    select|   0|  0|   6|           1|           6|
    |select_ln46_238_fu_2994_p3  |    select|   0|  0|   6|           1|           6|
    |select_ln46_239_fu_3150_p3  |    select|   0|  0|   6|           1|           1|
    |select_ln46_240_fu_3158_p3  |    select|   0|  0|   6|           1|           6|
    |select_ln46_241_fu_3166_p3  |    select|   0|  0|   6|           1|           6|
    |select_ln46_242_fu_3322_p3  |    select|   0|  0|   6|           1|           1|
    |select_ln46_243_fu_3330_p3  |    select|   0|  0|   6|           1|           6|
    |select_ln46_244_fu_3338_p3  |    select|   0|  0|   6|           1|           6|
    |select_ln46_245_fu_3494_p3  |    select|   0|  0|   6|           1|           1|
    |select_ln46_246_fu_3502_p3  |    select|   0|  0|   6|           1|           6|
    |select_ln46_247_fu_3510_p3  |    select|   0|  0|   6|           1|           6|
    |select_ln46_248_fu_3666_p3  |    select|   0|  0|   6|           1|           1|
    |select_ln46_249_fu_3674_p3  |    select|   0|  0|   6|           1|           6|
    |select_ln46_250_fu_3682_p3  |    select|   0|  0|   6|           1|           6|
    |select_ln46_251_fu_3838_p3  |    select|   0|  0|   6|           1|           1|
    |select_ln46_252_fu_3846_p3  |    select|   0|  0|   6|           1|           6|
    |select_ln46_253_fu_3854_p3  |    select|   0|  0|   6|           1|           6|
    |select_ln46_254_fu_4010_p3  |    select|   0|  0|   6|           1|           1|
    |select_ln46_255_fu_4018_p3  |    select|   0|  0|   6|           1|           6|
    |select_ln46_256_fu_4026_p3  |    select|   0|  0|   6|           1|           6|
    |select_ln46_257_fu_4182_p3  |    select|   0|  0|   6|           1|           1|
    |select_ln46_258_fu_4190_p3  |    select|   0|  0|   6|           1|           6|
    |select_ln46_259_fu_4198_p3  |    select|   0|  0|   6|           1|           6|
    |select_ln46_260_fu_4354_p3  |    select|   0|  0|   6|           1|           1|
    |select_ln46_261_fu_4362_p3  |    select|   0|  0|   6|           1|           6|
    |select_ln46_262_fu_4370_p3  |    select|   0|  0|   6|           1|           6|
    |select_ln46_263_fu_4526_p3  |    select|   0|  0|   6|           1|           1|
    |select_ln46_264_fu_4534_p3  |    select|   0|  0|   6|           1|           6|
    |select_ln46_265_fu_4542_p3  |    select|   0|  0|   6|           1|           6|
    |select_ln46_266_fu_4698_p3  |    select|   0|  0|   6|           1|           1|
    |select_ln46_267_fu_4706_p3  |    select|   0|  0|   6|           1|           6|
    |select_ln46_268_fu_4714_p3  |    select|   0|  0|   6|           1|           6|
    |select_ln46_269_fu_4870_p3  |    select|   0|  0|   6|           1|           1|
    |select_ln46_270_fu_4878_p3  |    select|   0|  0|   6|           1|           6|
    |select_ln46_271_fu_4886_p3  |    select|   0|  0|   6|           1|           6|
    |select_ln46_fu_398_p3       |    select|   0|  0|   6|           1|           1|
    |not_tmp_449_fu_362_p2       |       xor|   0|  0|   2|           1|           2|
    |not_tmp_456_fu_534_p2       |       xor|   0|  0|   2|           1|           2|
    |not_tmp_463_fu_706_p2       |       xor|   0|  0|   2|           1|           2|
    |not_tmp_470_fu_878_p2       |       xor|   0|  0|   2|           1|           2|
    |not_tmp_477_fu_1050_p2      |       xor|   0|  0|   2|           1|           2|
    |not_tmp_484_fu_1222_p2      |       xor|   0|  0|   2|           1|           2|
    |not_tmp_491_fu_1394_p2      |       xor|   0|  0|   2|           1|           2|
    |not_tmp_498_fu_1566_p2      |       xor|   0|  0|   2|           1|           2|
    |not_tmp_505_fu_1738_p2      |       xor|   0|  0|   2|           1|           2|
    |not_tmp_512_fu_1910_p2      |       xor|   0|  0|   2|           1|           2|
    |not_tmp_519_fu_2082_p2      |       xor|   0|  0|   2|           1|           2|
    |not_tmp_526_fu_2254_p2      |       xor|   0|  0|   2|           1|           2|
    |not_tmp_533_fu_2426_p2      |       xor|   0|  0|   2|           1|           2|
    |not_tmp_540_fu_2598_p2      |       xor|   0|  0|   2|           1|           2|
    |not_tmp_547_fu_2770_p2      |       xor|   0|  0|   2|           1|           2|
    |not_tmp_554_fu_2942_p2      |       xor|   0|  0|   2|           1|           2|
    |not_tmp_561_fu_3114_p2      |       xor|   0|  0|   2|           1|           2|
    |not_tmp_568_fu_3286_p2      |       xor|   0|  0|   2|           1|           2|
    |not_tmp_575_fu_3458_p2      |       xor|   0|  0|   2|           1|           2|
    |not_tmp_582_fu_3630_p2      |       xor|   0|  0|   2|           1|           2|
    |not_tmp_589_fu_3802_p2      |       xor|   0|  0|   2|           1|           2|
    |not_tmp_596_fu_3974_p2      |       xor|   0|  0|   2|           1|           2|
    |not_tmp_603_fu_4146_p2      |       xor|   0|  0|   2|           1|           2|
    |not_tmp_610_fu_4318_p2      |       xor|   0|  0|   2|           1|           2|
    |not_tmp_617_fu_4490_p2      |       xor|   0|  0|   2|           1|           2|
    |not_tmp_624_fu_4662_p2      |       xor|   0|  0|   2|           1|           2|
    |not_tmp_631_fu_4834_p2      |       xor|   0|  0|   2|           1|           2|
    |xor_ln46_64_fu_558_p2       |       xor|   0|  0|   2|           1|           2|
    |xor_ln46_65_fu_730_p2       |       xor|   0|  0|   2|           1|           2|
    |xor_ln46_66_fu_902_p2       |       xor|   0|  0|   2|           1|           2|
    |xor_ln46_67_fu_1074_p2      |       xor|   0|  0|   2|           1|           2|
    |xor_ln46_68_fu_1246_p2      |       xor|   0|  0|   2|           1|           2|
    |xor_ln46_69_fu_1418_p2      |       xor|   0|  0|   2|           1|           2|
    |xor_ln46_70_fu_1590_p2      |       xor|   0|  0|   2|           1|           2|
    |xor_ln46_71_fu_1762_p2      |       xor|   0|  0|   2|           1|           2|
    |xor_ln46_72_fu_1934_p2      |       xor|   0|  0|   2|           1|           2|
    |xor_ln46_73_fu_2106_p2      |       xor|   0|  0|   2|           1|           2|
    |xor_ln46_74_fu_2278_p2      |       xor|   0|  0|   2|           1|           2|
    |xor_ln46_75_fu_2450_p2      |       xor|   0|  0|   2|           1|           2|
    |xor_ln46_76_fu_2622_p2      |       xor|   0|  0|   2|           1|           2|
    |xor_ln46_77_fu_2794_p2      |       xor|   0|  0|   2|           1|           2|
    |xor_ln46_78_fu_2966_p2      |       xor|   0|  0|   2|           1|           2|
    |xor_ln46_79_fu_3138_p2      |       xor|   0|  0|   2|           1|           2|
    |xor_ln46_80_fu_3310_p2      |       xor|   0|  0|   2|           1|           2|
    |xor_ln46_81_fu_3482_p2      |       xor|   0|  0|   2|           1|           2|
    |xor_ln46_82_fu_3654_p2      |       xor|   0|  0|   2|           1|           2|
    |xor_ln46_83_fu_3826_p2      |       xor|   0|  0|   2|           1|           2|
    |xor_ln46_84_fu_3998_p2      |       xor|   0|  0|   2|           1|           2|
    |xor_ln46_85_fu_4170_p2      |       xor|   0|  0|   2|           1|           2|
    |xor_ln46_86_fu_4342_p2      |       xor|   0|  0|   2|           1|           2|
    |xor_ln46_87_fu_4514_p2      |       xor|   0|  0|   2|           1|           2|
    |xor_ln46_88_fu_4686_p2      |       xor|   0|  0|   2|           1|           2|
    |xor_ln46_89_fu_4858_p2      |       xor|   0|  0|   2|           1|           2|
    |xor_ln46_fu_386_p2          |       xor|   0|  0|   2|           1|           2|
    +----------------------------+----------+----+---+----+------------+------------+
    |Total                       |          |   0|  0|2862|        1323|        1026|
    +----------------------------+----------+----+---+----+------------+------------+

    * Multiplexer: 
    N/A

    * Register: 
    N/A



================================================================
== Interface
================================================================
* Summary: 
+--------------+-----+-----+------------+------------------------------------------------------------------------+--------------+
|   RTL Ports  | Dir | Bits|  Protocol  |                              Source Object                             |    C Type    |
+--------------+-----+-----+------------+------------------------------------------------------------------------+--------------+
|ap_ready      |  out|    1|  ap_ctrl_hs|  relu<ap_fixed<19, 8, 5, 3, 0>, ap_ufixed<6, 0, 4, 0, 0>, relu_config7>|  return value|
|ap_return_0   |  out|    6|  ap_ctrl_hs|  relu<ap_fixed<19, 8, 5, 3, 0>, ap_ufixed<6, 0, 4, 0, 0>, relu_config7>|  return value|
|ap_return_1   |  out|    6|  ap_ctrl_hs|  relu<ap_fixed<19, 8, 5, 3, 0>, ap_ufixed<6, 0, 4, 0, 0>, relu_config7>|  return value|
|ap_return_2   |  out|    6|  ap_ctrl_hs|  relu<ap_fixed<19, 8, 5, 3, 0>, ap_ufixed<6, 0, 4, 0, 0>, relu_config7>|  return value|
|ap_return_3   |  out|    6|  ap_ctrl_hs|  relu<ap_fixed<19, 8, 5, 3, 0>, ap_ufixed<6, 0, 4, 0, 0>, relu_config7>|  return value|
|ap_return_4   |  out|    6|  ap_ctrl_hs|  relu<ap_fixed<19, 8, 5, 3, 0>, ap_ufixed<6, 0, 4, 0, 0>, relu_config7>|  return value|
|ap_return_5   |  out|    6|  ap_ctrl_hs|  relu<ap_fixed<19, 8, 5, 3, 0>, ap_ufixed<6, 0, 4, 0, 0>, relu_config7>|  return value|
|ap_return_6   |  out|    6|  ap_ctrl_hs|  relu<ap_fixed<19, 8, 5, 3, 0>, ap_ufixed<6, 0, 4, 0, 0>, relu_config7>|  return value|
|ap_return_7   |  out|    6|  ap_ctrl_hs|  relu<ap_fixed<19, 8, 5, 3, 0>, ap_ufixed<6, 0, 4, 0, 0>, relu_config7>|  return value|
|ap_return_8   |  out|    6|  ap_ctrl_hs|  relu<ap_fixed<19, 8, 5, 3, 0>, ap_ufixed<6, 0, 4, 0, 0>, relu_config7>|  return value|
|ap_return_9   |  out|    6|  ap_ctrl_hs|  relu<ap_fixed<19, 8, 5, 3, 0>, ap_ufixed<6, 0, 4, 0, 0>, relu_config7>|  return value|
|ap_return_10  |  out|    6|  ap_ctrl_hs|  relu<ap_fixed<19, 8, 5, 3, 0>, ap_ufixed<6, 0, 4, 0, 0>, relu_config7>|  return value|
|ap_return_11  |  out|    6|  ap_ctrl_hs|  relu<ap_fixed<19, 8, 5, 3, 0>, ap_ufixed<6, 0, 4, 0, 0>, relu_config7>|  return value|
|ap_return_12  |  out|    6|  ap_ctrl_hs|  relu<ap_fixed<19, 8, 5, 3, 0>, ap_ufixed<6, 0, 4, 0, 0>, relu_config7>|  return value|
|ap_return_13  |  out|    6|  ap_ctrl_hs|  relu<ap_fixed<19, 8, 5, 3, 0>, ap_ufixed<6, 0, 4, 0, 0>, relu_config7>|  return value|
|ap_return_14  |  out|    6|  ap_ctrl_hs|  relu<ap_fixed<19, 8, 5, 3, 0>, ap_ufixed<6, 0, 4, 0, 0>, relu_config7>|  return value|
|ap_return_15  |  out|    6|  ap_ctrl_hs|  relu<ap_fixed<19, 8, 5, 3, 0>, ap_ufixed<6, 0, 4, 0, 0>, relu_config7>|  return value|
|ap_return_16  |  out|    6|  ap_ctrl_hs|  relu<ap_fixed<19, 8, 5, 3, 0>, ap_ufixed<6, 0, 4, 0, 0>, relu_config7>|  return value|
|ap_return_17  |  out|    6|  ap_ctrl_hs|  relu<ap_fixed<19, 8, 5, 3, 0>, ap_ufixed<6, 0, 4, 0, 0>, relu_config7>|  return value|
|ap_return_18  |  out|    6|  ap_ctrl_hs|  relu<ap_fixed<19, 8, 5, 3, 0>, ap_ufixed<6, 0, 4, 0, 0>, relu_config7>|  return value|
|ap_return_19  |  out|    6|  ap_ctrl_hs|  relu<ap_fixed<19, 8, 5, 3, 0>, ap_ufixed<6, 0, 4, 0, 0>, relu_config7>|  return value|
|ap_return_20  |  out|    6|  ap_ctrl_hs|  relu<ap_fixed<19, 8, 5, 3, 0>, ap_ufixed<6, 0, 4, 0, 0>, relu_config7>|  return value|
|ap_return_21  |  out|    6|  ap_ctrl_hs|  relu<ap_fixed<19, 8, 5, 3, 0>, ap_ufixed<6, 0, 4, 0, 0>, relu_config7>|  return value|
|ap_return_22  |  out|    6|  ap_ctrl_hs|  relu<ap_fixed<19, 8, 5, 3, 0>, ap_ufixed<6, 0, 4, 0, 0>, relu_config7>|  return value|
|ap_return_23  |  out|    6|  ap_ctrl_hs|  relu<ap_fixed<19, 8, 5, 3, 0>, ap_ufixed<6, 0, 4, 0, 0>, relu_config7>|  return value|
|ap_return_24  |  out|    6|  ap_ctrl_hs|  relu<ap_fixed<19, 8, 5, 3, 0>, ap_ufixed<6, 0, 4, 0, 0>, relu_config7>|  return value|
|ap_return_25  |  out|    6|  ap_ctrl_hs|  relu<ap_fixed<19, 8, 5, 3, 0>, ap_ufixed<6, 0, 4, 0, 0>, relu_config7>|  return value|
|ap_return_26  |  out|    6|  ap_ctrl_hs|  relu<ap_fixed<19, 8, 5, 3, 0>, ap_ufixed<6, 0, 4, 0, 0>, relu_config7>|  return value|
|ap_rst        |   in|    1|  ap_ctrl_hs|  relu<ap_fixed<19, 8, 5, 3, 0>, ap_ufixed<6, 0, 4, 0, 0>, relu_config7>|  return value|
|data_1_val    |   in|   19|     ap_none|                                                              data_1_val|        scalar|
|data_2_val    |   in|   19|     ap_none|                                                              data_2_val|        scalar|
|data_3_val    |   in|   19|     ap_none|                                                              data_3_val|        scalar|
|data_4_val    |   in|   19|     ap_none|                                                              data_4_val|        scalar|
|data_5_val    |   in|   19|     ap_none|                                                              data_5_val|        scalar|
|data_6_val    |   in|   19|     ap_none|                                                              data_6_val|        scalar|
|data_7_val    |   in|   19|     ap_none|                                                              data_7_val|        scalar|
|data_8_val    |   in|   19|     ap_none|                                                              data_8_val|        scalar|
|data_9_val    |   in|   19|     ap_none|                                                              data_9_val|        scalar|
|data_10_val   |   in|   19|     ap_none|                                                             data_10_val|        scalar|
|data_11_val   |   in|   19|     ap_none|                                                             data_11_val|        scalar|
|data_13_val   |   in|   19|     ap_none|                                                             data_13_val|        scalar|
|data_15_val   |   in|   19|     ap_none|                                                             data_15_val|        scalar|
|data_16_val   |   in|   19|     ap_none|                                                             data_16_val|        scalar|
|data_17_val   |   in|   19|     ap_none|                                                             data_17_val|        scalar|
|data_18_val   |   in|   19|     ap_none|                                                             data_18_val|        scalar|
|data_19_val   |   in|   19|     ap_none|                                                             data_19_val|        scalar|
|data_21_val   |   in|   19|     ap_none|                                                             data_21_val|        scalar|
|data_22_val   |   in|   19|     ap_none|                                                             data_22_val|        scalar|
|data_23_val   |   in|   19|     ap_none|                                                             data_23_val|        scalar|
|data_24_val   |   in|   19|     ap_none|                                                             data_24_val|        scalar|
|data_25_val   |   in|   19|     ap_none|                                                             data_25_val|        scalar|
|data_27_val   |   in|   19|     ap_none|                                                             data_27_val|        scalar|
|data_28_val   |   in|   19|     ap_none|                                                             data_28_val|        scalar|
|data_29_val   |   in|   19|     ap_none|                                                             data_29_val|        scalar|
|data_30_val   |   in|   19|     ap_none|                                                             data_30_val|        scalar|
|data_31_val   |   in|   19|     ap_none|                                                             data_31_val|        scalar|
+--------------+-----+-----+------------+------------------------------------------------------------------------+--------------+

