/home/sioni/Work/uzh2025/model_1/hls4ml_prj/myproject_prj/solution1/.autopilot/db/myproject.pp.0.cpp:28368:7: warning: Added loop label VITIS_LOOP_1223_1:   [xilinx-label-all-loops]
      for (i = 0; i < __N - 1; ++i) {
      ^~~
      VITIS_LOOP_1223_1: 
/home/sioni/Work/uzh2025/model_1/hls4ml_prj/myproject_prj/solution1/.autopilot/db/myproject.pp.0.cpp:28368:7: note: FIX-IT applied suggested code changes
/home/sioni/Work/uzh2025/model_1/hls4ml_prj/myproject_prj/solution1/.autopilot/db/myproject.pp.0.cpp:29342:5: warning: Added loop label VITIS_LOOP_676_1:   [xilinx-label-all-loops]
    for (unsigned i = low; i != high; ++i) {
    ^~~
    VITIS_LOOP_676_1: 
/home/sioni/Work/uzh2025/model_1/hls4ml_prj/myproject_prj/solution1/.autopilot/db/myproject.pp.0.cpp:29342:5: note: FIX-IT applied suggested code changes
/home/sioni/Work/uzh2025/model_1/hls4ml_prj/myproject_prj/solution1/.autopilot/db/myproject.pp.0.cpp:29356:5: warning: Added loop label VITIS_LOOP_690_1:   [xilinx-label-all-loops]
    for (unsigned i = low; i != high; ++i) {
    ^~~
    VITIS_LOOP_690_1: 
/home/sioni/Work/uzh2025/model_1/hls4ml_prj/myproject_prj/solution1/.autopilot/db/myproject.pp.0.cpp:29356:5: note: FIX-IT applied suggested code changes
/home/sioni/Work/uzh2025/model_1/hls4ml_prj/myproject_prj/solution1/.autopilot/db/myproject.pp.0.cpp:29370:5: warning: Added loop label VITIS_LOOP_704_1:   [xilinx-label-all-loops]
    for (unsigned i = low; i != high; ++i) {
    ^~~
    VITIS_LOOP_704_1: 
/home/sioni/Work/uzh2025/model_1/hls4ml_prj/myproject_prj/solution1/.autopilot/db/myproject.pp.0.cpp:29370:5: note: FIX-IT applied suggested code changes
/home/sioni/Work/uzh2025/model_1/hls4ml_prj/myproject_prj/solution1/.autopilot/db/myproject.pp.0.cpp:30987:7: warning: Added loop label VITIS_LOOP_1247_1:   [xilinx-label-all-loops]
      for (i = 0; i < __N - 1; ++i) {
      ^~~
      VITIS_LOOP_1247_1: 
/home/sioni/Work/uzh2025/model_1/hls4ml_prj/myproject_prj/solution1/.autopilot/db/myproject.pp.0.cpp:30987:7: note: FIX-IT applied suggested code changes
/home/sioni/Work/uzh2025/model_1/hls4ml_prj/myproject_prj/solution1/.autopilot/db/myproject.pp.0.cpp:32970:9: warning: Added loop label VITIS_LOOP_27_1:   [xilinx-label-all-loops]
        for (unsigned i = 0; i < N; i++) {
        ^~~
        VITIS_LOOP_27_1: 
/home/sioni/Work/uzh2025/model_1/hls4ml_prj/myproject_prj/solution1/.autopilot/db/myproject.pp.0.cpp:32970:9: note: FIX-IT applied suggested code changes
/home/sioni/Work/uzh2025/model_1/hls4ml_prj/myproject_prj/solution1/.autopilot/db/myproject.pp.0.cpp:32982:9: warning: Added loop label VITIS_LOOP_39_1:   [xilinx-label-all-loops]
        for (unsigned i = 0; i < N; i++) {
        ^~~
        VITIS_LOOP_39_1: 
/home/sioni/Work/uzh2025/model_1/hls4ml_prj/myproject_prj/solution1/.autopilot/db/myproject.pp.0.cpp:32982:9: note: FIX-IT applied suggested code changes
/home/sioni/Work/uzh2025/model_1/hls4ml_prj/myproject_prj/solution1/.autopilot/db/myproject.pp.0.cpp:32999:9: warning: Added loop label VITIS_LOOP_56_1:   [xilinx-label-all-loops]
        for (size_t i = 0; i < N; i++) {
        ^~~
        VITIS_LOOP_56_1: 
/home/sioni/Work/uzh2025/model_1/hls4ml_prj/myproject_prj/solution1/.autopilot/db/myproject.pp.0.cpp:32999:9: note: FIX-IT applied suggested code changes
/home/sioni/Work/uzh2025/model_1/hls4ml_prj/myproject_prj/solution1/.autopilot/db/myproject.pp.0.cpp:56201:5: warning: Added loop label VITIS_LOOP_265_1:   [xilinx-label-all-loops]
    for (typename std::vector<src_T>::const_iterator i = in_begin; i != in_end; ++i) {
    ^~~
    VITIS_LOOP_265_1: 
/home/sioni/Work/uzh2025/model_1/hls4ml_prj/myproject_prj/solution1/.autopilot/db/myproject.pp.0.cpp:56201:5: note: FIX-IT applied suggested code changes
/home/sioni/Work/uzh2025/model_1/hls4ml_prj/myproject_prj/solution1/.autopilot/db/myproject.pp.0.cpp:56211:5: warning: Added loop label VITIS_LOOP_275_1:   [xilinx-label-all-loops]
    for (auto i = 0; i < SIZE; i++)
    ^~~
    VITIS_LOOP_275_1: 
/home/sioni/Work/uzh2025/model_1/hls4ml_prj/myproject_prj/solution1/.autopilot/db/myproject.pp.0.cpp:56211:5: note: FIX-IT applied suggested code changes
/home/sioni/Work/uzh2025/model_1/hls4ml_prj/myproject_prj/solution1/.autopilot/db/myproject.pp.0.cpp:56222:5: warning: Added loop label VITIS_LOOP_286_1:   [xilinx-label-all-loops]
    for (int i = 0; i < SIZE; i++) {
    ^~~
    VITIS_LOOP_286_1: 
/home/sioni/Work/uzh2025/model_1/hls4ml_prj/myproject_prj/solution1/.autopilot/db/myproject.pp.0.cpp:56222:5: note: FIX-IT applied suggested code changes
/home/sioni/Work/uzh2025/model_1/hls4ml_prj/myproject_prj/solution1/.autopilot/db/myproject.pp.0.cpp:56229:5: warning: Added loop label VITIS_LOOP_293_1:   [xilinx-label-all-loops]
    for (int i = 0; i < SIZE / res_T::size; i++) {
    ^~~
    VITIS_LOOP_293_1: 
/home/sioni/Work/uzh2025/model_1/hls4ml_prj/myproject_prj/solution1/.autopilot/db/myproject.pp.0.cpp:56229:5: note: FIX-IT applied suggested code changes
/home/sioni/Work/uzh2025/model_1/hls4ml_prj/myproject_prj/solution1/.autopilot/db/myproject.pp.0.cpp:56231:9: warning: Added loop label VITIS_LOOP_295_2:   [xilinx-label-all-loops]
        for (int j = 0; j < res_T::size; j++) {
        ^~~
        VITIS_LOOP_295_2: 
/home/sioni/Work/uzh2025/model_1/hls4ml_prj/myproject_prj/solution1/.autopilot/db/myproject.pp.0.cpp:56231:9: note: FIX-IT applied suggested code changes
/home/sioni/Work/uzh2025/model_1/hls4ml_prj/myproject_prj/solution1/.autopilot/db/myproject.pp.0.cpp:56243:5: warning: Added loop label VITIS_LOOP_307_1:   [xilinx-label-all-loops]
    for (int i = 0; i < SIZE / data_T::size; i++) {
    ^~~
    VITIS_LOOP_307_1: 
/home/sioni/Work/uzh2025/model_1/hls4ml_prj/myproject_prj/solution1/.autopilot/db/myproject.pp.0.cpp:56243:5: note: FIX-IT applied suggested code changes
/home/sioni/Work/uzh2025/model_1/hls4ml_prj/myproject_prj/solution1/.autopilot/db/myproject.pp.0.cpp:56245:9: warning: Added loop label VITIS_LOOP_309_2:   [xilinx-label-all-loops]
        for (int j = 0; j < data_T::size; j++) {
        ^~~
        VITIS_LOOP_309_2: 
/home/sioni/Work/uzh2025/model_1/hls4ml_prj/myproject_prj/solution1/.autopilot/db/myproject.pp.0.cpp:56245:9: note: FIX-IT applied suggested code changes
/home/sioni/Work/uzh2025/model_1/hls4ml_prj/myproject_prj/solution1/.autopilot/db/myproject.pp.0.cpp:56260:5: warning: Added loop label VITIS_LOOP_324_1:   [xilinx-label-all-loops]
    for (int ii = 0; ii < nrows; ii++) {
    ^~~
    VITIS_LOOP_324_1: 
/home/sioni/Work/uzh2025/model_1/hls4ml_prj/myproject_prj/solution1/.autopilot/db/myproject.pp.0.cpp:56260:5: note: FIX-IT applied suggested code changes
/home/sioni/Work/uzh2025/model_1/hls4ml_prj/myproject_prj/solution1/.autopilot/db/myproject.pp.0.cpp:56280:5: warning: Added loop label VITIS_LOOP_344_1:   [xilinx-label-all-loops]
    for (int ii = 0; ii < nrows; ii++) {
    ^~~
    VITIS_LOOP_344_1: 
/home/sioni/Work/uzh2025/model_1/hls4ml_prj/myproject_prj/solution1/.autopilot/db/myproject.pp.0.cpp:56280:5: note: FIX-IT applied suggested code changes
/home/sioni/Work/uzh2025/model_1/hls4ml_prj/myproject_prj/solution1/.autopilot/db/myproject.pp.0.cpp:56281:9: warning: Added loop label VITIS_LOOP_345_2:   [xilinx-label-all-loops]
        for (int jj = 0; jj < ncols; jj++) {
        ^~~
        VITIS_LOOP_345_2: 
/home/sioni/Work/uzh2025/model_1/hls4ml_prj/myproject_prj/solution1/.autopilot/db/myproject.pp.0.cpp:56281:9: note: FIX-IT applied suggested code changes
/home/sioni/Work/uzh2025/model_1/hls4ml_prj/myproject_prj/solution1/.autopilot/db/myproject.pp.0.cpp:56296:5: warning: Added loop label VITIS_LOOP_360_1:   [xilinx-label-all-loops]
    for (int ii = 0; ii < N_IN; ii++) {
    ^~~
    VITIS_LOOP_360_1: 
/home/sioni/Work/uzh2025/model_1/hls4ml_prj/myproject_prj/solution1/.autopilot/db/myproject.pp.0.cpp:56296:5: note: FIX-IT applied suggested code changes
/home/sioni/Work/uzh2025/model_1/hls4ml_prj/myproject_prj/solution1/.autopilot/db/myproject.pp.0.cpp:56303:5: warning: Added loop label VITIS_LOOP_367_1:   [xilinx-label-all-loops]
    for (int ii = 0; ii < N_IN; ii++) {
    ^~~
    VITIS_LOOP_367_1: 
/home/sioni/Work/uzh2025/model_1/hls4ml_prj/myproject_prj/solution1/.autopilot/db/myproject.pp.0.cpp:56303:5: note: FIX-IT applied suggested code changes
/home/sioni/Work/uzh2025/model_1/hls4ml_prj/myproject_prj/solution1/.autopilot/db/myproject.pp.0.cpp:56613:5: warning: Added loop label VITIS_LOOP_136_1:   [xilinx-label-all-loops]
    for (int ii = 0; ii < CONFIG_T::out_width / CONFIG_T::n_partitions; ii++) {
    ^~~
    VITIS_LOOP_136_1: 
/home/sioni/Work/uzh2025/model_1/hls4ml_prj/myproject_prj/solution1/.autopilot/db/myproject.pp.0.cpp:56613:5: note: FIX-IT applied suggested code changes
/home/sioni/Work/uzh2025/model_1/hls4ml_prj/myproject_prj/solution1/.autopilot/db/myproject.pp.0.cpp:56614:9: warning: Added loop label VITIS_LOOP_137_2:   [xilinx-label-all-loops]
        for (int ff = 0; ff < CONFIG_T::n_filt; ff++) {
        ^~~
        VITIS_LOOP_137_2: 
/home/sioni/Work/uzh2025/model_1/hls4ml_prj/myproject_prj/solution1/.autopilot/db/myproject.pp.0.cpp:56614:9: note: FIX-IT applied suggested code changes
/home/sioni/Work/uzh2025/model_1/hls4ml_prj/myproject_prj/solution1/.autopilot/db/myproject.pp.0.cpp:56635:5: warning: Added loop label VITIS_LOOP_158_3:   [xilinx-label-all-loops]
    for (int ii = 0; ii < CONFIG_T::out_width / CONFIG_T::n_partitions; ii++) {
    ^~~
    VITIS_LOOP_158_3: 
/home/sioni/Work/uzh2025/model_1/hls4ml_prj/myproject_prj/solution1/.autopilot/db/myproject.pp.0.cpp:56635:5: note: FIX-IT applied suggested code changes
/home/sioni/Work/uzh2025/model_1/hls4ml_prj/myproject_prj/solution1/.autopilot/db/myproject.pp.0.cpp:56636:9: warning: Added loop label VITIS_LOOP_159_4:   [xilinx-label-all-loops]
        for (int ff = 0; ff < CONFIG_T::n_filt; ff++) {
        ^~~
        VITIS_LOOP_159_4: 
/home/sioni/Work/uzh2025/model_1/hls4ml_prj/myproject_prj/solution1/.autopilot/db/myproject.pp.0.cpp:56636:9: note: FIX-IT applied suggested code changes
/home/sioni/Work/uzh2025/model_1/hls4ml_prj/myproject_prj/solution1/.autopilot/db/myproject.pp.0.cpp:56783:2: warning: Added loop label VITIS_LOOP_31_1:   [xilinx-label-all-loops]
 for (int ii = 0; ii < CONFIG_T::n_in; ii++) {
 ^~~
 VITIS_LOOP_31_1: 
/home/sioni/Work/uzh2025/model_1/hls4ml_prj/myproject_prj/solution1/.autopilot/db/myproject.pp.0.cpp:56783:2: note: FIX-IT applied suggested code changes
/home/sioni/Work/uzh2025/model_1/hls4ml_prj/myproject_prj/solution1/.autopilot/db/myproject.pp.0.cpp:56795:5: warning: Added loop label VITIS_LOOP_43_1:   [xilinx-label-all-loops]
    for (int ii = 0; ii < CONFIG_T::n_in; ii++) {
    ^~~
    VITIS_LOOP_43_1: 
/home/sioni/Work/uzh2025/model_1/hls4ml_prj/myproject_prj/solution1/.autopilot/db/myproject.pp.0.cpp:56795:5: note: FIX-IT applied suggested code changes
/home/sioni/Work/uzh2025/model_1/hls4ml_prj/myproject_prj/solution1/.autopilot/db/myproject.pp.0.cpp:56809:5: warning: Added loop label VITIS_LOOP_57_1:   [xilinx-label-all-loops]
    for (int ii = 0; ii < CONFIG_T::n_in; ii++) {
    ^~~
    VITIS_LOOP_57_1: 
/home/sioni/Work/uzh2025/model_1/hls4ml_prj/myproject_prj/solution1/.autopilot/db/myproject.pp.0.cpp:56809:5: note: FIX-IT applied suggested code changes
/home/sioni/Work/uzh2025/model_1/hls4ml_prj/myproject_prj/solution1/.autopilot/db/myproject.pp.0.cpp:56836:5: warning: Added loop label VITIS_LOOP_84_1:   [xilinx-label-all-loops]
    for (int ii = 0; ii < N_TABLE; ii++) {
    ^~~
    VITIS_LOOP_84_1: 
/home/sioni/Work/uzh2025/model_1/hls4ml_prj/myproject_prj/solution1/.autopilot/db/myproject.pp.0.cpp:56836:5: note: FIX-IT applied suggested code changes
/home/sioni/Work/uzh2025/model_1/hls4ml_prj/myproject_prj/solution1/.autopilot/db/myproject.pp.0.cpp:56866:5: warning: Added loop label VITIS_LOOP_114_1:   [xilinx-label-all-loops]
    for (int ii = 0; ii < CONFIG_T::n_in; ii++) {
    ^~~
    VITIS_LOOP_114_1: 
/home/sioni/Work/uzh2025/model_1/hls4ml_prj/myproject_prj/solution1/.autopilot/db/myproject.pp.0.cpp:56866:5: note: FIX-IT applied suggested code changes
/home/sioni/Work/uzh2025/model_1/hls4ml_prj/myproject_prj/solution1/.autopilot/db/myproject.pp.0.cpp:56903:5: warning: Added loop label VITIS_LOOP_151_1:   [xilinx-label-all-loops]
    for (unsigned i = 0; i < CONFIG_T::exp_table_size; i++) {
    ^~~
    VITIS_LOOP_151_1: 
/home/sioni/Work/uzh2025/model_1/hls4ml_prj/myproject_prj/solution1/.autopilot/db/myproject.pp.0.cpp:56903:5: note: FIX-IT applied suggested code changes
/home/sioni/Work/uzh2025/model_1/hls4ml_prj/myproject_prj/solution1/.autopilot/db/myproject.pp.0.cpp:56919:5: warning: Added loop label VITIS_LOOP_167_1:   [xilinx-label-all-loops]
    for (unsigned i = 0; i < CONFIG_T::inv_table_size; i++) {
    ^~~
    VITIS_LOOP_167_1: 
/home/sioni/Work/uzh2025/model_1/hls4ml_prj/myproject_prj/solution1/.autopilot/db/myproject.pp.0.cpp:56919:5: note: FIX-IT applied suggested code changes
/home/sioni/Work/uzh2025/model_1/hls4ml_prj/myproject_prj/solution1/.autopilot/db/myproject.pp.0.cpp:56952:5: warning: Added loop label VITIS_LOOP_200_1:   [xilinx-label-all-loops]
    for (unsigned i = 0; i < CONFIG_T::n_slice; i++) {
    ^~~
    VITIS_LOOP_200_1: 
/home/sioni/Work/uzh2025/model_1/hls4ml_prj/myproject_prj/solution1/.autopilot/db/myproject.pp.0.cpp:56952:5: note: FIX-IT applied suggested code changes
/home/sioni/Work/uzh2025/model_1/hls4ml_prj/myproject_prj/solution1/.autopilot/db/myproject.pp.0.cpp:56965:5: warning: Added loop label VITIS_LOOP_213_2:   [xilinx-label-all-loops]
    for (unsigned i = 0; i < CONFIG_T::n_slice; i++) {
    ^~~
    VITIS_LOOP_213_2: 
/home/sioni/Work/uzh2025/model_1/hls4ml_prj/myproject_prj/solution1/.autopilot/db/myproject.pp.0.cpp:56965:5: note: FIX-IT applied suggested code changes
/home/sioni/Work/uzh2025/model_1/hls4ml_prj/myproject_prj/solution1/.autopilot/db/myproject.pp.0.cpp:56998:5: warning: Added loop label VITIS_LOOP_246_1:   [xilinx-label-all-loops]
    for (unsigned i = 0; i < CONFIG_T::n_slice; i++) {
    ^~~
    VITIS_LOOP_246_1: 
/home/sioni/Work/uzh2025/model_1/hls4ml_prj/myproject_prj/solution1/.autopilot/db/myproject.pp.0.cpp:56998:5: note: FIX-IT applied suggested code changes
/home/sioni/Work/uzh2025/model_1/hls4ml_prj/myproject_prj/solution1/.autopilot/db/myproject.pp.0.cpp:57007:5: warning: Added loop label VITIS_LOOP_255_2:   [xilinx-label-all-loops]
    for (unsigned i = 0; i < CONFIG_T::n_slice; i++) {
    ^~~
    VITIS_LOOP_255_2: 
/home/sioni/Work/uzh2025/model_1/hls4ml_prj/myproject_prj/solution1/.autopilot/db/myproject.pp.0.cpp:57007:5: note: FIX-IT applied suggested code changes
/home/sioni/Work/uzh2025/model_1/hls4ml_prj/myproject_prj/solution1/.autopilot/db/myproject.pp.0.cpp:57020:5: warning: Added loop label VITIS_LOOP_268_3:   [xilinx-label-all-loops]
    for (unsigned i = 0; i < CONFIG_T::n_slice; i++) {
    ^~~
    VITIS_LOOP_268_3: 
/home/sioni/Work/uzh2025/model_1/hls4ml_prj/myproject_prj/solution1/.autopilot/db/myproject.pp.0.cpp:57020:5: note: FIX-IT applied suggested code changes
/home/sioni/Work/uzh2025/model_1/hls4ml_prj/myproject_prj/solution1/.autopilot/db/myproject.pp.0.cpp:57027:5: warning: Added loop label VITIS_LOOP_275_1:   [xilinx-label-all-loops]
    for (int ii = 0; ii < N_TABLE; ii++) {
    ^~~
    VITIS_LOOP_275_1: 
/home/sioni/Work/uzh2025/model_1/hls4ml_prj/myproject_prj/solution1/.autopilot/db/myproject.pp.0.cpp:57027:5: note: FIX-IT applied suggested code changes
/home/sioni/Work/uzh2025/model_1/hls4ml_prj/myproject_prj/solution1/.autopilot/db/myproject.pp.0.cpp:57040:5: warning: Added loop label VITIS_LOOP_288_1:   [xilinx-label-all-loops]
    for (int ii = 0; ii < N_TABLE; ii++) {
    ^~~
    VITIS_LOOP_288_1: 
/home/sioni/Work/uzh2025/model_1/hls4ml_prj/myproject_prj/solution1/.autopilot/db/myproject.pp.0.cpp:57040:5: note: FIX-IT applied suggested code changes
/home/sioni/Work/uzh2025/model_1/hls4ml_prj/myproject_prj/solution1/.autopilot/db/myproject.pp.0.cpp:57077:5: warning: Added loop label VITIS_LOOP_325_1:   [xilinx-label-all-loops]
    for (int ii = 0; ii < CONFIG_T::n_slice; ii++) {
    ^~~
    VITIS_LOOP_325_1: 
/home/sioni/Work/uzh2025/model_1/hls4ml_prj/myproject_prj/solution1/.autopilot/db/myproject.pp.0.cpp:57077:5: note: FIX-IT applied suggested code changes
/home/sioni/Work/uzh2025/model_1/hls4ml_prj/myproject_prj/solution1/.autopilot/db/myproject.pp.0.cpp:57082:5: warning: Added loop label VITIS_LOOP_330_2:   [xilinx-label-all-loops]
    for (int ii = 0; ii < CONFIG_T::n_slice; ii++) {
    ^~~
    VITIS_LOOP_330_2: 
/home/sioni/Work/uzh2025/model_1/hls4ml_prj/myproject_prj/solution1/.autopilot/db/myproject.pp.0.cpp:57082:5: note: FIX-IT applied suggested code changes
/home/sioni/Work/uzh2025/model_1/hls4ml_prj/myproject_prj/solution1/.autopilot/db/myproject.pp.0.cpp:57083:9: warning: Added loop label VITIS_LOOP_331_3:   [xilinx-label-all-loops]
        for (int jj = 0; jj < CONFIG_T::n_slice; jj++) {
        ^~~
        VITIS_LOOP_331_3: 
/home/sioni/Work/uzh2025/model_1/hls4ml_prj/myproject_prj/solution1/.autopilot/db/myproject.pp.0.cpp:57083:9: note: FIX-IT applied suggested code changes
/home/sioni/Work/uzh2025/model_1/hls4ml_prj/myproject_prj/solution1/.autopilot/db/myproject.pp.0.cpp:57100:5: warning: Added loop label VITIS_LOOP_348_4:   [xilinx-label-all-loops]
    for (int ii = 0; ii < CONFIG_T::n_slice; ii++) {
    ^~~
    VITIS_LOOP_348_4: 
/home/sioni/Work/uzh2025/model_1/hls4ml_prj/myproject_prj/solution1/.autopilot/db/myproject.pp.0.cpp:57100:5: note: FIX-IT applied suggested code changes
/home/sioni/Work/uzh2025/model_1/hls4ml_prj/myproject_prj/solution1/.autopilot/db/myproject.pp.0.cpp:57113:5: warning: Added loop label VITIS_LOOP_361_1:   [xilinx-label-all-loops]
    for (int i = 0; i < CONFIG_T::n_slice; i++) {
    ^~~
    VITIS_LOOP_361_1: 
/home/sioni/Work/uzh2025/model_1/hls4ml_prj/myproject_prj/solution1/.autopilot/db/myproject.pp.0.cpp:57113:5: note: FIX-IT applied suggested code changes
/home/sioni/Work/uzh2025/model_1/hls4ml_prj/myproject_prj/solution1/.autopilot/db/myproject.pp.0.cpp:57121:5: warning: Added loop label VITIS_LOOP_369_2:   [xilinx-label-all-loops]
    for (int i = 1; i < CONFIG_T::n_slice; i++) {
    ^~~
    VITIS_LOOP_369_2: 
/home/sioni/Work/uzh2025/model_1/hls4ml_prj/myproject_prj/solution1/.autopilot/db/myproject.pp.0.cpp:57121:5: note: FIX-IT applied suggested code changes
/home/sioni/Work/uzh2025/model_1/hls4ml_prj/myproject_prj/solution1/.autopilot/db/myproject.pp.0.cpp:57157:5: warning: Added loop label VITIS_LOOP_405_1:   [xilinx-label-all-loops]
    for (signed i = 0; i < CONFIG_T::n_outer; i++) {
    ^~~
    VITIS_LOOP_405_1: 
/home/sioni/Work/uzh2025/model_1/hls4ml_prj/myproject_prj/solution1/.autopilot/db/myproject.pp.0.cpp:57157:5: note: FIX-IT applied suggested code changes
/home/sioni/Work/uzh2025/model_1/hls4ml_prj/myproject_prj/solution1/.autopilot/db/myproject.pp.0.cpp:57159:2: warning: Added loop label VITIS_LOOP_407_2:   [xilinx-label-all-loops]
 for (signed k = 0; k < CONFIG_T::n_inner; k++) {
 ^~~
 VITIS_LOOP_407_2: 
/home/sioni/Work/uzh2025/model_1/hls4ml_prj/myproject_prj/solution1/.autopilot/db/myproject.pp.0.cpp:57159:2: note: FIX-IT applied suggested code changes
/home/sioni/Work/uzh2025/model_1/hls4ml_prj/myproject_prj/solution1/.autopilot/db/myproject.pp.0.cpp:57161:2: warning: Added loop label VITIS_LOOP_409_3:   [xilinx-label-all-loops]
 for (signed j = 0; j < CONFIG_T::n_slice; j++) {
 ^~~
 VITIS_LOOP_409_3: 
/home/sioni/Work/uzh2025/model_1/hls4ml_prj/myproject_prj/solution1/.autopilot/db/myproject.pp.0.cpp:57161:2: note: FIX-IT applied suggested code changes
/home/sioni/Work/uzh2025/model_1/hls4ml_prj/myproject_prj/solution1/.autopilot/db/myproject.pp.0.cpp:57166:13: warning: Added loop label VITIS_LOOP_414_4:   [xilinx-label-all-loops]
            for (signed j = 0; j < CONFIG_T::n_slice; j++) {
            ^~~
            VITIS_LOOP_414_4: 
/home/sioni/Work/uzh2025/model_1/hls4ml_prj/myproject_prj/solution1/.autopilot/db/myproject.pp.0.cpp:57166:13: note: FIX-IT applied suggested code changes
/home/sioni/Work/uzh2025/model_1/hls4ml_prj/myproject_prj/solution1/.autopilot/db/myproject.pp.0.cpp:57179:5: warning: Added loop label VITIS_LOOP_427_1:   [xilinx-label-all-loops]
    for (int ii = 0; ii < N_TABLE; ii++) {
    ^~~
    VITIS_LOOP_427_1: 
/home/sioni/Work/uzh2025/model_1/hls4ml_prj/myproject_prj/solution1/.autopilot/db/myproject.pp.0.cpp:57179:5: note: FIX-IT applied suggested code changes
/home/sioni/Work/uzh2025/model_1/hls4ml_prj/myproject_prj/solution1/.autopilot/db/myproject.pp.0.cpp:57209:5: warning: Added loop label VITIS_LOOP_457_1:   [xilinx-label-all-loops]
    for (int ii = 0; ii < CONFIG_T::n_in; ii++) {
    ^~~
    VITIS_LOOP_457_1: 
/home/sioni/Work/uzh2025/model_1/hls4ml_prj/myproject_prj/solution1/.autopilot/db/myproject.pp.0.cpp:57209:5: note: FIX-IT applied suggested code changes
/home/sioni/Work/uzh2025/model_1/hls4ml_prj/myproject_prj/solution1/.autopilot/db/myproject.pp.0.cpp:57236:2: warning: Added loop label VITIS_LOOP_484_1:   [xilinx-label-all-loops]
 for (int ii = 0; ii < CONFIG_T::n_in; ii++) {
 ^~~
 VITIS_LOOP_484_1: 
/home/sioni/Work/uzh2025/model_1/hls4ml_prj/myproject_prj/solution1/.autopilot/db/myproject.pp.0.cpp:57236:2: note: FIX-IT applied suggested code changes
/home/sioni/Work/uzh2025/model_1/hls4ml_prj/myproject_prj/solution1/.autopilot/db/myproject.pp.0.cpp:57250:2: warning: Added loop label VITIS_LOOP_498_1:   [xilinx-label-all-loops]
 for (int ii = 0; ii < CONFIG_T::n_in; ii++) {
 ^~~
 VITIS_LOOP_498_1: 
/home/sioni/Work/uzh2025/model_1/hls4ml_prj/myproject_prj/solution1/.autopilot/db/myproject.pp.0.cpp:57250:2: note: FIX-IT applied suggested code changes
/home/sioni/Work/uzh2025/model_1/hls4ml_prj/myproject_prj/solution1/.autopilot/db/myproject.pp.0.cpp:57266:5: warning: Added loop label VITIS_LOOP_514_1:   [xilinx-label-all-loops]
    for (int ii = 0; ii < CONFIG_T::n_in; ii++) {
    ^~~
    VITIS_LOOP_514_1: 
/home/sioni/Work/uzh2025/model_1/hls4ml_prj/myproject_prj/solution1/.autopilot/db/myproject.pp.0.cpp:57266:5: note: FIX-IT applied suggested code changes
/home/sioni/Work/uzh2025/model_1/hls4ml_prj/myproject_prj/solution1/.autopilot/db/myproject.pp.0.cpp:57284:5: warning: Added loop label VITIS_LOOP_532_1:   [xilinx-label-all-loops]
    for (int ii = 0; ii < CONFIG_T::n_in; ii++) {
    ^~~
    VITIS_LOOP_532_1: 
/home/sioni/Work/uzh2025/model_1/hls4ml_prj/myproject_prj/solution1/.autopilot/db/myproject.pp.0.cpp:57284:5: note: FIX-IT applied suggested code changes
/home/sioni/Work/uzh2025/model_1/hls4ml_prj/myproject_prj/solution1/.autopilot/db/myproject.pp.0.cpp:57301:5: warning: Added loop label VITIS_LOOP_549_1:   [xilinx-label-all-loops]
    for (int ii = 0; ii < CONFIG_T::n_in; ii++) {
    ^~~
    VITIS_LOOP_549_1: 
/home/sioni/Work/uzh2025/model_1/hls4ml_prj/myproject_prj/solution1/.autopilot/db/myproject.pp.0.cpp:57301:5: note: FIX-IT applied suggested code changes
/home/sioni/Work/uzh2025/model_1/hls4ml_prj/myproject_prj/solution1/.autopilot/db/myproject.pp.0.cpp:57318:5: warning: Added loop label VITIS_LOOP_566_1:   [xilinx-label-all-loops]
    for (int ii = 0; ii < N_TABLE; ii++) {
    ^~~
    VITIS_LOOP_566_1: 
/home/sioni/Work/uzh2025/model_1/hls4ml_prj/myproject_prj/solution1/.autopilot/db/myproject.pp.0.cpp:57318:5: note: FIX-IT applied suggested code changes
/home/sioni/Work/uzh2025/model_1/hls4ml_prj/myproject_prj/solution1/.autopilot/db/myproject.pp.0.cpp:57348:5: warning: Added loop label VITIS_LOOP_596_1:   [xilinx-label-all-loops]
    for (int ii = 0; ii < CONFIG_T::n_in; ii++) {
    ^~~
    VITIS_LOOP_596_1: 
/home/sioni/Work/uzh2025/model_1/hls4ml_prj/myproject_prj/solution1/.autopilot/db/myproject.pp.0.cpp:57348:5: note: FIX-IT applied suggested code changes
/home/sioni/Work/uzh2025/model_1/hls4ml_prj/myproject_prj/solution1/.autopilot/db/myproject.pp.0.cpp:57367:5: warning: Added loop label VITIS_LOOP_615_1:   [xilinx-label-all-loops]
    for (int ii = 0; ii < N_TABLE; ii++) {
    ^~~
    VITIS_LOOP_615_1: 
/home/sioni/Work/uzh2025/model_1/hls4ml_prj/myproject_prj/solution1/.autopilot/db/myproject.pp.0.cpp:57367:5: note: FIX-IT applied suggested code changes
/home/sioni/Work/uzh2025/model_1/hls4ml_prj/myproject_prj/solution1/.autopilot/db/myproject.pp.0.cpp:57397:5: warning: Added loop label VITIS_LOOP_645_1:   [xilinx-label-all-loops]
    for (int ii = 0; ii < CONFIG_T::n_in; ii++) {
    ^~~
    VITIS_LOOP_645_1: 
/home/sioni/Work/uzh2025/model_1/hls4ml_prj/myproject_prj/solution1/.autopilot/db/myproject.pp.0.cpp:57397:5: note: FIX-IT applied suggested code changes
/home/sioni/Work/uzh2025/model_1/hls4ml_prj/myproject_prj/solution1/.autopilot/db/myproject.pp.0.cpp:57416:5: warning: Added loop label VITIS_LOOP_664_1:   [xilinx-label-all-loops]
    for (int ii = 0; ii < N_TABLE; ii++) {
    ^~~
    VITIS_LOOP_664_1: 
/home/sioni/Work/uzh2025/model_1/hls4ml_prj/myproject_prj/solution1/.autopilot/db/myproject.pp.0.cpp:57416:5: note: FIX-IT applied suggested code changes
/home/sioni/Work/uzh2025/model_1/hls4ml_prj/myproject_prj/solution1/.autopilot/db/myproject.pp.0.cpp:57446:5: warning: Added loop label VITIS_LOOP_694_1:   [xilinx-label-all-loops]
    for (int ii = 0; ii < CONFIG_T::n_in; ii++) {
    ^~~
    VITIS_LOOP_694_1: 
/home/sioni/Work/uzh2025/model_1/hls4ml_prj/myproject_prj/solution1/.autopilot/db/myproject.pp.0.cpp:57446:5: note: FIX-IT applied suggested code changes
/home/sioni/Work/uzh2025/model_1/hls4ml_prj/myproject_prj/solution1/.autopilot/db/myproject.pp.0.cpp:57473:5: warning: Added loop label VITIS_LOOP_721_1:   [xilinx-label-all-loops]
    for (int ii = 0; ii < N_TABLE; ii++) {
    ^~~
    VITIS_LOOP_721_1: 
/home/sioni/Work/uzh2025/model_1/hls4ml_prj/myproject_prj/solution1/.autopilot/db/myproject.pp.0.cpp:57473:5: note: FIX-IT applied suggested code changes
/home/sioni/Work/uzh2025/model_1/hls4ml_prj/myproject_prj/solution1/.autopilot/db/myproject.pp.0.cpp:57501:2: warning: Added loop label VITIS_LOOP_749_1:   [xilinx-label-all-loops]
 for (int ii = 0; ii < CONFIG_T::n_in; ii++) {
 ^~~
 VITIS_LOOP_749_1: 
/home/sioni/Work/uzh2025/model_1/hls4ml_prj/myproject_prj/solution1/.autopilot/db/myproject.pp.0.cpp:57501:2: note: FIX-IT applied suggested code changes
/home/sioni/Work/uzh2025/model_1/hls4ml_prj/myproject_prj/solution1/.autopilot/db/myproject.pp.0.cpp:57531:5: warning: Added loop label VITIS_LOOP_779_1:   [xilinx-label-all-loops]
    for (int ii = 0; ii < CONFIG_T::n_in; ii++) {
    ^~~
    VITIS_LOOP_779_1: 
/home/sioni/Work/uzh2025/model_1/hls4ml_prj/myproject_prj/solution1/.autopilot/db/myproject.pp.0.cpp:57531:5: note: FIX-IT applied suggested code changes
/home/sioni/Work/uzh2025/model_1/hls4ml_prj/myproject_prj/solution1/.autopilot/db/myproject.pp.0.cpp:57560:5: warning: Added loop label VITIS_LOOP_808_1:   [xilinx-label-all-loops]
    for (int ii = 0; ii < CONFIG_T::n_in; ii++) {
    ^~~
    VITIS_LOOP_808_1: 
/home/sioni/Work/uzh2025/model_1/hls4ml_prj/myproject_prj/solution1/.autopilot/db/myproject.pp.0.cpp:57560:5: note: FIX-IT applied suggested code changes
/home/sioni/Work/uzh2025/model_1/hls4ml_prj/myproject_prj/solution1/.autopilot/db/myproject.pp.0.cpp:57580:5: warning: Added loop label VITIS_LOOP_828_1:   [xilinx-label-all-loops]
    for (int ii = 0; ii < CONFIG_T::n_in; ii++) {
    ^~~
    VITIS_LOOP_828_1: 
/home/sioni/Work/uzh2025/model_1/hls4ml_prj/myproject_prj/solution1/.autopilot/db/myproject.pp.0.cpp:57580:5: note: FIX-IT applied suggested code changes
/home/sioni/Work/uzh2025/model_1/hls4ml_prj/myproject_prj/solution1/.autopilot/db/myproject.pp.0.cpp:57825:9: warning: Added loop label VITIS_LOOP_229_1:   [xilinx-label-all-loops]
        for (int i = 0; i < N / data_T::size; i++) {
        ^~~
        VITIS_LOOP_229_1: 
/home/sioni/Work/uzh2025/model_1/hls4ml_prj/myproject_prj/solution1/.autopilot/db/myproject.pp.0.cpp:57825:9: note: FIX-IT applied suggested code changes
/home/sioni/Work/uzh2025/model_1/hls4ml_prj/myproject_prj/solution1/.autopilot/db/myproject.pp.0.cpp:57832:13: warning: Added loop label VITIS_LOOP_236_2:   [xilinx-label-all-loops]
            for (int j = 0; j < data_T::size; j++) {
            ^~~
            VITIS_LOOP_236_2: 
/home/sioni/Work/uzh2025/model_1/hls4ml_prj/myproject_prj/solution1/.autopilot/db/myproject.pp.0.cpp:57832:13: note: FIX-IT applied suggested code changes
/home/sioni/Work/uzh2025/model_1/hls4ml_prj/myproject_prj/solution1/.autopilot/db/myproject.pp.0.cpp:57841:9: warning: Added loop label VITIS_LOOP_245_3:   [xilinx-label-all-loops]
        for (int i = 0; i < N / data_T::size; i++) {
        ^~~
        VITIS_LOOP_245_3: 
/home/sioni/Work/uzh2025/model_1/hls4ml_prj/myproject_prj/solution1/.autopilot/db/myproject.pp.0.cpp:57841:9: note: FIX-IT applied suggested code changes
/home/sioni/Work/uzh2025/model_1/hls4ml_prj/myproject_prj/solution1/.autopilot/db/myproject.pp.0.cpp:57850:13: warning: Added loop label VITIS_LOOP_254_4:   [xilinx-label-all-loops]
            for (int j = 0; j < pack_diff; j++) {
            ^~~
            VITIS_LOOP_254_4: 
/home/sioni/Work/uzh2025/model_1/hls4ml_prj/myproject_prj/solution1/.autopilot/db/myproject.pp.0.cpp:57850:13: note: FIX-IT applied suggested code changes
/home/sioni/Work/uzh2025/model_1/hls4ml_prj/myproject_prj/solution1/.autopilot/db/myproject.pp.0.cpp:57854:17: warning: Added loop label VITIS_LOOP_258_5:   [xilinx-label-all-loops]
                for (int k = 0; k < res_T::size; k++) {
                ^~~
                VITIS_LOOP_258_5: 
/home/sioni/Work/uzh2025/model_1/hls4ml_prj/myproject_prj/solution1/.autopilot/db/myproject.pp.0.cpp:57854:17: note: FIX-IT applied suggested code changes
/home/sioni/Work/uzh2025/model_1/hls4ml_prj/myproject_prj/solution1/.autopilot/db/myproject.pp.0.cpp:57865:9: warning: Added loop label VITIS_LOOP_269_6:   [xilinx-label-all-loops]
        for (int i = 0; i < N / data_T::size; i++) {
        ^~~
        VITIS_LOOP_269_6: 
/home/sioni/Work/uzh2025/model_1/hls4ml_prj/myproject_prj/solution1/.autopilot/db/myproject.pp.0.cpp:57865:9: note: FIX-IT applied suggested code changes
/home/sioni/Work/uzh2025/model_1/hls4ml_prj/myproject_prj/solution1/.autopilot/db/myproject.pp.0.cpp:57869:13: warning: Added loop label VITIS_LOOP_273_7:   [xilinx-label-all-loops]
            for (int j = 0; j < data_T::size; j++) {
            ^~~
            VITIS_LOOP_273_7: 
/home/sioni/Work/uzh2025/model_1/hls4ml_prj/myproject_prj/solution1/.autopilot/db/myproject.pp.0.cpp:57869:13: note: FIX-IT applied suggested code changes
/home/sioni/Work/uzh2025/model_1/hls4ml_prj/myproject_prj/solution1/.autopilot/db/myproject.pp.0.cpp:57893:9: warning: Added loop label VITIS_LOOP_297_1:   [xilinx-label-all-loops]
        for (int j = 0; j < n_dupl; j++) {
        ^~~
        VITIS_LOOP_297_1: 
/home/sioni/Work/uzh2025/model_1/hls4ml_prj/myproject_prj/solution1/.autopilot/db/myproject.pp.0.cpp:57893:9: note: FIX-IT applied suggested code changes
/home/sioni/Work/uzh2025/model_1/hls4ml_prj/myproject_prj/solution1/.autopilot/db/myproject.pp.0.cpp:57897:13: warning: Added loop label VITIS_LOOP_301_2:   [xilinx-label-all-loops]
            for (int k = 0; k < res_T::size; k++) {
            ^~~
            VITIS_LOOP_301_2: 
/home/sioni/Work/uzh2025/model_1/hls4ml_prj/myproject_prj/solution1/.autopilot/db/myproject.pp.0.cpp:57897:13: note: FIX-IT applied suggested code changes
/home/sioni/Work/uzh2025/model_1/hls4ml_prj/myproject_prj/solution1/.autopilot/db/myproject.pp.0.cpp:57916:9: warning: Added loop label VITIS_LOOP_320_1:   [xilinx-label-all-loops]
        for (int k = 0; k < res_T::size; k++) {
        ^~~
        VITIS_LOOP_320_1: 
/home/sioni/Work/uzh2025/model_1/hls4ml_prj/myproject_prj/solution1/.autopilot/db/myproject.pp.0.cpp:57916:9: note: FIX-IT applied suggested code changes
/home/sioni/Work/uzh2025/model_1/hls4ml_prj/myproject_prj/solution1/.autopilot/db/myproject.pp.0.cpp:58140:9: warning: Added loop label VITIS_LOOP_211_1:   [xilinx-label-all-loops]
        for (unsigned j = 0; j < data_T::size; j++) {
        ^~~
        VITIS_LOOP_211_1: 
/home/sioni/Work/uzh2025/model_1/hls4ml_prj/myproject_prj/solution1/.autopilot/db/myproject.pp.0.cpp:58140:9: note: FIX-IT applied suggested code changes
/home/sioni/Work/uzh2025/model_1/hls4ml_prj/myproject_prj/solution1/.autopilot/db/myproject.pp.0.cpp:58149:9: warning: Added loop label VITIS_LOOP_220_2:   [xilinx-label-all-loops]
        for (unsigned j = 0; j < data_T::size; j++) {
        ^~~
        VITIS_LOOP_220_2: 
/home/sioni/Work/uzh2025/model_1/hls4ml_prj/myproject_prj/solution1/.autopilot/db/myproject.pp.0.cpp:58149:9: note: FIX-IT applied suggested code changes
/home/sioni/Work/uzh2025/model_1/hls4ml_prj/myproject_prj/solution1/.autopilot/db/myproject.pp.0.cpp:58254:5: warning: Added loop label VITIS_LOOP_325_1:   [xilinx-label-all-loops]
    for (int i = 0; i < CONFIG_T::n_in / res_T::size; i++) {
    ^~~
    VITIS_LOOP_325_1: 
/home/sioni/Work/uzh2025/model_1/hls4ml_prj/myproject_prj/solution1/.autopilot/db/myproject.pp.0.cpp:58254:5: note: FIX-IT applied suggested code changes
/home/sioni/Work/uzh2025/model_1/hls4ml_prj/myproject_prj/solution1/.autopilot/db/myproject.pp.0.cpp:58259:9: warning: Added loop label VITIS_LOOP_330_2:   [xilinx-label-all-loops]
        for (int i = 0; i < res_T::size; i++) {
        ^~~
        VITIS_LOOP_330_2: 
/home/sioni/Work/uzh2025/model_1/hls4ml_prj/myproject_prj/solution1/.autopilot/db/myproject.pp.0.cpp:58259:9: note: FIX-IT applied suggested code changes
/home/sioni/Work/uzh2025/model_1/hls4ml_prj/myproject_prj/solution1/.autopilot/db/myproject.pp.0.cpp:58267:9: warning: Added loop label VITIS_LOOP_338_3:   [xilinx-label-all-loops]
        for (int i = 1; i < res_T::size; i++) {
        ^~~
        VITIS_LOOP_338_3: 
/home/sioni/Work/uzh2025/model_1/hls4ml_prj/myproject_prj/solution1/.autopilot/db/myproject.pp.0.cpp:58267:9: note: FIX-IT applied suggested code changes
/home/sioni/Work/uzh2025/model_1/hls4ml_prj/myproject_prj/solution1/.autopilot/db/myproject.pp.0.cpp:58849:9: error: Resource with core_name: ROM_nP_BRAM pragma is ignored, because this core doesn't exist at all  [clang-diagnostic-error]
#pragma HLS RESOURCE variable=weights core=ROM_nP_BRAM
        ^
/home/sioni/Work/uzh2025/model_1/hls4ml_prj/myproject_prj/solution1/.autopilot/db/myproject.pp.0.cpp:58923:9: error: Resource with core_name: ROM_nP_BRAM pragma is ignored, because this core doesn't exist at all  [clang-diagnostic-error]
#pragma HLS RESOURCE variable=weights core=ROM_nP_BRAM
        ^
/home/sioni/Work/uzh2025/model_1/hls4ml_prj/myproject_prj/solution1/.autopilot/db/myproject.pp.0.cpp:59005:9: error: Resource with core_name: ROM_nP_BRAM pragma is ignored, because this core doesn't exist at all  [clang-diagnostic-error]
#pragma HLS RESOURCE variable=weights core=ROM_nP_BRAM
        ^
/home/sioni/Work/uzh2025/model_1/hls4ml_prj/myproject_prj/solution1/.autopilot/db/myproject.pp.0.cpp:59178:5: warning: Added loop label VITIS_LOOP_14_1:   [xilinx-label-all-loops]
    for (unsigned k = 0; k < CONFIG_T::n_out; k++) {
    ^~~
    VITIS_LOOP_14_1: 
/home/sioni/Work/uzh2025/model_1/hls4ml_prj/myproject_prj/solution1/.autopilot/db/myproject.pp.0.cpp:59178:5: note: FIX-IT applied suggested code changes
/home/sioni/Work/uzh2025/model_1/hls4ml_prj/myproject_prj/solution1/.autopilot/db/myproject.pp.0.cpp:59238:9: warning: Added loop label VITIS_LOOP_74_1:   [xilinx-label-all-loops]
        for (int im = 0; im < CONFIG_T::n_out; im++) {
        ^~~
        VITIS_LOOP_74_1: 
/home/sioni/Work/uzh2025/model_1/hls4ml_prj/myproject_prj/solution1/.autopilot/db/myproject.pp.0.cpp:59238:9: note: FIX-IT applied suggested code changes
