

================================================================
== Vitis HLS Report for 'softmax_stable_ap_fixed_ap_fixed_16_6_5_3_0_softmax_config13_s'
================================================================
* Date:           Mon Nov 10 16:36:46 2025

* Version:        2024.1 (Build 5069499 on May 21 2024)
* Project:        myproject_prj
* Solution:       solution1 (Vivado IP Flow Target)
* Product family: virtexuplus
* Target device:  xcu250-figd2104-2L-e


================================================================
== Performance Estimates
================================================================
+ Timing: 
    * Summary: 
    +--------+---------+----------+------------+
    |  Clock |  Target | Estimated| Uncertainty|
    +--------+---------+----------+------------+
    |ap_clk  |  5.00 ns|  3.233 ns|     1.35 ns|
    +--------+---------+----------+------------+

+ Latency: 
    * Summary: 
    +---------+---------+-----------+-----------+-----+-----+---------+
    |  Latency (cycles) |   Latency (absolute)  |  Interval | Pipeline|
    |   min   |   max   |    min    |    max    | min | max |   Type  |
    +---------+---------+-----------+-----------+-----+-----+---------+
    |        4|        4|  20.000 ns|  20.000 ns|    1|    1|      yes|
    +---------+---------+-----------+-----------+-----+-----+---------+

    + Detail: 
        * Instance: 
        N/A

        * Loop: 
        N/A

============================================================
+ Verbose Summary: Synthesis Manager
============================================================
InlineROM: 1
ExposeGlobal: 0
============================================================
+ Verbose Summary: CDFG Model
============================================================
IsTopModel: 0
ResetActiveHigh: 1
IsCombinational: 0
IsDatapathOnly: 0
HasWiredReturn: 1
HasMFsm: 2
HasVarLatency: 0
IsPipeline: 1
IsRtlPipelined: 1
IsInstanceOverlapped: 0
IsDontTouch: 0
HasImplIP: 0
IsGatedGlobalClock: 0

+ Individual pipeline summary: 
  * Pipeline-0: initiation interval (II) = 1, depth = 5


============================================================
+ Verbose Summary: Schedule
============================================================
* Number of FSM states : 5
* Pipeline : 1
  Pipeline-0 : II = 1, D = 5, States = { 1 2 3 4 5 }
* Dataflow Pipeline: 0

* FSM state transitions: 
1 --> 2 
2 --> 3 
3 --> 4 
4 --> 5 
5 --> 

* FSM state operations: 

State 1 <SV = 0> <Delay = 3.13>
ST_1 : Operation 6 [1/1] (0.00ns)   --->   "%data_4_val_read = read i16 @_ssdm_op_Read.ap_auto.i16, i16 %data_4_val" [firmware/nnet_utils/nnet_common.h:66->firmware/nnet_utils/nnet_common.h:44->firmware/nnet_utils/nnet_common.h:46->firmware/nnet_utils/nnet_common.h:46->firmware/nnet_utils/nnet_activation.h:243]   --->   Operation 6 'read' 'data_4_val_read' <Predicate = true> <Delay = 0.00>
ST_1 : Operation 7 [1/1] (0.00ns)   --->   "%data_3_val_read = read i16 @_ssdm_op_Read.ap_auto.i16, i16 %data_3_val" [firmware/nnet_utils/nnet_common.h:66->firmware/nnet_utils/nnet_common.h:44->firmware/nnet_utils/nnet_common.h:46->firmware/nnet_utils/nnet_common.h:46->firmware/nnet_utils/nnet_activation.h:243]   --->   Operation 7 'read' 'data_3_val_read' <Predicate = true> <Delay = 0.00>
ST_1 : Operation 8 [1/1] (0.00ns)   --->   "%data_2_val_read = read i16 @_ssdm_op_Read.ap_auto.i16, i16 %data_2_val" [firmware/nnet_utils/nnet_common.h:66->firmware/nnet_utils/nnet_common.h:44->firmware/nnet_utils/nnet_common.h:46->firmware/nnet_utils/nnet_common.h:46->firmware/nnet_utils/nnet_activation.h:243]   --->   Operation 8 'read' 'data_2_val_read' <Predicate = true> <Delay = 0.00>
ST_1 : Operation 9 [1/1] (0.00ns)   --->   "%data_1_val_read = read i16 @_ssdm_op_Read.ap_auto.i16, i16 %data_1_val" [firmware/nnet_utils/nnet_common.h:66->firmware/nnet_utils/nnet_common.h:44->firmware/nnet_utils/nnet_common.h:46->firmware/nnet_utils/nnet_common.h:46->firmware/nnet_utils/nnet_activation.h:243]   --->   Operation 9 'read' 'data_1_val_read' <Predicate = true> <Delay = 0.00>
ST_1 : Operation 10 [1/1] (0.00ns)   --->   "%data_0_val_read = read i16 @_ssdm_op_Read.ap_auto.i16, i16 %data_0_val" [firmware/nnet_utils/nnet_common.h:66->firmware/nnet_utils/nnet_common.h:44->firmware/nnet_utils/nnet_common.h:46->firmware/nnet_utils/nnet_common.h:46->firmware/nnet_utils/nnet_activation.h:243]   --->   Operation 10 'read' 'data_0_val_read' <Predicate = true> <Delay = 0.00>
ST_1 : Operation 11 [1/1] (0.78ns)   --->   "%icmp_ln66 = icmp_slt  i16 %data_0_val_read, i16 %data_1_val_read" [firmware/nnet_utils/nnet_common.h:66->firmware/nnet_utils/nnet_common.h:44->firmware/nnet_utils/nnet_common.h:46->firmware/nnet_utils/nnet_common.h:46->firmware/nnet_utils/nnet_activation.h:243]   --->   Operation 11 'icmp' 'icmp_ln66' <Predicate = true> <Delay = 0.78> <CoreInst = "Cmp">   --->   Core 9 'Cmp' <Latency = 0> <II = 1> <Delay = 0.78> <FuncUnit> <Opcode : 'seteq' 'setne' 'setle' 'setge' 'setlt' 'setgt'> <InPorts = 2> <OutPorts = 1>
ST_1 : Operation 12 [1/1] (0.00ns) (grouped into LUT with out node select_ln66)   --->   "%xor_ln66 = xor i1 %icmp_ln66, i1 1" [firmware/nnet_utils/nnet_common.h:66->firmware/nnet_utils/nnet_common.h:44->firmware/nnet_utils/nnet_common.h:46->firmware/nnet_utils/nnet_common.h:46->firmware/nnet_utils/nnet_activation.h:243]   --->   Operation 12 'xor' 'xor_ln66' <Predicate = true> <Delay = 0.00> <CoreInst = "LogicGate">   --->   Core 74 'LogicGate' <Latency = 0> <II = 1> <Delay = 0.12> <FuncUnit> <Opcode : 'and' 'or' 'xor'> <InPorts = 2> <OutPorts = 1>
ST_1 : Operation 13 [1/1] (0.24ns) (out node of the LUT)   --->   "%select_ln66 = select i1 %xor_ln66, i16 %data_0_val_read, i16 %data_1_val_read" [firmware/nnet_utils/nnet_common.h:66->firmware/nnet_utils/nnet_common.h:44->firmware/nnet_utils/nnet_common.h:46->firmware/nnet_utils/nnet_common.h:46->firmware/nnet_utils/nnet_activation.h:243]   --->   Operation 13 'select' 'select_ln66' <Predicate = true> <Delay = 0.24> <CoreInst = "Sel">   --->   Core 73 'Sel' <Latency = 0> <II = 1> <Delay = 0.24> <FuncUnit> <Opcode : 'select'> <InPorts = 3> <OutPorts = 1>
ST_1 : Operation 14 [1/1] (0.78ns)   --->   "%icmp_ln66_1 = icmp_slt  i16 %data_2_val_read, i16 %data_3_val_read" [firmware/nnet_utils/nnet_common.h:66->firmware/nnet_utils/nnet_common.h:44->firmware/nnet_utils/nnet_common.h:46->firmware/nnet_utils/nnet_common.h:46->firmware/nnet_utils/nnet_activation.h:243]   --->   Operation 14 'icmp' 'icmp_ln66_1' <Predicate = true> <Delay = 0.78> <CoreInst = "Cmp">   --->   Core 9 'Cmp' <Latency = 0> <II = 1> <Delay = 0.78> <FuncUnit> <Opcode : 'seteq' 'setne' 'setle' 'setge' 'setlt' 'setgt'> <InPorts = 2> <OutPorts = 1>
ST_1 : Operation 15 [1/1] (0.00ns) (grouped into LUT with out node select_ln66_1)   --->   "%xor_ln66_1 = xor i1 %icmp_ln66_1, i1 1" [firmware/nnet_utils/nnet_common.h:66->firmware/nnet_utils/nnet_common.h:44->firmware/nnet_utils/nnet_common.h:46->firmware/nnet_utils/nnet_common.h:46->firmware/nnet_utils/nnet_activation.h:243]   --->   Operation 15 'xor' 'xor_ln66_1' <Predicate = true> <Delay = 0.00> <CoreInst = "LogicGate">   --->   Core 74 'LogicGate' <Latency = 0> <II = 1> <Delay = 0.12> <FuncUnit> <Opcode : 'and' 'or' 'xor'> <InPorts = 2> <OutPorts = 1>
ST_1 : Operation 16 [1/1] (0.24ns) (out node of the LUT)   --->   "%select_ln66_1 = select i1 %xor_ln66_1, i16 %data_2_val_read, i16 %data_3_val_read" [firmware/nnet_utils/nnet_common.h:66->firmware/nnet_utils/nnet_common.h:44->firmware/nnet_utils/nnet_common.h:46->firmware/nnet_utils/nnet_common.h:46->firmware/nnet_utils/nnet_activation.h:243]   --->   Operation 16 'select' 'select_ln66_1' <Predicate = true> <Delay = 0.24> <CoreInst = "Sel">   --->   Core 73 'Sel' <Latency = 0> <II = 1> <Delay = 0.24> <FuncUnit> <Opcode : 'select'> <InPorts = 3> <OutPorts = 1>
ST_1 : Operation 17 [1/1] (0.78ns)   --->   "%icmp_ln66_2 = icmp_slt  i16 %select_ln66, i16 %select_ln66_1" [firmware/nnet_utils/nnet_common.h:66->firmware/nnet_utils/nnet_common.h:46->firmware/nnet_utils/nnet_common.h:46->firmware/nnet_utils/nnet_activation.h:243]   --->   Operation 17 'icmp' 'icmp_ln66_2' <Predicate = true> <Delay = 0.78> <CoreInst = "Cmp">   --->   Core 9 'Cmp' <Latency = 0> <II = 1> <Delay = 0.78> <FuncUnit> <Opcode : 'seteq' 'setne' 'setle' 'setge' 'setlt' 'setgt'> <InPorts = 2> <OutPorts = 1>
ST_1 : Operation 18 [1/1] (0.00ns) (grouped into LUT with out node select_ln66_2)   --->   "%xor_ln66_2 = xor i1 %icmp_ln66_2, i1 1" [firmware/nnet_utils/nnet_common.h:66->firmware/nnet_utils/nnet_common.h:46->firmware/nnet_utils/nnet_common.h:46->firmware/nnet_utils/nnet_activation.h:243]   --->   Operation 18 'xor' 'xor_ln66_2' <Predicate = true> <Delay = 0.00> <CoreInst = "LogicGate">   --->   Core 74 'LogicGate' <Latency = 0> <II = 1> <Delay = 0.12> <FuncUnit> <Opcode : 'and' 'or' 'xor'> <InPorts = 2> <OutPorts = 1>
ST_1 : Operation 19 [1/1] (0.24ns) (out node of the LUT)   --->   "%select_ln66_2 = select i1 %xor_ln66_2, i16 %select_ln66, i16 %select_ln66_1" [firmware/nnet_utils/nnet_common.h:66->firmware/nnet_utils/nnet_common.h:46->firmware/nnet_utils/nnet_common.h:46->firmware/nnet_utils/nnet_activation.h:243]   --->   Operation 19 'select' 'select_ln66_2' <Predicate = true> <Delay = 0.24> <CoreInst = "Sel">   --->   Core 73 'Sel' <Latency = 0> <II = 1> <Delay = 0.24> <FuncUnit> <Opcode : 'select'> <InPorts = 3> <OutPorts = 1>
ST_1 : Operation 20 [1/1] (0.78ns)   --->   "%icmp_ln66_3 = icmp_slt  i16 %select_ln66_2, i16 %data_4_val_read" [firmware/nnet_utils/nnet_common.h:66->firmware/nnet_utils/nnet_common.h:46->firmware/nnet_utils/nnet_activation.h:243]   --->   Operation 20 'icmp' 'icmp_ln66_3' <Predicate = true> <Delay = 0.78> <CoreInst = "Cmp">   --->   Core 9 'Cmp' <Latency = 0> <II = 1> <Delay = 0.78> <FuncUnit> <Opcode : 'seteq' 'setne' 'setle' 'setge' 'setlt' 'setgt'> <InPorts = 2> <OutPorts = 1>
ST_1 : Operation 21 [1/1] (0.00ns) (grouped into LUT with out node select_ln66_3)   --->   "%xor_ln66_3 = xor i1 %icmp_ln66_3, i1 1" [firmware/nnet_utils/nnet_common.h:66->firmware/nnet_utils/nnet_common.h:46->firmware/nnet_utils/nnet_activation.h:243]   --->   Operation 21 'xor' 'xor_ln66_3' <Predicate = true> <Delay = 0.00> <CoreInst = "LogicGate">   --->   Core 74 'LogicGate' <Latency = 0> <II = 1> <Delay = 0.12> <FuncUnit> <Opcode : 'and' 'or' 'xor'> <InPorts = 2> <OutPorts = 1>
ST_1 : Operation 22 [1/1] (0.00ns) (grouped into LUT with out node select_ln66_3)   --->   "%trunc_ln66 = trunc i16 %select_ln66_2" [firmware/nnet_utils/nnet_common.h:66->firmware/nnet_utils/nnet_common.h:46->firmware/nnet_utils/nnet_activation.h:243]   --->   Operation 22 'trunc' 'trunc_ln66' <Predicate = true> <Delay = 0.00>
ST_1 : Operation 23 [1/1] (0.00ns)   --->   "%trunc_ln66_1 = trunc i16 %data_4_val_read" [firmware/nnet_utils/nnet_common.h:66->firmware/nnet_utils/nnet_common.h:46->firmware/nnet_utils/nnet_activation.h:243]   --->   Operation 23 'trunc' 'trunc_ln66_1' <Predicate = true> <Delay = 0.00>
ST_1 : Operation 24 [1/1] (0.29ns) (out node of the LUT)   --->   "%select_ln66_3 = select i1 %xor_ln66_3, i15 %trunc_ln66, i15 %trunc_ln66_1" [firmware/nnet_utils/nnet_common.h:66->firmware/nnet_utils/nnet_common.h:46->firmware/nnet_utils/nnet_activation.h:243]   --->   Operation 24 'select' 'select_ln66_3' <Predicate = true> <Delay = 0.29> <CoreInst = "Sel">   --->   Core 73 'Sel' <Latency = 0> <II = 1> <Delay = 0.29> <FuncUnit> <Opcode : 'select'> <InPorts = 3> <OutPorts = 1>
ST_1 : Operation 25 [1/1] (0.00ns)   --->   "%trunc_ln248 = trunc i16 %data_0_val_read" [firmware/nnet_utils/nnet_activation.h:248]   --->   Operation 25 'trunc' 'trunc_ln248' <Predicate = true> <Delay = 0.00>
ST_1 : Operation 26 [1/1] (0.00ns)   --->   "%trunc_ln248_1 = trunc i16 %data_1_val_read" [firmware/nnet_utils/nnet_activation.h:248]   --->   Operation 26 'trunc' 'trunc_ln248_1' <Predicate = true> <Delay = 0.00>
ST_1 : Operation 27 [1/1] (0.00ns)   --->   "%trunc_ln248_2 = trunc i16 %data_2_val_read" [firmware/nnet_utils/nnet_activation.h:248]   --->   Operation 27 'trunc' 'trunc_ln248_2' <Predicate = true> <Delay = 0.00>
ST_1 : Operation 28 [1/1] (0.00ns)   --->   "%trunc_ln248_3 = trunc i16 %data_3_val_read" [firmware/nnet_utils/nnet_activation.h:248]   --->   Operation 28 'trunc' 'trunc_ln248_3' <Predicate = true> <Delay = 0.00>

State 2 <SV = 1> <Delay = 1.95>
ST_2 : Operation 29 [1/1] (0.77ns)   --->   "%d_xi_xmax = sub i15 %select_ln66_3, i15 %trunc_ln248" [firmware/nnet_utils/nnet_activation.h:248]   --->   Operation 29 'sub' 'd_xi_xmax' <Predicate = true> <Delay = 0.77> <CoreInst = "Adder">   --->   Core 1 'Adder' <Latency = 0> <II = 1> <Delay = 0.77> <FuncUnit> <Opcode : 'add' 'sub'> <InPorts = 2> <OutPorts = 1>
ST_2 : Operation 30 [1/1] (0.77ns)   --->   "%d_xi_xmax_1 = sub i15 %select_ln66_3, i15 %trunc_ln248_1" [firmware/nnet_utils/nnet_activation.h:248]   --->   Operation 30 'sub' 'd_xi_xmax_1' <Predicate = true> <Delay = 0.77> <CoreInst = "Adder">   --->   Core 1 'Adder' <Latency = 0> <II = 1> <Delay = 0.77> <FuncUnit> <Opcode : 'add' 'sub'> <InPorts = 2> <OutPorts = 1>
ST_2 : Operation 31 [1/1] (0.77ns)   --->   "%d_xi_xmax_2 = sub i15 %select_ln66_3, i15 %trunc_ln248_2" [firmware/nnet_utils/nnet_activation.h:248]   --->   Operation 31 'sub' 'd_xi_xmax_2' <Predicate = true> <Delay = 0.77> <CoreInst = "Adder">   --->   Core 1 'Adder' <Latency = 0> <II = 1> <Delay = 0.77> <FuncUnit> <Opcode : 'add' 'sub'> <InPorts = 2> <OutPorts = 1>
ST_2 : Operation 32 [1/1] (0.77ns)   --->   "%d_xi_xmax_3 = sub i15 %select_ln66_3, i15 %trunc_ln248_3" [firmware/nnet_utils/nnet_activation.h:248]   --->   Operation 32 'sub' 'd_xi_xmax_3' <Predicate = true> <Delay = 0.77> <CoreInst = "Adder">   --->   Core 1 'Adder' <Latency = 0> <II = 1> <Delay = 0.77> <FuncUnit> <Opcode : 'add' 'sub'> <InPorts = 2> <OutPorts = 1>
ST_2 : Operation 33 [1/1] (0.77ns)   --->   "%d_xi_xmax_4 = sub i15 %select_ln66_3, i15 %trunc_ln66_1" [firmware/nnet_utils/nnet_activation.h:248]   --->   Operation 33 'sub' 'd_xi_xmax_4' <Predicate = true> <Delay = 0.77> <CoreInst = "Adder">   --->   Core 1 'Adder' <Latency = 0> <II = 1> <Delay = 0.77> <FuncUnit> <Opcode : 'add' 'sub'> <InPorts = 2> <OutPorts = 1>
ST_2 : Operation 34 [1/1] (0.00ns)   --->   "%tmp = partselect i10 @_ssdm_op_PartSelect.i10.i15.i32.i32, i15 %d_xi_xmax, i32 5, i32 14" [firmware/nnet_utils/nnet_activation.h:145->firmware/nnet_utils/nnet_activation.h:257]   --->   Operation 34 'partselect' 'tmp' <Predicate = true> <Delay = 0.00>
ST_2 : Operation 35 [1/1] (0.00ns)   --->   "%zext_ln258 = zext i10 %tmp" [firmware/nnet_utils/nnet_activation.h:258]   --->   Operation 35 'zext' 'zext_ln258' <Predicate = true> <Delay = 0.00>
ST_2 : Operation 36 [1/1] (0.00ns)   --->   "%exp_table_addr = getelementptr i11 %exp_table, i64 0, i64 %zext_ln258" [firmware/nnet_utils/nnet_activation.h:258]   --->   Operation 36 'getelementptr' 'exp_table_addr' <Predicate = true> <Delay = 0.00>
ST_2 : Operation 37 [2/2] (1.17ns)   --->   "%exp_table_load = load i10 %exp_table_addr" [firmware/nnet_utils/nnet_activation.h:258]   --->   Operation 37 'load' 'exp_table_load' <Predicate = true> <Delay = 1.17> <CoreInst = "ROM">   --->   Core 100 'ROM' <Latency = 1> <II = 1> <Delay = 1.17> <Storage> <Opcode : 'load'> <Ports = 0> <Width = 11> <Depth = 1024> <ROM>
ST_2 : Operation 38 [1/1] (0.00ns)   --->   "%tmp_2 = partselect i10 @_ssdm_op_PartSelect.i10.i15.i32.i32, i15 %d_xi_xmax_1, i32 5, i32 14" [firmware/nnet_utils/nnet_activation.h:145->firmware/nnet_utils/nnet_activation.h:257]   --->   Operation 38 'partselect' 'tmp_2' <Predicate = true> <Delay = 0.00>
ST_2 : Operation 39 [1/1] (0.00ns)   --->   "%zext_ln258_1 = zext i10 %tmp_2" [firmware/nnet_utils/nnet_activation.h:258]   --->   Operation 39 'zext' 'zext_ln258_1' <Predicate = true> <Delay = 0.00>
ST_2 : Operation 40 [1/1] (0.00ns)   --->   "%exp_table_addr_1 = getelementptr i11 %exp_table, i64 0, i64 %zext_ln258_1" [firmware/nnet_utils/nnet_activation.h:258]   --->   Operation 40 'getelementptr' 'exp_table_addr_1' <Predicate = true> <Delay = 0.00>
ST_2 : Operation 41 [2/2] (1.17ns)   --->   "%exp_table_load_1 = load i10 %exp_table_addr_1" [firmware/nnet_utils/nnet_activation.h:258]   --->   Operation 41 'load' 'exp_table_load_1' <Predicate = true> <Delay = 1.17> <CoreInst = "ROM">   --->   Core 100 'ROM' <Latency = 1> <II = 1> <Delay = 1.17> <Storage> <Opcode : 'load'> <Ports = 0> <Width = 11> <Depth = 1024> <ROM>
ST_2 : Operation 42 [1/1] (0.00ns)   --->   "%tmp_4 = partselect i10 @_ssdm_op_PartSelect.i10.i15.i32.i32, i15 %d_xi_xmax_2, i32 5, i32 14" [firmware/nnet_utils/nnet_activation.h:145->firmware/nnet_utils/nnet_activation.h:257]   --->   Operation 42 'partselect' 'tmp_4' <Predicate = true> <Delay = 0.00>
ST_2 : Operation 43 [1/1] (0.00ns)   --->   "%zext_ln258_2 = zext i10 %tmp_4" [firmware/nnet_utils/nnet_activation.h:258]   --->   Operation 43 'zext' 'zext_ln258_2' <Predicate = true> <Delay = 0.00>
ST_2 : Operation 44 [1/1] (0.00ns)   --->   "%exp_table_addr_2 = getelementptr i11 %exp_table, i64 0, i64 %zext_ln258_2" [firmware/nnet_utils/nnet_activation.h:258]   --->   Operation 44 'getelementptr' 'exp_table_addr_2' <Predicate = true> <Delay = 0.00>
ST_2 : Operation 45 [2/2] (1.17ns)   --->   "%exp_table_load_2 = load i10 %exp_table_addr_2" [firmware/nnet_utils/nnet_activation.h:258]   --->   Operation 45 'load' 'exp_table_load_2' <Predicate = true> <Delay = 1.17> <CoreInst = "ROM">   --->   Core 100 'ROM' <Latency = 1> <II = 1> <Delay = 1.17> <Storage> <Opcode : 'load'> <Ports = 0> <Width = 11> <Depth = 1024> <ROM>
ST_2 : Operation 46 [1/1] (0.00ns)   --->   "%tmp_6 = partselect i10 @_ssdm_op_PartSelect.i10.i15.i32.i32, i15 %d_xi_xmax_3, i32 5, i32 14" [firmware/nnet_utils/nnet_activation.h:145->firmware/nnet_utils/nnet_activation.h:257]   --->   Operation 46 'partselect' 'tmp_6' <Predicate = true> <Delay = 0.00>
ST_2 : Operation 47 [1/1] (0.00ns)   --->   "%zext_ln258_3 = zext i10 %tmp_6" [firmware/nnet_utils/nnet_activation.h:258]   --->   Operation 47 'zext' 'zext_ln258_3' <Predicate = true> <Delay = 0.00>
ST_2 : Operation 48 [1/1] (0.00ns)   --->   "%exp_table_addr_3 = getelementptr i11 %exp_table, i64 0, i64 %zext_ln258_3" [firmware/nnet_utils/nnet_activation.h:258]   --->   Operation 48 'getelementptr' 'exp_table_addr_3' <Predicate = true> <Delay = 0.00>
ST_2 : Operation 49 [2/2] (1.17ns)   --->   "%exp_table_load_3 = load i10 %exp_table_addr_3" [firmware/nnet_utils/nnet_activation.h:258]   --->   Operation 49 'load' 'exp_table_load_3' <Predicate = true> <Delay = 1.17> <CoreInst = "ROM">   --->   Core 100 'ROM' <Latency = 1> <II = 1> <Delay = 1.17> <Storage> <Opcode : 'load'> <Ports = 0> <Width = 11> <Depth = 1024> <ROM>
ST_2 : Operation 50 [1/1] (0.00ns)   --->   "%tmp_8 = partselect i10 @_ssdm_op_PartSelect.i10.i15.i32.i32, i15 %d_xi_xmax_4, i32 5, i32 14" [firmware/nnet_utils/nnet_activation.h:145->firmware/nnet_utils/nnet_activation.h:257]   --->   Operation 50 'partselect' 'tmp_8' <Predicate = true> <Delay = 0.00>
ST_2 : Operation 51 [1/1] (0.00ns)   --->   "%zext_ln258_4 = zext i10 %tmp_8" [firmware/nnet_utils/nnet_activation.h:258]   --->   Operation 51 'zext' 'zext_ln258_4' <Predicate = true> <Delay = 0.00>
ST_2 : Operation 52 [1/1] (0.00ns)   --->   "%exp_table_addr_4 = getelementptr i11 %exp_table, i64 0, i64 %zext_ln258_4" [firmware/nnet_utils/nnet_activation.h:258]   --->   Operation 52 'getelementptr' 'exp_table_addr_4' <Predicate = true> <Delay = 0.00>
ST_2 : Operation 53 [2/2] (1.17ns)   --->   "%exp_table_load_4 = load i10 %exp_table_addr_4" [firmware/nnet_utils/nnet_activation.h:258]   --->   Operation 53 'load' 'exp_table_load_4' <Predicate = true> <Delay = 1.17> <CoreInst = "ROM">   --->   Core 100 'ROM' <Latency = 1> <II = 1> <Delay = 1.17> <Storage> <Opcode : 'load'> <Ports = 0> <Width = 11> <Depth = 1024> <ROM>

State 3 <SV = 2> <Delay = 1.17>
ST_3 : Operation 54 [1/2] (1.17ns)   --->   "%exp_table_load = load i10 %exp_table_addr" [firmware/nnet_utils/nnet_activation.h:258]   --->   Operation 54 'load' 'exp_table_load' <Predicate = true> <Delay = 1.17> <CoreInst = "ROM">   --->   Core 100 'ROM' <Latency = 1> <II = 1> <Delay = 1.17> <Storage> <Opcode : 'load'> <Ports = 0> <Width = 11> <Depth = 1024> <ROM>
ST_3 : Operation 55 [1/2] (1.17ns)   --->   "%exp_table_load_1 = load i10 %exp_table_addr_1" [firmware/nnet_utils/nnet_activation.h:258]   --->   Operation 55 'load' 'exp_table_load_1' <Predicate = true> <Delay = 1.17> <CoreInst = "ROM">   --->   Core 100 'ROM' <Latency = 1> <II = 1> <Delay = 1.17> <Storage> <Opcode : 'load'> <Ports = 0> <Width = 11> <Depth = 1024> <ROM>
ST_3 : Operation 56 [1/2] (1.17ns)   --->   "%exp_table_load_2 = load i10 %exp_table_addr_2" [firmware/nnet_utils/nnet_activation.h:258]   --->   Operation 56 'load' 'exp_table_load_2' <Predicate = true> <Delay = 1.17> <CoreInst = "ROM">   --->   Core 100 'ROM' <Latency = 1> <II = 1> <Delay = 1.17> <Storage> <Opcode : 'load'> <Ports = 0> <Width = 11> <Depth = 1024> <ROM>
ST_3 : Operation 57 [1/2] (1.17ns)   --->   "%exp_table_load_3 = load i10 %exp_table_addr_3" [firmware/nnet_utils/nnet_activation.h:258]   --->   Operation 57 'load' 'exp_table_load_3' <Predicate = true> <Delay = 1.17> <CoreInst = "ROM">   --->   Core 100 'ROM' <Latency = 1> <II = 1> <Delay = 1.17> <Storage> <Opcode : 'load'> <Ports = 0> <Width = 11> <Depth = 1024> <ROM>
ST_3 : Operation 58 [1/2] (1.17ns)   --->   "%exp_table_load_4 = load i10 %exp_table_addr_4" [firmware/nnet_utils/nnet_activation.h:258]   --->   Operation 58 'load' 'exp_table_load_4' <Predicate = true> <Delay = 1.17> <CoreInst = "ROM">   --->   Core 100 'ROM' <Latency = 1> <II = 1> <Delay = 1.17> <Storage> <Opcode : 'load'> <Ports = 0> <Width = 11> <Depth = 1024> <ROM>

State 4 <SV = 3> <Delay = 2.70>
ST_4 : Operation 59 [1/1] (0.00ns)   --->   "%zext_ln145 = zext i11 %exp_table_load" [firmware/nnet_utils/nnet_activation.h:145->firmware/nnet_utils/nnet_activation.h:257]   --->   Operation 59 'zext' 'zext_ln145' <Predicate = true> <Delay = 0.00>
ST_4 : Operation 60 [1/1] (0.00ns)   --->   "%zext_ln145_1 = zext i11 %exp_table_load_1" [firmware/nnet_utils/nnet_activation.h:145->firmware/nnet_utils/nnet_activation.h:257]   --->   Operation 60 'zext' 'zext_ln145_1' <Predicate = true> <Delay = 0.00>
ST_4 : Operation 61 [1/1] (0.00ns)   --->   "%zext_ln145_2 = zext i11 %exp_table_load_2" [firmware/nnet_utils/nnet_activation.h:145->firmware/nnet_utils/nnet_activation.h:257]   --->   Operation 61 'zext' 'zext_ln145_2' <Predicate = true> <Delay = 0.00>
ST_4 : Operation 62 [1/1] (0.00ns)   --->   "%zext_ln145_3 = zext i11 %exp_table_load_3" [firmware/nnet_utils/nnet_activation.h:145->firmware/nnet_utils/nnet_activation.h:257]   --->   Operation 62 'zext' 'zext_ln145_3' <Predicate = true> <Delay = 0.00>
ST_4 : Operation 63 [1/1] (0.00ns)   --->   "%zext_ln51 = zext i11 %exp_table_load_4" [firmware/nnet_utils/nnet_common.h:51->firmware/nnet_utils/nnet_common.h:46->firmware/nnet_utils/nnet_activation.h:264]   --->   Operation 63 'zext' 'zext_ln51' <Predicate = true> <Delay = 0.00>
ST_4 : Operation 64 [1/1] (0.73ns)   --->   "%add_ln51 = add i12 %zext_ln145_1, i12 %zext_ln145" [firmware/nnet_utils/nnet_common.h:51->firmware/nnet_utils/nnet_common.h:46->firmware/nnet_utils/nnet_activation.h:264]   --->   Operation 64 'add' 'add_ln51' <Predicate = true> <Delay = 0.73> <CoreInst = "Adder">   --->   Core 1 'Adder' <Latency = 0> <II = 1> <Delay = 0.73> <FuncUnit> <Opcode : 'add' 'sub'> <InPorts = 2> <OutPorts = 1>
ST_4 : Operation 65 [1/1] (0.00ns)   --->   "%zext_ln51_1 = zext i12 %add_ln51" [firmware/nnet_utils/nnet_common.h:51->firmware/nnet_utils/nnet_common.h:46->firmware/nnet_utils/nnet_activation.h:264]   --->   Operation 65 'zext' 'zext_ln51_1' <Predicate = true> <Delay = 0.00>
ST_4 : Operation 66 [1/1] (0.00ns) (grouped into TernaryAdder)   --->   "%add_ln51_1 = add i12 %zext_ln145_3, i12 %zext_ln51" [firmware/nnet_utils/nnet_common.h:51->firmware/nnet_utils/nnet_common.h:46->firmware/nnet_utils/nnet_activation.h:264]   --->   Operation 66 'add' 'add_ln51_1' <Predicate = true> <Delay = 0.00> <CoreInst = "TAddSub">   --->   Core 10 'TAddSub' <Latency = 0> <II = 1> <Delay = 0.37> <IPBlock> <Opcode : '' 'add' 'sub'> <InPorts = 3> <OutPorts = 1> <Sync> <CReg>
ST_4 : Operation 67 [1/1] (0.75ns) (root node of TernaryAdder)   --->   "%add_ln51_2 = add i12 %add_ln51_1, i12 %zext_ln145_2" [firmware/nnet_utils/nnet_common.h:51->firmware/nnet_utils/nnet_common.h:46->firmware/nnet_utils/nnet_activation.h:264]   --->   Operation 67 'add' 'add_ln51_2' <Predicate = true> <Delay = 0.75> <CoreInst = "TAddSub">   --->   Core 10 'TAddSub' <Latency = 0> <II = 1> <Delay = 0.37> <IPBlock> <Opcode : '' 'add' 'sub'> <InPorts = 3> <OutPorts = 1> <Sync> <CReg>
ST_4 : Operation 68 [1/1] (0.00ns)   --->   "%zext_ln51_2 = zext i12 %add_ln51_2" [firmware/nnet_utils/nnet_common.h:51->firmware/nnet_utils/nnet_common.h:46->firmware/nnet_utils/nnet_activation.h:264]   --->   Operation 68 'zext' 'zext_ln51_2' <Predicate = true> <Delay = 0.00>
ST_4 : Operation 69 [1/1] (0.74ns)   --->   "%add_ln51_3 = add i13 %zext_ln51_2, i13 %zext_ln51_1" [firmware/nnet_utils/nnet_common.h:51->firmware/nnet_utils/nnet_common.h:46->firmware/nnet_utils/nnet_activation.h:264]   --->   Operation 69 'add' 'add_ln51_3' <Predicate = true> <Delay = 0.74> <CoreInst = "Adder">   --->   Core 1 'Adder' <Latency = 0> <II = 1> <Delay = 0.74> <FuncUnit> <Opcode : 'add' 'sub'> <InPorts = 2> <OutPorts = 1>
ST_4 : Operation 70 [1/1] (0.00ns)   --->   "%tmp_1 = partselect i5 @_ssdm_op_PartSelect.i5.i13.i32.i32, i13 %add_ln51_3, i32 8, i32 12" [firmware/nnet_utils/nnet_activation.h:145->firmware/nnet_utils/nnet_activation.h:267]   --->   Operation 70 'partselect' 'tmp_1' <Predicate = true> <Delay = 0.00>
ST_4 : Operation 71 [1/1] (0.00ns)   --->   "%zext_ln267 = zext i5 %tmp_1" [firmware/nnet_utils/nnet_activation.h:267]   --->   Operation 71 'zext' 'zext_ln267' <Predicate = true> <Delay = 0.00>
ST_4 : Operation 72 [1/1] (0.00ns)   --->   "%invert_table_addr = getelementptr i18 %invert_table, i64 0, i64 %zext_ln267" [firmware/nnet_utils/nnet_activation.h:267]   --->   Operation 72 'getelementptr' 'invert_table_addr' <Predicate = true> <Delay = 0.00>
ST_4 : Operation 73 [2/2] (1.20ns)   --->   "%inv_exp_sum = load i10 %invert_table_addr" [firmware/nnet_utils/nnet_activation.h:267]   --->   Operation 73 'load' 'inv_exp_sum' <Predicate = true> <Delay = 1.20> <CoreInst = "ROM">   --->   Core 100 'ROM' <Latency = 1> <II = 1> <Delay = 1.20> <Storage> <Opcode : 'load'> <Ports = 0> <Width = 18> <Depth = 1024> <ROM>

State 5 <SV = 4> <Delay = 3.23>
ST_5 : Operation 74 [1/1] (0.00ns)   --->   "%specpipeline_ln37 = specpipeline void @_ssdm_op_SpecPipeline, i32 4294967295, i32 0, i32 0, i32 0, void @empty_0" [firmware/nnet_utils/nnet_common.h:37->firmware/nnet_utils/nnet_activation.h:243]   --->   Operation 74 'specpipeline' 'specpipeline_ln37' <Predicate = true> <Delay = 0.00>
ST_5 : Operation 75 [1/2] (1.20ns)   --->   "%inv_exp_sum = load i10 %invert_table_addr" [firmware/nnet_utils/nnet_activation.h:267]   --->   Operation 75 'load' 'inv_exp_sum' <Predicate = true> <Delay = 1.20> <CoreInst = "ROM">   --->   Core 100 'ROM' <Latency = 1> <II = 1> <Delay = 1.20> <Storage> <Opcode : 'load'> <Ports = 0> <Width = 18> <Depth = 1024> <ROM>
ST_5 : Operation 76 [1/1] (0.00ns)   --->   "%sext_ln270 = sext i18 %inv_exp_sum" [firmware/nnet_utils/nnet_activation.h:270]   --->   Operation 76 'sext' 'sext_ln270' <Predicate = true> <Delay = 0.00>
ST_5 : Operation 77 [1/1] (0.00ns)   --->   "%zext_ln270 = zext i11 %exp_table_load" [firmware/nnet_utils/nnet_activation.h:270]   --->   Operation 77 'zext' 'zext_ln270' <Predicate = true> <Delay = 0.00>
ST_5 : Operation 78 [1/1] (2.03ns)   --->   "%mul_ln270 = mul i26 %sext_ln270, i26 %zext_ln270" [firmware/nnet_utils/nnet_activation.h:270]   --->   Operation 78 'mul' 'mul_ln270' <Predicate = true> <Delay = 2.03> <CoreInst = "Multiplier">   --->   Core 3 'Multiplier' <Latency = 0> <II = 1> <Delay = 2.03> <FuncUnit> <Opcode : 'mul'> <InPorts = 2> <OutPorts = 1>
ST_5 : Operation 79 [1/1] (0.00ns)   --->   "%trunc_ln1 = partselect i16 @_ssdm_op_PartSelect.i16.i26.i32.i32, i26 %mul_ln270, i32 10, i32 25" [firmware/nnet_utils/nnet_activation.h:270]   --->   Operation 79 'partselect' 'trunc_ln1' <Predicate = true> <Delay = 0.00>
ST_5 : Operation 80 [1/1] (0.00ns)   --->   "%zext_ln270_1 = zext i11 %exp_table_load_1" [firmware/nnet_utils/nnet_activation.h:270]   --->   Operation 80 'zext' 'zext_ln270_1' <Predicate = true> <Delay = 0.00>
ST_5 : Operation 81 [1/1] (2.03ns)   --->   "%mul_ln270_1 = mul i26 %sext_ln270, i26 %zext_ln270_1" [firmware/nnet_utils/nnet_activation.h:270]   --->   Operation 81 'mul' 'mul_ln270_1' <Predicate = true> <Delay = 2.03> <CoreInst = "Multiplier">   --->   Core 3 'Multiplier' <Latency = 0> <II = 1> <Delay = 2.03> <FuncUnit> <Opcode : 'mul'> <InPorts = 2> <OutPorts = 1>
ST_5 : Operation 82 [1/1] (0.00ns)   --->   "%trunc_ln270_1 = partselect i16 @_ssdm_op_PartSelect.i16.i26.i32.i32, i26 %mul_ln270_1, i32 10, i32 25" [firmware/nnet_utils/nnet_activation.h:270]   --->   Operation 82 'partselect' 'trunc_ln270_1' <Predicate = true> <Delay = 0.00>
ST_5 : Operation 83 [1/1] (0.00ns)   --->   "%zext_ln270_2 = zext i11 %exp_table_load_2" [firmware/nnet_utils/nnet_activation.h:270]   --->   Operation 83 'zext' 'zext_ln270_2' <Predicate = true> <Delay = 0.00>
ST_5 : Operation 84 [1/1] (2.03ns)   --->   "%mul_ln270_2 = mul i26 %sext_ln270, i26 %zext_ln270_2" [firmware/nnet_utils/nnet_activation.h:270]   --->   Operation 84 'mul' 'mul_ln270_2' <Predicate = true> <Delay = 2.03> <CoreInst = "Multiplier">   --->   Core 3 'Multiplier' <Latency = 0> <II = 1> <Delay = 2.03> <FuncUnit> <Opcode : 'mul'> <InPorts = 2> <OutPorts = 1>
ST_5 : Operation 85 [1/1] (0.00ns)   --->   "%trunc_ln270_2 = partselect i16 @_ssdm_op_PartSelect.i16.i26.i32.i32, i26 %mul_ln270_2, i32 10, i32 25" [firmware/nnet_utils/nnet_activation.h:270]   --->   Operation 85 'partselect' 'trunc_ln270_2' <Predicate = true> <Delay = 0.00>
ST_5 : Operation 86 [1/1] (0.00ns)   --->   "%zext_ln270_3 = zext i11 %exp_table_load_3" [firmware/nnet_utils/nnet_activation.h:270]   --->   Operation 86 'zext' 'zext_ln270_3' <Predicate = true> <Delay = 0.00>
ST_5 : Operation 87 [1/1] (2.03ns)   --->   "%mul_ln270_3 = mul i26 %sext_ln270, i26 %zext_ln270_3" [firmware/nnet_utils/nnet_activation.h:270]   --->   Operation 87 'mul' 'mul_ln270_3' <Predicate = true> <Delay = 2.03> <CoreInst = "Multiplier">   --->   Core 3 'Multiplier' <Latency = 0> <II = 1> <Delay = 2.03> <FuncUnit> <Opcode : 'mul'> <InPorts = 2> <OutPorts = 1>
ST_5 : Operation 88 [1/1] (0.00ns)   --->   "%trunc_ln270_3 = partselect i16 @_ssdm_op_PartSelect.i16.i26.i32.i32, i26 %mul_ln270_3, i32 10, i32 25" [firmware/nnet_utils/nnet_activation.h:270]   --->   Operation 88 'partselect' 'trunc_ln270_3' <Predicate = true> <Delay = 0.00>
ST_5 : Operation 89 [1/1] (0.00ns)   --->   "%zext_ln270_4 = zext i11 %exp_table_load_4" [firmware/nnet_utils/nnet_activation.h:270]   --->   Operation 89 'zext' 'zext_ln270_4' <Predicate = true> <Delay = 0.00>
ST_5 : Operation 90 [1/1] (2.03ns)   --->   "%mul_ln270_4 = mul i26 %sext_ln270, i26 %zext_ln270_4" [firmware/nnet_utils/nnet_activation.h:270]   --->   Operation 90 'mul' 'mul_ln270_4' <Predicate = true> <Delay = 2.03> <CoreInst = "Multiplier">   --->   Core 3 'Multiplier' <Latency = 0> <II = 1> <Delay = 2.03> <FuncUnit> <Opcode : 'mul'> <InPorts = 2> <OutPorts = 1>
ST_5 : Operation 91 [1/1] (0.00ns)   --->   "%trunc_ln270_4 = partselect i16 @_ssdm_op_PartSelect.i16.i26.i32.i32, i26 %mul_ln270_4, i32 10, i32 25" [firmware/nnet_utils/nnet_activation.h:270]   --->   Operation 91 'partselect' 'trunc_ln270_4' <Predicate = true> <Delay = 0.00>
ST_5 : Operation 92 [1/1] (0.00ns)   --->   "%mrv = insertvalue i80 <undef>, i16 %trunc_ln1" [firmware/nnet_utils/nnet_activation.h:272]   --->   Operation 92 'insertvalue' 'mrv' <Predicate = true> <Delay = 0.00>
ST_5 : Operation 93 [1/1] (0.00ns)   --->   "%mrv_1 = insertvalue i80 %mrv, i16 %trunc_ln270_1" [firmware/nnet_utils/nnet_activation.h:272]   --->   Operation 93 'insertvalue' 'mrv_1' <Predicate = true> <Delay = 0.00>
ST_5 : Operation 94 [1/1] (0.00ns)   --->   "%mrv_2 = insertvalue i80 %mrv_1, i16 %trunc_ln270_2" [firmware/nnet_utils/nnet_activation.h:272]   --->   Operation 94 'insertvalue' 'mrv_2' <Predicate = true> <Delay = 0.00>
ST_5 : Operation 95 [1/1] (0.00ns)   --->   "%mrv_3 = insertvalue i80 %mrv_2, i16 %trunc_ln270_3" [firmware/nnet_utils/nnet_activation.h:272]   --->   Operation 95 'insertvalue' 'mrv_3' <Predicate = true> <Delay = 0.00>
ST_5 : Operation 96 [1/1] (0.00ns)   --->   "%mrv_4 = insertvalue i80 %mrv_3, i16 %trunc_ln270_4" [firmware/nnet_utils/nnet_activation.h:272]   --->   Operation 96 'insertvalue' 'mrv_4' <Predicate = true> <Delay = 0.00>
ST_5 : Operation 97 [1/1] (0.00ns)   --->   "%ret_ln272 = ret i80 %mrv_4" [firmware/nnet_utils/nnet_activation.h:272]   --->   Operation 97 'ret' 'ret_ln272' <Predicate = true> <Delay = 0.00>


============================================================
+ Verbose Summary: Timing violations
============================================================
Target clock period: 5.000ns, clock uncertainty: 1.350ns.

 <State 1>: 3.134ns
The critical path consists of the following:
	wire read operation ('data_3_val_read', firmware/nnet_utils/nnet_common.h:66->firmware/nnet_utils/nnet_common.h:44->firmware/nnet_utils/nnet_common.h:46->firmware/nnet_utils/nnet_common.h:46->firmware/nnet_utils/nnet_activation.h:243) on port 'data_3_val' (firmware/nnet_utils/nnet_common.h:66->firmware/nnet_utils/nnet_common.h:44->firmware/nnet_utils/nnet_common.h:46->firmware/nnet_utils/nnet_common.h:46->firmware/nnet_utils/nnet_activation.h:243) [10]  (0.000 ns)
	'icmp' operation 1 bit ('icmp_ln66_1', firmware/nnet_utils/nnet_common.h:66->firmware/nnet_utils/nnet_common.h:44->firmware/nnet_utils/nnet_common.h:46->firmware/nnet_utils/nnet_common.h:46->firmware/nnet_utils/nnet_activation.h:243) [17]  (0.785 ns)
	'xor' operation 1 bit ('xor_ln66_1', firmware/nnet_utils/nnet_common.h:66->firmware/nnet_utils/nnet_common.h:44->firmware/nnet_utils/nnet_common.h:46->firmware/nnet_utils/nnet_common.h:46->firmware/nnet_utils/nnet_activation.h:243) [18]  (0.000 ns)
	'select' operation 16 bit ('select_ln66_1', firmware/nnet_utils/nnet_common.h:66->firmware/nnet_utils/nnet_common.h:44->firmware/nnet_utils/nnet_common.h:46->firmware/nnet_utils/nnet_common.h:46->firmware/nnet_utils/nnet_activation.h:243) [19]  (0.243 ns)
	'icmp' operation 1 bit ('icmp_ln66_2', firmware/nnet_utils/nnet_common.h:66->firmware/nnet_utils/nnet_common.h:46->firmware/nnet_utils/nnet_common.h:46->firmware/nnet_utils/nnet_activation.h:243) [20]  (0.785 ns)
	'xor' operation 1 bit ('xor_ln66_2', firmware/nnet_utils/nnet_common.h:66->firmware/nnet_utils/nnet_common.h:46->firmware/nnet_utils/nnet_common.h:46->firmware/nnet_utils/nnet_activation.h:243) [21]  (0.000 ns)
	'select' operation 16 bit ('select_ln66_2', firmware/nnet_utils/nnet_common.h:66->firmware/nnet_utils/nnet_common.h:46->firmware/nnet_utils/nnet_common.h:46->firmware/nnet_utils/nnet_activation.h:243) [22]  (0.243 ns)
	'icmp' operation 1 bit ('icmp_ln66_3', firmware/nnet_utils/nnet_common.h:66->firmware/nnet_utils/nnet_common.h:46->firmware/nnet_utils/nnet_activation.h:243) [23]  (0.785 ns)
	'xor' operation 1 bit ('xor_ln66_3', firmware/nnet_utils/nnet_common.h:66->firmware/nnet_utils/nnet_common.h:46->firmware/nnet_utils/nnet_activation.h:243) [24]  (0.000 ns)
	'select' operation 15 bit ('select_ln66_3', firmware/nnet_utils/nnet_common.h:66->firmware/nnet_utils/nnet_common.h:46->firmware/nnet_utils/nnet_activation.h:243) [27]  (0.292 ns)

 <State 2>: 1.952ns
The critical path consists of the following:
	'sub' operation 15 bit ('d_xi_xmax', firmware/nnet_utils/nnet_activation.h:248) [29]  (0.775 ns)
	'getelementptr' operation 10 bit ('exp_table_addr', firmware/nnet_utils/nnet_activation.h:258) [39]  (0.000 ns)
	'load' operation 11 bit ('exp_table_load', firmware/nnet_utils/nnet_activation.h:258) on array 'exp_table' [40]  (1.177 ns)

 <State 3>: 1.177ns
The critical path consists of the following:
	'load' operation 11 bit ('exp_table_load', firmware/nnet_utils/nnet_activation.h:258) on array 'exp_table' [40]  (1.177 ns)

 <State 4>: 2.702ns
The critical path consists of the following:
	'add' operation 12 bit ('add_ln51_2', firmware/nnet_utils/nnet_common.h:51->firmware/nnet_utils/nnet_common.h:46->firmware/nnet_utils/nnet_activation.h:264) [65]  (0.756 ns)
	'add' operation 13 bit ('add_ln51_3', firmware/nnet_utils/nnet_common.h:51->firmware/nnet_utils/nnet_common.h:46->firmware/nnet_utils/nnet_activation.h:264) [67]  (0.745 ns)
	'getelementptr' operation 10 bit ('invert_table_addr', firmware/nnet_utils/nnet_activation.h:267) [70]  (0.000 ns)
	'load' operation 18 bit ('inv_exp_sum', firmware/nnet_utils/nnet_activation.h:267) on array 'invert_table' [71]  (1.200 ns)

 <State 5>: 3.233ns
The critical path consists of the following:
	'load' operation 18 bit ('inv_exp_sum', firmware/nnet_utils/nnet_activation.h:267) on array 'invert_table' [71]  (1.200 ns)
	'mul' operation 26 bit ('mul_ln270', firmware/nnet_utils/nnet_activation.h:270) [74]  (2.033 ns)


============================================================
+ Verbose Summary: Binding
============================================================
N/A
* FSMD analyzer results:
  - Output states:
 - Input state : 
  - Chain level:
	State 1
	State 2
	State 3
	State 4
	State 5


============================================================
+ Verbose Summary: Datapath Resource usage 
============================================================
N/A
